###############################################################################
#
# IAR ELF Linker V7.30.1.7746/W32 for ARM                 27/May/2016  02:08:25
# Copyright 2007-2014 IAR Systems AB.
#
#    Output file  =  
#        D:\HargicStudio\Stm32f103c8_demo\f103c8_freeRTOS\Projects\STM32F103RB-Nucleo\Applications\FoodStuff\FreeRTOS_ThreadCreation\EWARM\STM32F103RB_Nucleo\Exe\Project.out
#    Map file     =  
#        D:\HargicStudio\Stm32f103c8_demo\f103c8_freeRTOS\Projects\STM32F103RB-Nucleo\Applications\FoodStuff\FreeRTOS_ThreadCreation\EWARM\STM32F103RB_Nucleo\List\Project.map
#    Command line =  
#        D:\HargicStudio\Stm32f103c8_demo\f103c8_freeRTOS\Projects\STM32F103RB-Nucleo\Applications\FoodStuff\FreeRTOS_ThreadCreation\EWARM\STM32F103RB_Nucleo\Obj\AaMem.o
#        D:\HargicStudio\Stm32f103c8_demo\f103c8_freeRTOS\Projects\STM32F103RB-Nucleo\Applications\FoodStuff\FreeRTOS_ThreadCreation\EWARM\STM32F103RB_Nucleo\Obj\AaSysLog.o
#        D:\HargicStudio\Stm32f103c8_demo\f103c8_freeRTOS\Projects\STM32F103RB-Nucleo\Applications\FoodStuff\FreeRTOS_ThreadCreation\EWARM\STM32F103RB_Nucleo\Obj\AaTag.o
#        D:\HargicStudio\Stm32f103c8_demo\f103c8_freeRTOS\Projects\STM32F103RB-Nucleo\Applications\FoodStuff\FreeRTOS_ThreadCreation\EWARM\STM32F103RB_Nucleo\Obj\AaThread.o
#        D:\HargicStudio\Stm32f103c8_demo\f103c8_freeRTOS\Projects\STM32F103RB-Nucleo\Applications\FoodStuff\FreeRTOS_ThreadCreation\EWARM\STM32F103RB_Nucleo\Obj\BipBuffer.o
#        D:\HargicStudio\Stm32f103c8_demo\f103c8_freeRTOS\Projects\STM32F103RB-Nucleo\Applications\FoodStuff\FreeRTOS_ThreadCreation\EWARM\STM32F103RB_Nucleo\Obj\CCSDeamon.o
#        D:\HargicStudio\Stm32f103c8_demo\f103c8_freeRTOS\Projects\STM32F103RB-Nucleo\Applications\FoodStuff\FreeRTOS_ThreadCreation\EWARM\STM32F103RB_Nucleo\Obj\cmsis_os.o
#        D:\HargicStudio\Stm32f103c8_demo\f103c8_freeRTOS\Projects\STM32F103RB-Nucleo\Applications\FoodStuff\FreeRTOS_ThreadCreation\EWARM\STM32F103RB_Nucleo\Obj\heap_4.o
#        D:\HargicStudio\Stm32f103c8_demo\f103c8_freeRTOS\Projects\STM32F103RB-Nucleo\Applications\FoodStuff\FreeRTOS_ThreadCreation\EWARM\STM32F103RB_Nucleo\Obj\led.o
#        D:\HargicStudio\Stm32f103c8_demo\f103c8_freeRTOS\Projects\STM32F103RB-Nucleo\Applications\FoodStuff\FreeRTOS_ThreadCreation\EWARM\STM32F103RB_Nucleo\Obj\list.o
#        D:\HargicStudio\Stm32f103c8_demo\f103c8_freeRTOS\Projects\STM32F103RB-Nucleo\Applications\FoodStuff\FreeRTOS_ThreadCreation\EWARM\STM32F103RB_Nucleo\Obj\main.o
#        D:\HargicStudio\Stm32f103c8_demo\f103c8_freeRTOS\Projects\STM32F103RB-Nucleo\Applications\FoodStuff\FreeRTOS_ThreadCreation\EWARM\STM32F103RB_Nucleo\Obj\port.o
#        D:\HargicStudio\Stm32f103c8_demo\f103c8_freeRTOS\Projects\STM32F103RB-Nucleo\Applications\FoodStuff\FreeRTOS_ThreadCreation\EWARM\STM32F103RB_Nucleo\Obj\portasm.o
#        D:\HargicStudio\Stm32f103c8_demo\f103c8_freeRTOS\Projects\STM32F103RB-Nucleo\Applications\FoodStuff\FreeRTOS_ThreadCreation\EWARM\STM32F103RB_Nucleo\Obj\print_com.o
#        D:\HargicStudio\Stm32f103c8_demo\f103c8_freeRTOS\Projects\STM32F103RB-Nucleo\Applications\FoodStuff\FreeRTOS_ThreadCreation\EWARM\STM32F103RB_Nucleo\Obj\queue.o
#        D:\HargicStudio\Stm32f103c8_demo\f103c8_freeRTOS\Projects\STM32F103RB-Nucleo\Applications\FoodStuff\FreeRTOS_ThreadCreation\EWARM\STM32F103RB_Nucleo\Obj\startup_stm32f103xb.o
#        D:\HargicStudio\Stm32f103c8_demo\f103c8_freeRTOS\Projects\STM32F103RB-Nucleo\Applications\FoodStuff\FreeRTOS_ThreadCreation\EWARM\STM32F103RB_Nucleo\Obj\stm32f1xx_hal.o
#        D:\HargicStudio\Stm32f103c8_demo\f103c8_freeRTOS\Projects\STM32F103RB-Nucleo\Applications\FoodStuff\FreeRTOS_ThreadCreation\EWARM\STM32F103RB_Nucleo\Obj\stm32f1xx_hal_cortex.o
#        D:\HargicStudio\Stm32f103c8_demo\f103c8_freeRTOS\Projects\STM32F103RB-Nucleo\Applications\FoodStuff\FreeRTOS_ThreadCreation\EWARM\STM32F103RB_Nucleo\Obj\stm32f1xx_hal_dma.o
#        D:\HargicStudio\Stm32f103c8_demo\f103c8_freeRTOS\Projects\STM32F103RB-Nucleo\Applications\FoodStuff\FreeRTOS_ThreadCreation\EWARM\STM32F103RB_Nucleo\Obj\stm32f1xx_hal_gpio.o
#        D:\HargicStudio\Stm32f103c8_demo\f103c8_freeRTOS\Projects\STM32F103RB-Nucleo\Applications\FoodStuff\FreeRTOS_ThreadCreation\EWARM\STM32F103RB_Nucleo\Obj\stm32f1xx_hal_rcc.o
#        D:\HargicStudio\Stm32f103c8_demo\f103c8_freeRTOS\Projects\STM32F103RB-Nucleo\Applications\FoodStuff\FreeRTOS_ThreadCreation\EWARM\STM32F103RB_Nucleo\Obj\stm32f1xx_hal_rcc_ex.o
#        D:\HargicStudio\Stm32f103c8_demo\f103c8_freeRTOS\Projects\STM32F103RB-Nucleo\Applications\FoodStuff\FreeRTOS_ThreadCreation\EWARM\STM32F103RB_Nucleo\Obj\stm32f1xx_hal_uart.o
#        D:\HargicStudio\Stm32f103c8_demo\f103c8_freeRTOS\Projects\STM32F103RB-Nucleo\Applications\FoodStuff\FreeRTOS_ThreadCreation\EWARM\STM32F103RB_Nucleo\Obj\stm32f1xx_it.o
#        D:\HargicStudio\Stm32f103c8_demo\f103c8_freeRTOS\Projects\STM32F103RB-Nucleo\Applications\FoodStuff\FreeRTOS_ThreadCreation\EWARM\STM32F103RB_Nucleo\Obj\stm32f1xx_nucleo.o
#        D:\HargicStudio\Stm32f103c8_demo\f103c8_freeRTOS\Projects\STM32F103RB-Nucleo\Applications\FoodStuff\FreeRTOS_ThreadCreation\EWARM\STM32F103RB_Nucleo\Obj\system_stm32f1xx.o
#        D:\HargicStudio\Stm32f103c8_demo\f103c8_freeRTOS\Projects\STM32F103RB-Nucleo\Applications\FoodStuff\FreeRTOS_ThreadCreation\EWARM\STM32F103RB_Nucleo\Obj\tasks.o
#        D:\HargicStudio\Stm32f103c8_demo\f103c8_freeRTOS\Projects\STM32F103RB-Nucleo\Applications\FoodStuff\FreeRTOS_ThreadCreation\EWARM\STM32F103RB_Nucleo\Obj\timers.o
#        --redirect _Printf=_PrintfFull --redirect _Scanf=_ScanfFull -o
#        D:\HargicStudio\Stm32f103c8_demo\f103c8_freeRTOS\Projects\STM32F103RB-Nucleo\Applications\FoodStuff\FreeRTOS_ThreadCreation\EWARM\STM32F103RB_Nucleo\Exe\Project.out
#        --map
#        D:\HargicStudio\Stm32f103c8_demo\f103c8_freeRTOS\Projects\STM32F103RB-Nucleo\Applications\FoodStuff\FreeRTOS_ThreadCreation\EWARM\STM32F103RB_Nucleo\List\Project.map
#        --config
#        D:\HargicStudio\Stm32f103c8_demo\f103c8_freeRTOS\Projects\STM32F103RB-Nucleo\Applications\FoodStuff\FreeRTOS_ThreadCreation\EWARM\stm32f103xb_flash.icf
#        --semihosting --entry __iar_program_start --vfe
#
###############################################################################

*******************************************************************************
*** RUNTIME MODEL ATTRIBUTES
***

CppFlavor                     = *
__Heap_Handler                = Basic
__SystemLibrary               = DLib
__dlib_dynamic_initialization = normal


*******************************************************************************
*** PLACEMENT SUMMARY
***

"A1":  place at 0x08000000 { ro section .intvec };
"P1":  place in [from 0x08000000 to 0x0801ffff] { ro };
"P2":  place in [from 0x20000000 to 0x20004fff] { rw, block CSTACK, block HEAP };

  Section             Kind        Address    Size  Object
  -------             ----        -------    ----  ------
"A1":                                        0xec
  .intvec             ro code  0x08000000    0xec  startup_stm32f103xb.o [1]
                             - 0x080000ec    0xec

"P1":                                      0x7738
  .text               ro code  0x080000ec  0x1150  xprintffull.o [3]
  .text               ro code  0x0800123c    0x20  xmbtowc.o [3]
  .text               ro code  0x0800125c    0x16  strchr.o [5]
  .text               ro code  0x08001272    0x22  zero_init3.o [5]
  .text               ro code  0x08001294    0x36  strlen.o [5]
  .text               ro code  0x080012ca     0xa  xsprout.o [3]
  .text               ro code  0x080012d4    0x58  memchr.o [5]
  .text               ro code  0x0800132c     0xa  xmbcurmax.o [3]
  .rodata             const    0x08001336     0x2  stm32f1xx_hal_rcc.o [1]
  .text               ro code  0x08001338    0xb0  xxmemxmalloc.o [3]
  .text               ro code  0x080013e8    0x1a  xwctomb.o [3]
  .text               ro code  0x08001404    0x76  ABImemcpy_unaligned.o [5]
  .text               ro code  0x0800147c    0x80  xxmemxfree.o [3]
  .text               ro code  0x080014fc    0xee  I64DivMod.o [5]
  .text               ro code  0x080015ea    0x42  xdnorm.o [4]
  .text               ro code  0x0800162c    0x2e  DblCmpLe.o [4]
  .text               ro code  0x0800165c    0x2e  DblCmpGe.o [4]
  .text               ro code  0x0800168c   0x10c  xdscale.o [4]
  .text               ro code  0x08001798    0x58  DblToI32.o [4]
  .text               ro code  0x080017f0    0x30  I32ToDbl.o [4]
  .text               ro code  0x08001820   0x180  DblSub.o [4]
  .text               ro code  0x080019a0   0x1a2  DblMul.o [4]
  .text               ro code  0x08001b44   0x246  DblDiv.o [4]
  .text               ro code  0x08001d8c    0x6c  localeconv.o [3]
  .text               ro code  0x08001df8     0xe  div.o [3]
  .text               ro code  0x08001e08    0x14  setlocale.o [3]
  .text               ro code  0x08001e1c    0x60  xencoding_sb.o [3]
  .text               ro code  0x08001e7c    0x2c  xgetmemchunk.o [3]
  .text               ro code  0x08001ea8     0x2  I64DivZer.o [5]
  .text               ro code  0x08001eac    0xd4  DblAdd.o [4]
  .text               ro code  0x08001f80     0x2  xtls.o [3]
  .text               ro code  0x08001f84   0xc64  stm32f1xx_hal_rcc.o [1]
  .text               ro code  0x08002be8    0x7c  stm32f1xx_hal.o [1]
  .text               ro code  0x08002c64   0x124  stm32f1xx_hal_cortex.o [1]
  .text               ro code  0x08002d88   0xc64  tasks.o [1]
  CODE                ro code  0x080039ec    0x94  portasm.o [1]
  .text               ro code  0x08003a80   0x1c4  port.o [1]
  .text               ro code  0x08003c44    0x98  list.o [1]
  .text               ro code  0x08003cdc   0x228  heap_4.o [1]
  .text               ro code  0x08003f04    0x66  ABImemset.o [5]
  .text               ro code  0x08003f6c   0x702  queue.o [1]
  .text               ro code  0x08004670   0x6ac  stm32f1xx_hal_uart.o [1]
  .text               ro code  0x08004d1c   0x1e8  print_com.o [1]
  .text               ro code  0x08004f04   0x3b6  stm32f1xx_hal_dma.o [1]
  .text               ro code  0x080052bc   0x214  stm32f1xx_hal_gpio.o [1]
  .text               ro code  0x080054d0   0x5b8  AaSysLog.o [1]
  .text               ro code  0x08005a88   0x430  cmsis_os.o [1]
  .text               ro code  0x08005eb8   0x15e  BipBuffer.o [1]
  .text               ro code  0x08006018   0x438  AaMem.o [1]
  .text               ro code  0x08006450   0x13a  AaThread.o [1]
  .text               ro code  0x0800658c    0x24  printf.o [3]
  .text               ro code  0x080065b0    0x18  vprintf.o [3]
  .text               ro code  0x080065c8    0x34  sprintf.o [3]
  .text               ro code  0x080065fc    0x2c  vsprintf.o [3]
  .text               ro code  0x08006628    0x44  strcpy_unaligned.o [5]
  .text               ro code  0x0800666c   0x36c  AaTag.o [1]
  .text               ro code  0x080069d8    0x42  strcmp_unaligned.o [5]
  .text               ro code  0x08006a1c   0x13c  CCSDeamon.o [1]
  .text               ro code  0x08006b58   0x128  led.o [1]
  .text               ro code  0x08006c80     0x6  ABImemclr4.o [5]
  .text               ro code  0x08006c88    0x32  ABImemset48.o [5]
  .text               ro code  0x08006cba    0xd2  packbits_init.o [5]
  .text               ro code  0x08006d8c     0x6  abort.o [3]
  .text               ro code  0x08006d94    0x14  exit.o [6]
  .text               ro code  0x08006da8    0x82  main.o [1]
  .text               ro code  0x08006e2c    0x68  system_stm32f1xx.o [1]
  .text               ro code  0x08006e94    0x40  stm32f1xx_it.o [1]
  .rodata             const    0x08006ed4    0x3c  AaMem.o [1]
  .rodata             const    0x08006f10    0x30  AaSysLog.o [1]
  .rodata             const    0x08006f40    0x2c  AaMem.o [1]
  .rodata             const    0x08006f6c    0x2c  AaSysLog.o [1]
  .rodata             const    0x08006f98    0x2c  led.o [1]
  .rodata             const    0x08006fc4    0x28  AaSysLog.o [1]
  .rodata             const    0x08006fec    0x28  AaSysLog.o [1]
  .rodata             const    0x08007014    0x28  AaSysLog.o [1]
  .rodata             const    0x0800703c    0x28  AaTag.o [1]
  .rodata             const    0x08007064    0x28  AaTag.o [1]
  .rodata             const    0x0800708c    0x28  AaTag.o [1]
  .rodata             const    0x080070b4    0x28  AaThread.o [1]
  .text               ro code  0x080070dc    0x28  data_init.o [5]
  .rodata             const    0x08007104    0x24  AaMem.o [1]
  .rodata             const    0x08007128    0x24  AaSysLog.o [1]
  .rodata             const    0x0800714c    0x24  AaTag.o [1]
  .rodata             const    0x08007170    0x24  CCSDeamon.o [1]
  .iar.init_table     const    0x08007194    0x2c  - Linker created -
  .rodata             const    0x080071c0    0x20  AaMem.o [1]
  .rodata             const    0x080071e0    0x20  AaMem.o [1]
  .rodata             const    0x08007200    0x20  AaMem.o [1]
  .rodata             const    0x08007220    0x20  AaSysLog.o [1]
  .rodata             const    0x08007240    0x20  AaSysLog.o [1]
  .rodata             const    0x08007260    0x20  AaSysLog.o [1]
  .rodata             const    0x08007280    0x20  AaSysLog.o [1]
  .rodata             const    0x080072a0    0x20  AaTag.o [1]
  .rodata             const    0x080072c0    0x20  AaThread.o [1]
  .rodata             const    0x080072e0    0x20  led.o [1]
  .rodata             const    0x08007300    0x1c  AaSysLog.o [1]
  .rodata             const    0x0800731c    0x1c  AaTag.o [1]
  .rodata             const    0x08007338    0x1c  AaTag.o [1]
  .rodata             const    0x08007354    0x1c  AaTag.o [1]
  .rodata             const    0x08007370    0x1c  AaTag.o [1]
  .rodata             const    0x0800738c    0x1c  AaTag.o [1]
  .rodata             const    0x080073a8    0x1c  CCSDeamon.o [1]
  .rodata             const    0x080073c4    0x1c  CCSDeamon.o [1]
  .rodata             const    0x080073e0    0x1c  led.o [1]
  .text               ro code  0x080073fc    0x1a  cmain.o [5]
  .text               ro code  0x08007416     0x4  low_level_init.o [3]
  .text               ro code  0x0800741a     0x4  exit.o [3]
  .text               ro code  0x08007420     0xa  cexit.o [5]
  .rodata             const    0x0800742c    0x18  AaSysLog.o [1]
  .rodata             const    0x08007444    0x18  AaSysLog.o [1]
  .rodata             const    0x0800745c    0x18  AaSysLog.o [1]
  .rodata             const    0x08007474    0x18  AaTag.o [1]
  .rodata             const    0x0800748c    0x18  AaTag.o [1]
  .rodata             const    0x080074a4    0x18  CCSDeamon.o [1]
  .rodata             const    0x080074bc    0x18  CCSDeamon.o [1]
  .rodata             const    0x080074d4    0x18  led.o [1]
  .text               ro code  0x080074ec    0x16  xprout.o [3]
  .text               ro code  0x08007504     0xc  putchar.o [3]
  .rodata             const    0x08007510    0x14  AaMem.o [1]
  .rodata             const    0x08007524    0x14  AaMem.o [1]
  .rodata             const    0x08007538    0x14  AaSysLog.o [1]
  .rodata             const    0x0800754c    0x14  AaSysLog.o [1]
  .rodata             const    0x08007560    0x14  AaTag.o [1]
  .rodata             const    0x08007574    0x14  AaTag.o [1]
  .rodata             const    0x08007588    0x14  AaTag.o [1]
  .rodata             const    0x0800759c    0x14  AaTag.o [1]
  .rodata             const    0x080075b0    0x14  CCSDeamon.o [1]
  .rodata             const    0x080075c4    0x14  led.o [1]
  .rodata             const    0x080075d8    0x10  AaMem.o [1]
  .rodata             const    0x080075e8    0x10  AaSysLog.o [1]
  .rodata             const    0x080075f8    0x10  AaSysLog.o [1]
  .rodata             const    0x08007608    0x10  AaThread.o [1]
  .rodata             const    0x08007618    0x10  CCSDeamon.o [1]
  .rodata             const    0x08007628    0x10  led.o [1]
  .rodata             const    0x08007638    0x10  stm32f1xx_hal_rcc.o [1]
  .rodata             const    0x08007648    0x10  stm32f1xx_hal_rcc.o [1]
  .text               ro code  0x08007658    0x10  startup_stm32f103xb.o [1]
  .rodata             const    0x08007668     0xc  AaMem.o [1]
  .rodata             const    0x08007674     0xc  AaTag.o [1]
  .rodata             const    0x08007680     0xc  AaTag.o [1]
  .rodata             const    0x0800768c     0xc  CCSDeamon.o [1]
  .rodata             const    0x08007698     0xc  CCSDeamon.o [1]
  .text               ro code  0x080076a4     0xc  cstartup_M.o [5]
  .rodata             const    0x080076b0     0x8  AaMem.o [1]
  .rodata             const    0x080076b8     0x8  AaSysLog.o [1]
  .rodata             const    0x080076c0     0x8  AaSysLog.o [1]
  .rodata             const    0x080076c8     0x8  AaSysLog.o [1]
  .rodata             const    0x080076d0     0x8  AaSysLog.o [1]
  .rodata             const    0x080076d8     0x8  AaSysLog.o [1]
  .rodata             const    0x080076e0     0x8  AaSysLog.o [1]
  .rodata             const    0x080076e8     0x8  AaSysLog.o [1]
  .rodata             const    0x080076f0     0x8  AaTag.o [1]
  .rodata             const    0x080076f8     0x8  AaTag.o [1]
  .rodata             const    0x08007700     0x8  AaThread.o [1]
  .rodata             const    0x08007708     0x8  CCSDeamon.o [1]
  .rodata             const    0x08007710     0x8  CCSDeamon.o [1]
  .rodata             const    0x08007718     0x8  led.o [1]
  .rodata             const    0x08007720     0x8  led.o [1]
  .rodata             const    0x08007728     0x8  tasks.o [1]
  .rodata             const    0x08007730     0x4  AaMem.o [1]
  .rodata             const    0x08007734     0x4  AaSysLog.o [1]
  .rodata             const    0x08007738     0x4  AaSysLog.o [1]
  .rodata             const    0x0800773c     0x4  AaTag.o [1]
  .rodata             const    0x08007740     0x4  AaThread.o [1]
  .rodata             const    0x08007744     0x4  heap_4.o [1]
  .rodata             const    0x08007748     0x4  port.o [1]
  .text               ro code  0x0800774c     0x4  startup_stm32f103xb.o [1]
  .text               ro code  0x08007750     0x4  startup_stm32f103xb.o [1]
  .text               ro code  0x08007754     0x4  startup_stm32f103xb.o [1]
  .text               ro code  0x08007758     0x4  startup_stm32f103xb.o [1]
  .text               ro code  0x0800775c     0x4  startup_stm32f103xb.o [1]
  .text               ro code  0x08007760     0x4  startup_stm32f103xb.o [1]
  .text               ro code  0x08007764     0x4  startup_stm32f103xb.o [1]
  .text               ro code  0x08007768     0x4  startup_stm32f103xb.o [1]
  .text               ro code  0x0800776c     0x4  startup_stm32f103xb.o [1]
  .text               ro code  0x08007770     0x4  startup_stm32f103xb.o [1]
  .text               ro code  0x08007774     0x4  startup_stm32f103xb.o [1]
  .text               ro code  0x08007778     0x4  startup_stm32f103xb.o [1]
  .text               ro code  0x0800777c     0x4  startup_stm32f103xb.o [1]
  .text               ro code  0x08007780     0x4  startup_stm32f103xb.o [1]
  .text               ro code  0x08007784     0x4  startup_stm32f103xb.o [1]
  .text               ro code  0x08007788     0x4  startup_stm32f103xb.o [1]
  .text               ro code  0x0800778c     0x4  startup_stm32f103xb.o [1]
  .text               ro code  0x08007790     0x4  startup_stm32f103xb.o [1]
  .text               ro code  0x08007794     0x4  startup_stm32f103xb.o [1]
  .text               ro code  0x08007798     0x4  startup_stm32f103xb.o [1]
  .text               ro code  0x0800779c     0x4  startup_stm32f103xb.o [1]
  .text               ro code  0x080077a0     0x4  startup_stm32f103xb.o [1]
  .text               ro code  0x080077a4     0x4  startup_stm32f103xb.o [1]
  .text               ro code  0x080077a8     0x4  startup_stm32f103xb.o [1]
  .text               ro code  0x080077ac     0x4  startup_stm32f103xb.o [1]
  .text               ro code  0x080077b0     0x4  startup_stm32f103xb.o [1]
  .text               ro code  0x080077b4     0x4  startup_stm32f103xb.o [1]
  .text               ro code  0x080077b8     0x4  startup_stm32f103xb.o [1]
  .text               ro code  0x080077bc     0x4  startup_stm32f103xb.o [1]
  .text               ro code  0x080077c0     0x4  startup_stm32f103xb.o [1]
  .text               ro code  0x080077c4     0x4  startup_stm32f103xb.o [1]
  .text               ro code  0x080077c8     0x4  startup_stm32f103xb.o [1]
  .text               ro code  0x080077cc     0x4  startup_stm32f103xb.o [1]
  .text               ro code  0x080077d0     0x4  startup_stm32f103xb.o [1]
  .text               ro code  0x080077d4     0x4  startup_stm32f103xb.o [1]
  .text               ro code  0x080077d8     0x4  startup_stm32f103xb.o [1]
  .text               ro code  0x080077dc     0x4  startup_stm32f103xb.o [1]
  .text               ro code  0x080077e0     0x4  startup_stm32f103xb.o [1]
  .text               ro code  0x080077e4     0x4  startup_stm32f103xb.o [1]
  .text               ro code  0x080077e8     0x4  startup_stm32f103xb.o [1]
  .rodata             const    0x080077ec     0x0  zero_init3.o [5]
  .rodata             const    0x080077ec     0x0  packbits_init.o [5]
  Initializer bytes   ro data  0x080077ec    0x38  <for P2 s0>
                             - 0x08007824  0x7738

"P2":                                      0x33f0
  P2 s0                        0x20000000   0x148  <Init block>
    __DLIB_PERTHREAD  inited   0x20000000    0x88  localeconv.o [3]
    __DLIB_PERTHREAD  inited   0x20000088    0x74  setlocale.o [3]
    .data             inited   0x200000fc    0x40  xfiles.o [3]
    .data             inited   0x2000013c     0x4  port.o [1]
    .data             inited   0x20000140     0x4  system_stm32f1xx.o [1]
    .data             inited   0x20000144     0x4  tasks.o [1]
  .bss                zero     0x20000148  0x1800  heap_4.o [1]
  .bss                zero     0x20001948  0x1000  CCSDeamon.o [1]
  .bss                zero     0x20002948    0x8c  tasks.o [1]
  .bss                zero     0x200029d4    0x50  xfiles.o [3]
  .bss                zero     0x20002a24    0x40  print_com.o [1]
  .bss                zero     0x20002a64    0x38  print_com.o [1]
  .bss                zero     0x20002a9c    0x38  print_com.o [1]
  .bss                zero     0x20002ad4    0x14  tasks.o [1]
  .bss                zero     0x20002ae8    0x14  tasks.o [1]
  .bss                zero     0x20002afc    0x14  tasks.o [1]
  .bss                zero     0x20002b10    0x14  tasks.o [1]
  .bss                zero     0x20002b24    0x14  tasks.o [1]
  .bss                zero     0x20002b38     0x8  AaSysLog.o [1]
  .bss                zero     0x20002b40     0x8  heap_4.o [1]
  .bss                zero     0x20002b48     0x8  xxmemxmalloc.o [3]
  .bss                zero     0x20002b50     0x4  AaMem.o [1]
  .bss                zero     0x20002b54     0x4  AaMem.o [1]
  .bss                zero     0x20002b58     0x4  AaMem.o [1]
  .bss                zero     0x20002b5c     0x4  AaMem.o [1]
  .bss                zero     0x20002b60     0x4  AaMem.o [1]
  .bss                zero     0x20002b64     0x4  AaMem.o [1]
  .bss                zero     0x20002b68     0x4  AaMem.o [1]
  .bss                zero     0x20002b6c     0x4  AaSysLog.o [1]
  .bss                zero     0x20002b70     0x4  AaSysLog.o [1]
  .bss                zero     0x20002b74     0x4  AaSysLog.o [1]
  .bss                zero     0x20002b78     0x4  AaSysLog.o [1]
  .bss                zero     0x20002b7c     0x4  AaTag.o [1]
  .bss                zero     0x20002b80     0x4  AaTag.o [1]
  .bss                zero     0x20002b84     0x4  AaTag.o [1]
  .bss                zero     0x20002b88     0x4  AaTag.o [1]
  .bss                zero     0x20002b8c     0x4  AaThread.o [1]
  .bss                zero     0x20002b90     0x4  AaThread.o [1]
  .bss                zero     0x20002b94     0x4  CCSDeamon.o [1]
  .bss                zero     0x20002b98     0x4  heap_4.o [1]
  .bss                zero     0x20002b9c     0x4  heap_4.o [1]
  .bss                zero     0x20002ba0     0x4  heap_4.o [1]
  .bss                zero     0x20002ba4     0x4  heap_4.o [1]
  .bss                zero     0x20002ba8     0x4  led.o [1]
  .bss                zero     0x20002bac     0x4  port.o [1]
  .bss                zero     0x20002bb0     0x4  stm32f1xx_hal.o [1]
  .bss                zero     0x20002bb4     0x4  tasks.o [1]
  .bss                zero     0x20002bb8     0x4  tasks.o [1]
  .bss                zero     0x20002bbc     0x4  tasks.o [1]
  .bss                zero     0x20002bc0     0x4  tasks.o [1]
  .bss                zero     0x20002bc4     0x4  tasks.o [1]
  .bss                zero     0x20002bc8     0x4  tasks.o [1]
  .bss                zero     0x20002bcc     0x4  tasks.o [1]
  .bss                zero     0x20002bd0     0x4  tasks.o [1]
  .bss                zero     0x20002bd4     0x4  tasks.o [1]
  .bss                zero     0x20002bd8     0x4  tasks.o [1]
  .bss                zero     0x20002bdc     0x4  tasks.o [1]
  .bss                zero     0x20002be0     0x4  tasks.o [1]
  .bss                zero     0x20002be4     0x4  tasks.o [1]
  .bss                zero     0x20002be8     0x4  xgetmemchunk.o [3]
  .bss                zero     0x20002bec     0x1  AaSysLog.o [1]
  .bss                zero     0x20002bed     0x1  AaSysLog.o [1]
  .bss                zero     0x20002bee     0x1  port.o [1]
  CSTACK                       0x20002bf0   0x400  <Block>
    CSTACK            uninit   0x20002bf0   0x400  <Block tail>
  HEAP                         0x20002ff0   0x400  <Block>
    HEAP              uninit   0x20002ff0   0x400  <Block tail>
                             - 0x200033f0  0x33f0


*******************************************************************************
*** INIT TABLE
***

          Address     Size
          -------     ----
Zero (__iar_zero_init3)
    1 destination range, total size 0x2aa7:
          0x20000148  0x2aa7

Copy/packbits (__iar_packbits_init3)
    1 source range, total size 0x38 (17% of destination):
          0x080077ec    0x38
    1 destination range, total size 0x148:
          0x20000000   0x148



*******************************************************************************
*** MODULE SUMMARY
***

    Module                  ro code  ro data  rw data
    ------                  -------  -------  -------
D:\HargicStudio\Stm32f103c8_demo\f103c8_freeRTOS\Projects\STM32F103RB-Nucleo\Applications\FoodStuff\FreeRTOS_ThreadCreation\EWARM\STM32F103RB_Nucleo\Obj: [1]
    AaMem.o                   1 080      316       28
    AaSysLog.o                1 464      612       26
    AaTag.o                     876      500       16
    AaThread.o                  314      100        8
    BipBuffer.o                 350
    CCSDeamon.o                 316      216    4 100
    cmsis_os.o                1 072
    heap_4.o                    552        4    6 168
    led.o                       296      180        4
    list.o                      152
    main.o                      130
    port.o                      452        5        9
    portasm.o                   148
    print_com.o                 488               176
    queue.o                   1 794
    startup_stm32f103xb.o       412
    stm32f1xx_hal.o             124                 4
    stm32f1xx_hal_cortex.o      292
    stm32f1xx_hal_dma.o         950
    stm32f1xx_hal_gpio.o        532
    stm32f1xx_hal_rcc.o       3 172       34
    stm32f1xx_hal_uart.o      1 708
    stm32f1xx_it.o               64
    system_stm32f1xx.o          104        1        4
    tasks.o                   3 172        9      296
    -------------------------------------------------
    Total:                   20 014    1 977   10 839

command line: [2]
    -------------------------------------------------
    Total:

dl7M_tlf.a: [3]
    abort.o                       6
    div.o                        14
    exit.o                        4
    localeconv.o                108       23      136
    low_level_init.o              4
    printf.o                     36
    putchar.o                    12
    setlocale.o                  20       20      116
    sprintf.o                    52
    vprintf.o                    24
    vsprintf.o                   44
    xencoding_sb.o               96
    xfiles.o                              10      144
    xgetmemchunk.o               44                 4
    xmbcurmax.o                  10
    xmbtowc.o                    32
    xprintffull.o             4 432
    xprout.o                     22
    xsprout.o                    10
    xtls.o                        2
    xwctomb.o                    26
    xxmemxfree.o                128
    xxmemxmalloc.o              176                 8
    -------------------------------------------------
    Total:                    5 302       53      408

m7M_tl.a: [4]
    DblAdd.o                    212
    DblCmpGe.o                   46
    DblCmpLe.o                   46
    DblDiv.o                    582
    DblMul.o                    418
    DblSub.o                    384
    DblToI32.o                   88
    I32ToDbl.o                   48
    xdnorm.o                     66
    xdscale.o                   268
    -------------------------------------------------
    Total:                    2 158

rt7M_tl.a: [5]
    ABImemclr4.o                  6
    ABImemcpy_unaligned.o       118
    ABImemset.o                 102
    ABImemset48.o                50
    I64DivMod.o                 238
    I64DivZer.o                   2
    cexit.o                      10
    cmain.o                      26
    cstartup_M.o                 12
    data_init.o                  40
    memchr.o                     88
    packbits_init.o             210
    strchr.o                     22
    strcmp_unaligned.o           66
    strcpy_unaligned.o           68
    strlen.o                     54
    zero_init3.o                 34
    -------------------------------------------------
    Total:                    1 146

shb_l.a: [6]
    exit.o                       20
    -------------------------------------------------
    Total:                       20

    Gaps                         40        2
    Linker created                        44    2 048
-----------------------------------------------------
    Grand Total:             28 680    2 076   13 295


*******************************************************************************
*** ENTRY LIST
***

Entry                      Address    Size  Type      Object
-----                      -------    ----  ----      ------
?main                   0x080073fd          Code  Gb  cmain.o [5]
AaMemHeapCEInit         0x08006019    0xfa  Code  Gb  AaMem.o [1]
AaMemList               0x08006389    0x74  Code  Gb  AaMem.o [1]
AaMemMalloc             0x08006113   0x276  Code  Gb  AaMem.o [1]
AaSysLogCEInit          0x08005565   0x156  Code  Gb  AaSysLog.o [1]
AaSysLogCreateDeamon    0x080056bb    0x6a  Code  Gb  AaSysLog.o [1]
AaSysLogDeamonThread    0x080054d1    0x7a  Code  Lc  AaSysLog.o [1]
AaSysLogGetBipRegister  0x0800554b     0xa  Code  Gb  AaSysLog.o [1]
AaSysLogPrintByDefault  0x08005759    0x50  Code  Lc  AaSysLog.o [1]
AaSysLogPrintByRunning  0x080058d1   0x130  Code  Lc  AaSysLog.o [1]
AaSysLogPrintByStartup  0x080057a9   0x128  Code  Lc  AaSysLog.o [1]
AaSysLogProcessPrintDefault
                        0x08005725     0xe  Code  Gb  AaSysLog.o [1]
AaSysLogProcessPrintRegister
                        0x0800574f     0x8  Code  Lc  AaSysLog.o [1]
AaSysLogProcessPrintRunning
                        0x08005741     0xe  Code  Gb  AaSysLog.o [1]
AaSysLogProcessPrintStartup
                        0x08005733     0xe  Code  Gb  AaSysLog.o [1]
AaSysLogSendCplt        0x08005555    0x10  Code  Gb  AaSysLog.o [1]
AaTagCEInit             0x080066c9    0xb2  Code  Gb  AaTag.o [1]
AaTagCreate             0x080067d7    0x9e  Code  Gb  AaTag.o [1]
AaTagCreateDeamon       0x0800677b    0x5c  Code  Gb  AaTag.o [1]
AaTagDeamonThread       0x0800666d    0x5c  Code  Lc  AaTag.o [1]
AaTagFindMngPtr         0x08006943    0x30  Code  Lc  AaTag.o [1]
AaTagRegister           0x08006875    0x74  Code  Gb  AaTag.o [1]
AaTagSetValue           0x080068e9    0x5a  Code  Gb  AaTag.o [1]
AaThreadCEInit          0x08006451    0x4c  Code  Gb  AaThread.o [1]
AaThreadCreateStartup   0x0800649d    0x96  Code  Gb  AaThread.o [1]
AaThreadFindMngPtr      0x08006533    0x24  Code  Lc  AaThread.o [1]
AaThreadGetName         0x08006579    0x12  Code  Gb  AaThread.o [1]
BusFault_Handler        0x08006e9b     0x2  Code  Gb  stm32f1xx_it.o [1]
CBipBuffer_Commit       0x08005f77    0x5a  Code  Gb  BipBuffer.o [1]
CBipBuffer_Construct    0x08005eb9    0x26  Code  Gb  BipBuffer.o [1]
CBipBuffer_Decommit     0x08005feb    0x2c  Code  Gb  BipBuffer.o [1]
CBipBuffer_Get          0x08005fd1    0x1a  Code  Gb  BipBuffer.o [1]
CBipBuffer_Reserve      0x08005edf    0x98  Code  Gb  BipBuffer.o [1]
CCSDeamonCEInit         0x08006a1d    0x54  Code  Gb  CCSDeamon.o [1]
CCSDeamonCreateThread   0x08006a71    0x5a  Code  Lc  CCSDeamon.o [1]
CCSDeamonThread         0x08006acb    0x52  Code  Lc  CCSDeamon.o [1]
CSTACK$$Base            0x20002bf0           --   Gb  - Linker created -
CSTACK$$Limit           0x20002ff0           --   Gb  - Linker created -
DMA1_Channel4_IRQHandler
                        0x08006eb9     0xc  Code  Gb  stm32f1xx_it.o [1]
DMA1_Channel5_IRQHandler
                        0x08006ead     0xc  Code  Gb  stm32f1xx_it.o [1]
DMA_SetConfig           0x08005299    0x22  Code  Lc  stm32f1xx_hal_dma.o [1]
DebugMon_Handler        0x08006e9f     0x2  Code  Gb  stm32f1xx_it.o [1]
GetBipAndSendByDMA      0x08004d57    0x10  Code  Gb  print_com.o [1]
GetBipAndSendByPolling  0x08004d67    0x14  Code  Gb  print_com.o [1]
GetCCSOnlineTag         0x08006c39    0x1a  Code  Lc  led.o [1]
HAL_DMA_IRQHandler      0x08004fbb   0x2bc  Code  Gb  stm32f1xx_hal_dma.o [1]
HAL_DMA_Init            0x08004f05    0x54  Code  Gb  stm32f1xx_hal_dma.o [1]
HAL_DMA_Start_IT        0x08004f59    0x62  Code  Gb  stm32f1xx_hal_dma.o [1]
HAL_Delay               0x08002c43    0x1a  Code  Wk  stm32f1xx_hal.o [1]
HAL_GPIO_Init           0x080052bd   0x1b6  Code  Gb  stm32f1xx_hal_gpio.o [1]
HAL_GPIO_TogglePin      0x08005487     0xa  Code  Gb  stm32f1xx_hal_gpio.o [1]
HAL_GPIO_WritePin       0x08005473    0x14  Code  Gb  stm32f1xx_hal_gpio.o [1]
HAL_GetTick             0x08002c3d     0x6  Code  Wk  stm32f1xx_hal.o [1]
HAL_IncTick             0x08002c31     0xc  Code  Wk  stm32f1xx_hal.o [1]
HAL_Init                0x08002be9    0x22  Code  Gb  stm32f1xx_hal.o [1]
HAL_InitTick            0x08002c0d    0x24  Code  Wk  stm32f1xx_hal.o [1]
HAL_MspInit             0x08002c0b     0x2  Code  Wk  stm32f1xx_hal.o [1]
HAL_NVIC_EnableIRQ      0x08002d57     0xa  Code  Gb  stm32f1xx_hal_cortex.o [1]
HAL_NVIC_SetPriority    0x08002d35    0x22  Code  Gb  stm32f1xx_hal_cortex.o [1]
HAL_NVIC_SetPriorityGrouping
                        0x08002d2d     0x8  Code  Gb  stm32f1xx_hal_cortex.o [1]
HAL_RCC_ClockConfig     0x08002757   0x370  Code  Gb  stm32f1xx_hal_rcc.o [1]
HAL_RCC_GetHCLKFreq     0x08002b41    0x28  Code  Gb  stm32f1xx_hal_rcc.o [1]
HAL_RCC_GetPCLK1Freq    0x08002b69    0x20  Code  Gb  stm32f1xx_hal_rcc.o [1]
HAL_RCC_GetPCLK2Freq    0x08002b89    0x20  Code  Gb  stm32f1xx_hal_rcc.o [1]
HAL_RCC_GetSysClockFreq
                        0x08002ac7    0x7a  Code  Gb  stm32f1xx_hal_rcc.o [1]
HAL_RCC_OscConfig       0x08001f85   0x7d2  Code  Gb  stm32f1xx_hal_rcc.o [1]
HAL_SYSTICK_Config      0x08002d61     0x8  Code  Gb  stm32f1xx_hal_cortex.o [1]
HAL_UART_ErrorCallback  0x08004ec9     0x2  Code  Gb  print_com.o [1]
HAL_UART_IRQHandler     0x0800486d   0x102  Code  Gb  stm32f1xx_hal_uart.o [1]
HAL_UART_Init           0x08004671    0x70  Code  Gb  stm32f1xx_hal_uart.o [1]
HAL_UART_MspInit        0x08004d7b   0x144  Code  Gb  print_com.o [1]
HAL_UART_RxCpltCallback
                        0x08004ec7     0x2  Code  Gb  print_com.o [1]
HAL_UART_Transmit       0x080046e1    0xea  Code  Gb  stm32f1xx_hal_uart.o [1]
HAL_UART_Transmit_DMA   0x080047cb    0xa2  Code  Gb  stm32f1xx_hal_uart.o [1]
HAL_UART_TxCpltCallback
                        0x08004ebf     0x8  Code  Gb  print_com.o [1]
HAL_UART_TxHalfCpltCallback
                        0x0800496f     0x2  Code  Wk  stm32f1xx_hal_uart.o [1]
HEAP$$Base              0x20002ff0           --   Gb  - Linker created -
HEAP$$Limit             0x200033f0           --   Gb  - Linker created -
HardFault_Handler       0x08006e97     0x2  Code  Gb  stm32f1xx_it.o [1]
InStream_Read           0x08006cbb    0x22  Code  Lc  packbits_init.o [5]
LedDeviceInit           0x08006bbf    0x5a  Code  Lc  led.o [1]
LedOff                  0x08006c19    0x10  Code  Lc  led.o [1]
LedToggle               0x08006c29     0xe  Code  Lc  led.o [1]
LoadInt                 0x0800071d    0x6e  Code  Lc  xprintffull.o [3]
MemManage_Handler       0x08006e99     0x2  Code  Gb  stm32f1xx_it.o [1]
NMI_Handler             0x08006e95     0x2  Code  Gb  stm32f1xx_it.o [1]
NVIC_EnableIRQ          0x08002c8b    0x14  Code  Lc  stm32f1xx_hal_cortex.o [1]
NVIC_EncodePriority     0x08002cc1    0x3e  Code  Lc  stm32f1xx_hal_cortex.o [1]
NVIC_GetPriorityGrouping
                        0x08002c81     0xa  Code  Lc  stm32f1xx_hal_cortex.o [1]
NVIC_SetPriority        0x08002c9f    0x22  Code  Lc  stm32f1xx_hal_cortex.o [1]
NVIC_SetPriorityGrouping
                        0x08002c65    0x1c  Code  Lc  stm32f1xx_hal_cortex.o [1]
PendSV_Handler          0x080039ed          Code  Gb  portasm.o [1]
Region$$Table$$Base     0x08007194           --   Gb  - Linker created -
Region$$Table$$Limit    0x080071c0           --   Gb  - Linker created -
RunLedThread            0x08006b59    0x44  Code  Lc  led.o [1]
SVC_Handler             0x08003a3f          Code  Gb  portasm.o [1]
StartRunLedTask         0x08006b9d    0x22  Code  Gb  led.o [1]
StdUsartInit            0x08004d1d    0x3a  Code  Gb  print_com.o [1]
SysTick_Config          0x08002cff    0x2e  Code  Lc  stm32f1xx_hal_cortex.o [1]
SysTick_Handler         0x08006ea1     0xc  Code  Gb  stm32f1xx_it.o [1]
SystemClock_Config      0x08006dbd    0x6e  Code  Gb  main.o [1]
SystemCoreClock         0x20000140     0x4  Data  Gb  system_stm32f1xx.o [1]
SystemInit              0x08006e2d    0x4e  Code  Gb  system_stm32f1xx.o [1]
UART_DMAError           0x080049b1    0x20  Code  Lc  stm32f1xx_hal_uart.o [1]
UART_DMATransmitCplt    0x08004971    0x32  Code  Lc  stm32f1xx_hal_uart.o [1]
UART_DMATxHalfCplt      0x080049a5     0xa  Code  Lc  stm32f1xx_hal_uart.o [1]
UART_EndTransmit_IT     0x08004b21    0x2c  Code  Lc  stm32f1xx_hal_uart.o [1]
UART_Receive_IT         0x08004b4d    0xbc  Code  Lc  stm32f1xx_hal_uart.o [1]
UART_SetConfig          0x08004c09   0x10a  Code  Lc  stm32f1xx_hal_uart.o [1]
UART_Transmit_IT        0x08004ab1    0x70  Code  Lc  stm32f1xx_hal_uart.o [1]
UART_WaitOnFlagUntilTimeout
                        0x080049d1    0xe0  Code  Lc  stm32f1xx_hal_uart.o [1]
USART1_IRQHandler       0x08006ec5     0xa  Code  Gb  stm32f1xx_it.o [1]
UartHandle              0x20002a24    0x40  Data  Gb  print_com.o [1]
UsageFault_Handler      0x08006e9d     0x2  Code  Gb  stm32f1xx_it.o [1]
_EncodingSb_Mbtowc      0x08001e37    0x30  Code  Gb  xencoding_sb.o [3]
_EncodingSb_Wctomb      0x08001e1d    0x1a  Code  Gb  xencoding_sb.o [3]
_GenldFull              0x08000fa7   0x24c  Code  Lc  xprintffull.o [3]
_IsdstStr               0x2000008c     0x4  Data  Gb  setlocale.o [3]
_LdtobFull              0x08000ba5   0x3fc  Code  Lc  xprintffull.o [3]
_LitobFull              0x08000a9d   0x106  Code  Lc  xprintffull.o [3]
_LocaleEncoding         0x08001e09     0xe  Code  Gb  setlocale.o [3]
_LocaleReturnString     0x200000ac    0x50  Data  Lc  setlocale.o [3]
_Locale_Profile         0x20000090    0x1c  Data  Gb  setlocale.o [3]
_Locale_aeabi_lconv     0x20000050    0x38  Data  Gb  localeconv.o [3]
_Locale_lconv           0x20000000    0x50  Data  Gb  localeconv.o [3]
_Mbtowc                 0x0800123d    0x20  Code  Gb  xmbtowc.o [3]
_PrintfFull             0x080000ed   0x618  Code  Gb  xprintffull.o [3]
_Prout                  0x080074ed    0x16  Code  Gb  xprout.o [3]
_PutcharsFull           0x080011f3    0x2e  Code  Lc  xprintffull.o [3]
_PutstrFull             0x0800078b   0x30c  Code  Lc  xprintffull.o [3]
_SProut                 0x080012cb     0xa  Code  Gb  xsprout.o [3]
_TzoneStr               0x20000088     0x4  Data  Gb  setlocale.o [3]
_Wctomb                 0x080013e9    0x1a  Code  Gb  xwctomb.o [3]
__aeabi_cdcmple         0x0800162d          Code  Gb  DblCmpLe.o [4]
__aeabi_cdrcmple        0x0800165d          Code  Gb  DblCmpGe.o [4]
__aeabi_d2iz            0x08001799          Code  Gb  DblToI32.o [4]
__aeabi_d2uiz           0x080017c5          Code  Gb  DblToI32.o [4]
__aeabi_ddiv            0x08001b45          Code  Gb  DblDiv.o [4]
__aeabi_dmul            0x080019a1          Code  Gb  DblMul.o [4]
__aeabi_dsub            0x08001821          Code  Gb  DblSub.o [4]
__aeabi_i2d             0x080017f1          Code  Gb  I32ToDbl.o [4]
__aeabi_ldiv0           0x08001ea9          Code  Gb  I64DivZer.o [5]
__aeabi_memclr4         0x08006c81          Code  Gb  ABImemclr4.o [5]
__aeabi_memset          0x08003f05          Code  Gb  ABImemset.o [5]
__aeabi_ui2d            0x08001805          Code  Gb  I32ToDbl.o [4]
__aeabi_uldivmod        0x080014fd          Code  Gb  I64DivMod.o [5]
__cmain                 0x080073fd          Code  Gb  cmain.o [5]
__data_Aldata           0x20002b48     0x8  Data  Gb  xxmemxmalloc.o [3]
__data_GetMemChunk      0x08001e7d    0x2c  Code  Gb  xgetmemchunk.o [3]
__exit                  0x08006d95    0x14  Code  Gb  exit.o [6]
__iar_Dnorm             0x080015eb    0x42  Code  Gb  xdnorm.o [4]
__iar_Dscale            0x0800168d   0x10c  Code  Gb  xdscale.o [4]
__iar_Locale_lconv_init
                        0x08001d8d    0x3a  Code  Gb  localeconv.o [3]
__iar_Mbcurmax          0x0800132d     0xa  Code  Gb  xmbcurmax.o [3]
__iar_Memchr            0x080012d5          Code  Gb  memchr.o [5]
__iar_Memset            0x08003f05          Code  Gb  ABImemset.o [5]
__iar_Memset4_word      0x08006c89          Code  Gb  ABImemset48.o [5]
__iar_Memset8_word      0x08006c89          Code  Gb  ABImemset48.o [5]
__iar_Memset_word       0x08003f0d          Code  Gb  ABImemset.o [5]
__iar_Stdout            0x200000fc    0x40  Data  Gb  xfiles.o [3]
__iar_Strchr            0x0800125d          Code  Gb  strchr.o [5]
__iar_d2uiz             0x080017d1          Code  Gb  DblToI32.o [4]
__iar_dadd              0x08001ead          Code  Gb  DblAdd.o [4]
__iar_data_init3        0x080070dd    0x28  Code  Gb  data_init.o [5]
__iar_dlib_perthread_access
                        0x08001f81     0x2  Code  Gb  xtls.o [3]
__iar_dsub              0x08001835          Code  Gb  DblSub.o [4]
__iar_dsubStart         0x08001847          Code  Gb  DblSub.o [4]
__iar_packbits_init3    0x08006cdd    0xb0  Code  Gb  packbits_init.o [5]
__iar_program_start     0x080076a5          Code  Gb  cstartup_M.o [5]
__iar_strcmp            0x080069d9          Code  Gb  strcmp_unaligned.o [5]
__iar_ui2d              0x08001809          Code  Gb  I32ToDbl.o [4]
__iar_unaligned___aeabi_memcpy
                        0x08001405          Code  Gb  ABImemcpy_unaligned.o [5]
__iar_unaligned___aeabi_memcpy4
                        0x08001425          Code  Gb  ABImemcpy_unaligned.o [5]
__iar_unaligned___aeabi_memcpy8
                        0x08001425          Code  Gb  ABImemcpy_unaligned.o [5]
__iar_unaligned_strcmp  0x080069d9          Code  Gb  strcmp_unaligned.o [5]
__iar_unaligned_strcpy  0x08006629          Code  Gb  strcpy_unaligned.o [5]
__iar_zero_init3        0x08001273    0x22  Code  Gb  zero_init3.o [5]
__low_level_init        0x08007417     0x4  Code  Gb  low_level_init.o [3]
__vector_table          0x08000000          Data  Gb  startup_stm32f103xb.o [1]
_aasyslog_index         0x20002bec     0x1  Data  Lc  AaSysLog.o [1]
_aasyslog_mng           0x20002b38     0x8  Data  Gb  AaSysLog.o [1]
_aasyslog_mutex_id      0x20002b70     0x4  Data  Gb  AaSysLog.o [1]
_aasyslog_sendcplt_sem_id
                        0x20002b74     0x4  Data  Gb  AaSysLog.o [1]
_aasyslogdeamon_id      0x20002b78     0x4  Data  Gb  AaSysLog.o [1]
_aatag_mng              0x20002b7c     0x4  Data  Gb  AaTag.o [1]
_aatag_msgbox_id        0x20002b84     0x4  Data  Gb  AaTag.o [1]
_aatag_mutex_id         0x20002b80     0x4  Data  Gb  AaTag.o [1]
_aatagdeamon_id         0x20002b88     0x4  Data  Gb  AaTag.o [1]
_aathread_mng_head_ptr  0x20002b8c     0x4  Data  Gb  AaThread.o [1]
_aathread_mutex_id      0x20002b90     0x4  Data  Gb  AaThread.o [1]
_call_main              0x08007409          Code  Gb  cmain.o [5]
_ccsdeamon_id           0x20002b94     0x4  Data  Gb  CCSDeamon.o [1]
_exit                   0x08007421          Code  Gb  cexit.o [5]
_heap_sem_id            0x20002b5c     0x4  Data  Lc  AaMem.o [1]
_main                   0x08007413          Code  Gb  cmain.o [5]
_mem_heap_buf           0x20001948  0x1000  Data  Gb  CCSDeamon.o [1]
_p_bip_buffer           0x20002b6c     0x4  Data  Lc  AaSysLog.o [1]
_print_level            0x20002bed     0x1  Data  Lc  AaSysLog.o [1]
_runled_id              0x20002ba8     0x4  Data  Gb  led.o [1]
aAPBAHBPrescTable       0x08007638    0x10  Data  Gb  stm32f1xx_hal_rcc.o [1]
abort                   0x08006d8d     0x6  Code  Gb  abort.o [3]
div                     0x08001df9     0xe  Code  Gb  div.o [3]
exit                    0x0800741b     0x4  Code  Gb  exit.o [3]
fputc                   0x08004ecb    0x14  Code  Gb  print_com.o [1]
free                    0x0800147d    0x7a  Code  Gb  xxmemxfree.o [3]
heap_end                0x20002b54     0x4  Data  Lc  AaMem.o [1]
heap_ptr                0x20002b50     0x4  Data  Lc  AaMem.o [1]
inHandlerMode           0x08005a9b    0x12  Code  Lc  cmsis_os.o [1]
lfree                   0x20002b58     0x4  Data  Lc  AaMem.o [1]
localeconv              0x08001dc7    0x16  Code  Gb  localeconv.o [3]
main                    0x08006da9    0x14  Code  Gb  main.o [1]
makeFreeRtosPriority    0x08005a89    0x12  Code  Lc  cmsis_os.o [1]
malloc                  0x08001339    0xac  Code  Gb  xxmemxmalloc.o [3]
max_mem                 0x20002b68     0x4  Data  Lc  AaMem.o [1]
mem_size_aligned        0x20002b60     0x4  Data  Lc  AaMem.o [1]
memchr                  0x080012d5          Code  Gb  memchr.o [5]
obuf                    0x200029d4    0x50  Data  Lc  xfiles.o [3]
osDelay                 0x08005b0f    0x16  Code  Gb  cmsis_os.o [1]
osKernelStart           0x08005aad     0xa  Code  Gb  cmsis_os.o [1]
osKernelSysTick         0x08005ab7    0x16  Code  Gb  cmsis_os.o [1]
osMessageCreate         0x08005d99     0xe  Code  Gb  cmsis_os.o [1]
osMessageGet            0x08005dff    0xa4  Code  Gb  cmsis_os.o [1]
osMessagePut            0x08005da7    0x58  Code  Gb  cmsis_os.o [1]
osMutexCreate           0x08005beb     0xa  Code  Gb  cmsis_os.o [1]
osMutexRelease          0x08005c65    0x4a  Code  Gb  cmsis_os.o [1]
osMutexWait             0x08005bf5    0x70  Code  Gb  cmsis_os.o [1]
osSemaphoreCreate       0x08005caf    0x30  Code  Gb  cmsis_os.o [1]
osSemaphoreRelease      0x08005d4f    0x4a  Code  Gb  cmsis_os.o [1]
osSemaphoreWait         0x08005cdf    0x70  Code  Gb  cmsis_os.o [1]
osSignalSet             0x08005b25    0x4e  Code  Gb  cmsis_os.o [1]
osSignalWait            0x08005b73    0x78  Code  Gb  cmsis_os.o [1]
osSystickHandler        0x08005ea3    0x10  Code  Gb  cmsis_os.o [1]
osThreadCreate          0x08005acd    0x3a  Code  Gb  cmsis_os.o [1]
osThreadGetId           0x08005b07     0x8  Code  Gb  cmsis_os.o [1]
os_messageQ_def_aatag_msgbox
                        0x080076f8     0x8  Data  Lc  AaTag.o [1]
os_mutex_def_aasyslog_mutex
                        0x08007734     0x4  Data  Lc  AaSysLog.o [1]
os_mutex_def_aatag_mutex
                        0x0800773c     0x4  Data  Lc  AaTag.o [1]
os_mutex_def_aathread_mutex
                        0x08007740     0x4  Data  Lc  AaThread.o [1]
os_semaphore_def_aasyslog_sendcplt_sem
                        0x08007738     0x4  Data  Lc  AaSysLog.o [1]
os_semaphore_def_heap_sem
                        0x08007730     0x4  Data  Lc  AaMem.o [1]
pcInterruptPriorityRegisters
                        0x08007748     0x4  Data  Lc  port.o [1]
printf                  0x0800658d    0x24  Code  Gb  printf.o [3]
prvAddCurrentTaskToDelayedList
                        0x080034bd    0x4a  Code  Lc  tasks.o [1]
prvAllocateTCBAndStack  0x08003519    0x4a  Code  Lc  tasks.o [1]
prvCheckTasksWaitingTermination
                        0x08003459    0x64  Code  Lc  tasks.o [1]
prvCopyDataFromQueue    0x080045a1    0x2a  Code  Lc  queue.o [1]
prvCopyDataToQueue      0x0800451f    0x82  Code  Lc  queue.o [1]
prvDeleteTCB            0x08003563    0x12  Code  Lc  tasks.o [1]
prvHeapInit             0x08003e27    0x64  Code  Lc  heap_4.o [1]
prvIdleTask             0x08003395    0x16  Code  Lc  tasks.o [1]
prvInitialiseTCBVariables
                        0x080033ad    0x56  Code  Lc  tasks.o [1]
prvInitialiseTaskLists  0x08003403    0x52  Code  Lc  tasks.o [1]
prvInsertBlockIntoFreeList
                        0x08003e8b    0x5c  Code  Lc  heap_4.o [1]
prvIsQueueEmpty         0x08004635    0x1c  Code  Lc  queue.o [1]
prvIsQueueFull          0x08004651    0x1e  Code  Lc  queue.o [1]
prvResetNextTaskUnblockTime
                        0x08003575    0x2c  Code  Lc  tasks.o [1]
prvTaskExitError        0x08003a9d    0x18  Code  Lc  port.o [1]
prvUnlockQueue          0x080045cb    0x6a  Code  Lc  queue.o [1]
putchar                 0x08007505     0xc  Code  Gb  putchar.o [3]
pvPortMalloc            0x08003cdd    0xea  Code  Gb  heap_4.o [1]
pvTaskIncrementMutexHeldCount
                        0x08003713    0x1e  Code  Gb  tasks.o [1]
pxCurrentTCB            0x20002bb4     0x4  Data  Gb  tasks.o [1]
pxDelayedTaskList       0x20002bb8     0x4  Data  Lc  tasks.o [1]
pxEnd                   0x20002b98     0x4  Data  Lc  heap_4.o [1]
pxOverflowDelayedTaskList
                        0x20002bbc     0x4  Data  Lc  tasks.o [1]
pxPortInitialiseStack   0x08003a81    0x1c  Code  Gb  port.o [1]
pxReadyTasksLists       0x20002948    0x8c  Data  Lc  tasks.o [1]
sprintf                 0x080065c9    0x34  Code  Gb  sprintf.o [3]
strchr                  0x0800125d          Code  Gb  strchr.o [5]
strlen                  0x08001295          Code  Gb  strlen.o [5]
ucHeap                  0x20000148  0x1800  Data  Lc  heap_4.o [1]
ucMaxSysCallPriority    0x20002bee     0x1  Data  Lc  port.o [1]
ulMaxPRIGROUPValue      0x20002bac     0x4  Data  Lc  port.o [1]
ulPortSetInterruptMask  0x08003a2b          Code  Gb  portasm.o [1]
used_mem                0x20002b64     0x4  Data  Lc  AaMem.o [1]
uwTick                  0x20002bb0     0x4  Data  Lc  stm32f1xx_hal.o [1]
uxCriticalNesting       0x2000013c     0x4  Data  Lc  port.o [1]
uxCurrentNumberOfTasks  0x20002bc4     0x4  Data  Lc  tasks.o [1]
uxListRemove            0x08003cb7    0x26  Code  Gb  list.o [1]
uxPendedTicks           0x20002bd4     0x4  Data  Lc  tasks.o [1]
uxSchedulerSuspended    0x20002be4     0x4  Data  Lc  tasks.o [1]
uxTaskNumber            0x20002be0     0x4  Data  Lc  tasks.o [1]
uxTasksDeleted          0x20002bc0     0x4  Data  Lc  tasks.o [1]
uxTopReadyPriority      0x20002bcc     0x4  Data  Lc  tasks.o [1]
vListInitialise         0x08003c45    0x1e  Code  Gb  list.o [1]
vListInitialiseItem     0x08003c63     0x6  Code  Gb  list.o [1]
vListInsert             0x08003c81    0x36  Code  Gb  list.o [1]
vListInsertEnd          0x08003c69    0x18  Code  Gb  list.o [1]
vPortClearInterruptMask
                        0x08003a39          Code  Gb  portasm.o [1]
vPortEnterCritical      0x08003b4f    0x30  Code  Gb  port.o [1]
vPortExitCritical       0x08003b7f    0x2a  Code  Gb  port.o [1]
vPortFree               0x08003dc7    0x60  Code  Gb  heap_4.o [1]
vPortSetupTimerInterrupt
                        0x08003bc7    0x1a  Code  Wk  port.o [1]
vPortStartFirstTask     0x08003a5f          Code  Gb  portasm.o [1]
vPortValidateInterruptPriority
                        0x08003be1    0x38  Code  Gb  port.o [1]
vPortYield              0x08003b3d    0x12  Code  Gb  port.o [1]
vTaskDelay              0x08002ed3    0x68  Code  Gb  tasks.o [1]
vTaskMissedYield        0x08003385     0xa  Code  Gb  tasks.o [1]
vTaskPlaceOnEventList   0x0800320f    0x62  Code  Gb  tasks.o [1]
vTaskPriorityInherit    0x080035c9    0xaa  Code  Gb  tasks.o [1]
vTaskSetTimeOutState    0x080032e9    0x1e  Code  Gb  tasks.o [1]
vTaskStartScheduler     0x08002f3b    0x4e  Code  Gb  tasks.o [1]
vTaskSuspendAll         0x08002f89    0x10  Code  Gb  tasks.o [1]
vTaskSwitchContext      0x080031a9    0x66  Code  Gb  tasks.o [1]
vprintf                 0x080065b1    0x18  Code  Gb  vprintf.o [3]
vsprintf                0x080065fd    0x2c  Code  Gb  vsprintf.o [3]
xBlockAllocatedBit      0x20002ba4     0x4  Data  Lc  heap_4.o [1]
xDelayedTaskList1       0x20002ad4    0x14  Data  Lc  tasks.o [1]
xDelayedTaskList2       0x20002ae8    0x14  Data  Lc  tasks.o [1]
xFreeBytesRemaining     0x20002b9c     0x4  Data  Lc  heap_4.o [1]
xHeapStructSize         0x08007744     0x4  Data  Lc  heap_4.o [1]
xMinimumEverFreeBytesRemaining
                        0x20002ba0     0x4  Data  Lc  heap_4.o [1]
xNextTaskUnblockTime    0x20000144     0x4  Data  Lc  tasks.o [1]
xNumOfOverflows         0x20002bdc     0x4  Data  Lc  tasks.o [1]
xPendingReadyList       0x20002afc    0x14  Data  Lc  tasks.o [1]
xPortStartScheduler     0x08003ab5    0x88  Code  Gb  port.o [1]
xPortSysTickHandler     0x08003ba9    0x1e  Code  Gb  port.o [1]
xQueueCreateCountingSemaphore
                        0x080040a1    0x32  Code  Gb  queue.o [1]
xQueueCreateMutex       0x0800403b    0x66  Code  Gb  queue.o [1]
xQueueGenericCreate     0x08003fe3    0x58  Code  Gb  queue.o [1]
xQueueGenericReceive    0x08004345   0x154  Code  Gb  queue.o [1]
xQueueGenericReset      0x08003f6d    0x76  Code  Gb  queue.o [1]
xQueueGenericSend       0x080040d3   0x13c  Code  Gb  queue.o [1]
xQueueGenericSendFromISR
                        0x0800420f    0xaa  Code  Gb  queue.o [1]
xQueueGiveFromISR       0x080042b9    0x8c  Code  Gb  queue.o [1]
xQueueReceiveFromISR    0x08004499    0x86  Code  Gb  queue.o [1]
xSchedulerRunning       0x20002bd0     0x4  Data  Lc  tasks.o [1]
xStart                  0x20002b40     0x8  Data  Lc  heap_4.o [1]
xSuspendedTaskList      0x20002b24    0x14  Data  Lc  tasks.o [1]
xTaskCheckForTimeOut    0x08003319    0x6c  Code  Gb  tasks.o [1]
xTaskGenericCreate      0x08002d89   0x14a  Code  Gb  tasks.o [1]
xTaskGenericNotify      0x080037f9    0xba  Code  Gb  tasks.o [1]
xTaskGetCurrentTaskHandle
                        0x080035a1     0x8  Code  Gb  tasks.o [1]
xTaskGetSchedulerState  0x080035a9    0x20  Code  Gb  tasks.o [1]
xTaskGetTickCount       0x0800307d     0x8  Code  Gb  tasks.o [1]
xTaskGetTickCountFromISR
                        0x08003085    0x10  Code  Gb  tasks.o [1]
xTaskIncrementTick      0x08003095   0x114  Code  Gb  tasks.o [1]
xTaskNotifyFromISR      0x080038b9    0xf0  Code  Gb  tasks.o [1]
xTaskNotifyWait         0x08003739    0xbc  Code  Gb  tasks.o [1]
xTaskPriorityDisinherit
                        0x08003673    0xa0  Code  Gb  tasks.o [1]
xTaskRemoveFromEventList
                        0x08003271    0x70  Code  Gb  tasks.o [1]
xTaskResumeAll          0x08002f99    0xe4  Code  Gb  tasks.o [1]
xTasksWaitingTermination
                        0x20002b10    0x14  Data  Lc  tasks.o [1]
xTickCount              0x20002bc8     0x4  Data  Lc  tasks.o [1]
xYieldPending           0x20002bd8     0x4  Data  Lc  tasks.o [1]


[1] = D:\HargicStudio\Stm32f103c8_demo\f103c8_freeRTOS\Projects\STM32F103RB-Nucleo\Applications\FoodStuff\FreeRTOS_ThreadCreation\EWARM\STM32F103RB_Nucleo\Obj
[2] = command line
[3] = dl7M_tlf.a
[4] = m7M_tl.a
[5] = rt7M_tl.a
[6] = shb_l.a

  28 680 bytes of readonly  code memory
   2 076 bytes of readonly  data memory
  13 295 bytes of readwrite data memory

Errors: none
Warnings: none
