###############################################################################
#
# IAR ELF Linker V7.30.1.7746/W32 for ARM                 29/Jun/2016  01:20:49
# Copyright 2007-2014 IAR Systems AB.
#
#    Output file  =  
#        D:\HargicStudio\Stm32f103c8_demo\f103c8_freeRTOS\Projects\STM32F103RB-Nucleo\Applications\FoodStuff
#        @Sec
#        Board\FreeRTOS_ThreadCreation\EWARM\STM32F103RB_Nucleo\Exe\Project.out
#    Map file     =  
#        D:\HargicStudio\Stm32f103c8_demo\f103c8_freeRTOS\Projects\STM32F103RB-Nucleo\Applications\FoodStuff
#        @Sec
#        Board\FreeRTOS_ThreadCreation\EWARM\STM32F103RB_Nucleo\List\Project.map
#    Command line =  
#        "D:\HargicStudio\Stm32f103c8_demo\f103c8_freeRTOS\Projects\STM32F103RB-Nucleo\Applications\FoodStuff
#        @Sec
#        Board\FreeRTOS_ThreadCreation\EWARM\STM32F103RB_Nucleo\Obj\AaMem.o"
#        "D:\HargicStudio\Stm32f103c8_demo\f103c8_freeRTOS\Projects\STM32F103RB-Nucleo\Applications\FoodStuff
#        @Sec
#        Board\FreeRTOS_ThreadCreation\EWARM\STM32F103RB_Nucleo\Obj\AaSysLog.o"
#        "D:\HargicStudio\Stm32f103c8_demo\f103c8_freeRTOS\Projects\STM32F103RB-Nucleo\Applications\FoodStuff
#        @Sec
#        Board\FreeRTOS_ThreadCreation\EWARM\STM32F103RB_Nucleo\Obj\AaTag.o"
#        "D:\HargicStudio\Stm32f103c8_demo\f103c8_freeRTOS\Projects\STM32F103RB-Nucleo\Applications\FoodStuff
#        @Sec
#        Board\FreeRTOS_ThreadCreation\EWARM\STM32F103RB_Nucleo\Obj\AaThread.o"
#        "D:\HargicStudio\Stm32f103c8_demo\f103c8_freeRTOS\Projects\STM32F103RB-Nucleo\Applications\FoodStuff
#        @Sec
#        Board\FreeRTOS_ThreadCreation\EWARM\STM32F103RB_Nucleo\Obj\BipBuffer.o"
#        "D:\HargicStudio\Stm32f103c8_demo\f103c8_freeRTOS\Projects\STM32F103RB-Nucleo\Applications\FoodStuff
#        @Sec
#        Board\FreeRTOS_ThreadCreation\EWARM\STM32F103RB_Nucleo\Obj\CCSDeamon.o"
#        "D:\HargicStudio\Stm32f103c8_demo\f103c8_freeRTOS\Projects\STM32F103RB-Nucleo\Applications\FoodStuff
#        @Sec
#        Board\FreeRTOS_ThreadCreation\EWARM\STM32F103RB_Nucleo\Obj\cmsis_os.o"
#        "D:\HargicStudio\Stm32f103c8_demo\f103c8_freeRTOS\Projects\STM32F103RB-Nucleo\Applications\FoodStuff
#        @Sec
#        Board\FreeRTOS_ThreadCreation\EWARM\STM32F103RB_Nucleo\Obj\fastcheck.o"
#        "D:\HargicStudio\Stm32f103c8_demo\f103c8_freeRTOS\Projects\STM32F103RB-Nucleo\Applications\FoodStuff
#        @Sec
#        Board\FreeRTOS_ThreadCreation\EWARM\STM32F103RB_Nucleo\Obj\heap_4.o"
#        "D:\HargicStudio\Stm32f103c8_demo\f103c8_freeRTOS\Projects\STM32F103RB-Nucleo\Applications\FoodStuff
#        @Sec Board\FreeRTOS_ThreadCreation\EWARM\STM32F103RB_Nucleo\Obj\led.o"
#        "D:\HargicStudio\Stm32f103c8_demo\f103c8_freeRTOS\Projects\STM32F103RB-Nucleo\Applications\FoodStuff
#        @Sec
#        Board\FreeRTOS_ThreadCreation\EWARM\STM32F103RB_Nucleo\Obj\list.o"
#        "D:\HargicStudio\Stm32f103c8_demo\f103c8_freeRTOS\Projects\STM32F103RB-Nucleo\Applications\FoodStuff
#        @Sec
#        Board\FreeRTOS_ThreadCreation\EWARM\STM32F103RB_Nucleo\Obj\main.o"
#        "D:\HargicStudio\Stm32f103c8_demo\f103c8_freeRTOS\Projects\STM32F103RB-Nucleo\Applications\FoodStuff
#        @Sec
#        Board\FreeRTOS_ThreadCreation\EWARM\STM32F103RB_Nucleo\Obj\port.o"
#        "D:\HargicStudio\Stm32f103c8_demo\f103c8_freeRTOS\Projects\STM32F103RB-Nucleo\Applications\FoodStuff
#        @Sec
#        Board\FreeRTOS_ThreadCreation\EWARM\STM32F103RB_Nucleo\Obj\portasm.o"
#        "D:\HargicStudio\Stm32f103c8_demo\f103c8_freeRTOS\Projects\STM32F103RB-Nucleo\Applications\FoodStuff
#        @Sec
#        Board\FreeRTOS_ThreadCreation\EWARM\STM32F103RB_Nucleo\Obj\print_com.o"
#        "D:\HargicStudio\Stm32f103c8_demo\f103c8_freeRTOS\Projects\STM32F103RB-Nucleo\Applications\FoodStuff
#        @Sec
#        Board\FreeRTOS_ThreadCreation\EWARM\STM32F103RB_Nucleo\Obj\queue.o"
#        "D:\HargicStudio\Stm32f103c8_demo\f103c8_freeRTOS\Projects\STM32F103RB-Nucleo\Applications\FoodStuff
#        @Sec
#        Board\FreeRTOS_ThreadCreation\EWARM\STM32F103RB_Nucleo\Obj\startup_stm32f103xe.o"
#        "D:\HargicStudio\Stm32f103c8_demo\f103c8_freeRTOS\Projects\STM32F103RB-Nucleo\Applications\FoodStuff
#        @Sec
#        Board\FreeRTOS_ThreadCreation\EWARM\STM32F103RB_Nucleo\Obj\stm32f1xx_hal.o"
#        "D:\HargicStudio\Stm32f103c8_demo\f103c8_freeRTOS\Projects\STM32F103RB-Nucleo\Applications\FoodStuff
#        @Sec
#        Board\FreeRTOS_ThreadCreation\EWARM\STM32F103RB_Nucleo\Obj\stm32f1xx_hal_adc.o"
#        "D:\HargicStudio\Stm32f103c8_demo\f103c8_freeRTOS\Projects\STM32F103RB-Nucleo\Applications\FoodStuff
#        @Sec
#        Board\FreeRTOS_ThreadCreation\EWARM\STM32F103RB_Nucleo\Obj\stm32f1xx_hal_adc_ex.o"
#        "D:\HargicStudio\Stm32f103c8_demo\f103c8_freeRTOS\Projects\STM32F103RB-Nucleo\Applications\FoodStuff
#        @Sec
#        Board\FreeRTOS_ThreadCreation\EWARM\STM32F103RB_Nucleo\Obj\stm32f1xx_hal_cortex.o"
#        "D:\HargicStudio\Stm32f103c8_demo\f103c8_freeRTOS\Projects\STM32F103RB-Nucleo\Applications\FoodStuff
#        @Sec
#        Board\FreeRTOS_ThreadCreation\EWARM\STM32F103RB_Nucleo\Obj\stm32f1xx_hal_dma.o"
#        "D:\HargicStudio\Stm32f103c8_demo\f103c8_freeRTOS\Projects\STM32F103RB-Nucleo\Applications\FoodStuff
#        @Sec
#        Board\FreeRTOS_ThreadCreation\EWARM\STM32F103RB_Nucleo\Obj\stm32f1xx_hal_gpio.o"
#        "D:\HargicStudio\Stm32f103c8_demo\f103c8_freeRTOS\Projects\STM32F103RB-Nucleo\Applications\FoodStuff
#        @Sec
#        Board\FreeRTOS_ThreadCreation\EWARM\STM32F103RB_Nucleo\Obj\stm32f1xx_hal_msp.o"
#        "D:\HargicStudio\Stm32f103c8_demo\f103c8_freeRTOS\Projects\STM32F103RB-Nucleo\Applications\FoodStuff
#        @Sec
#        Board\FreeRTOS_ThreadCreation\EWARM\STM32F103RB_Nucleo\Obj\stm32f1xx_hal_rcc.o"
#        "D:\HargicStudio\Stm32f103c8_demo\f103c8_freeRTOS\Projects\STM32F103RB-Nucleo\Applications\FoodStuff
#        @Sec
#        Board\FreeRTOS_ThreadCreation\EWARM\STM32F103RB_Nucleo\Obj\stm32f1xx_hal_rcc_ex.o"
#        "D:\HargicStudio\Stm32f103c8_demo\f103c8_freeRTOS\Projects\STM32F103RB-Nucleo\Applications\FoodStuff
#        @Sec
#        Board\FreeRTOS_ThreadCreation\EWARM\STM32F103RB_Nucleo\Obj\stm32f1xx_hal_spi.o"
#        "D:\HargicStudio\Stm32f103c8_demo\f103c8_freeRTOS\Projects\STM32F103RB-Nucleo\Applications\FoodStuff
#        @Sec
#        Board\FreeRTOS_ThreadCreation\EWARM\STM32F103RB_Nucleo\Obj\stm32f1xx_hal_uart.o"
#        "D:\HargicStudio\Stm32f103c8_demo\f103c8_freeRTOS\Projects\STM32F103RB-Nucleo\Applications\FoodStuff
#        @Sec
#        Board\FreeRTOS_ThreadCreation\EWARM\STM32F103RB_Nucleo\Obj\stm32f1xx_it.o"
#        "D:\HargicStudio\Stm32f103c8_demo\f103c8_freeRTOS\Projects\STM32F103RB-Nucleo\Applications\FoodStuff
#        @Sec
#        Board\FreeRTOS_ThreadCreation\EWARM\STM32F103RB_Nucleo\Obj\stm32f1xx_nucleo.o"
#        "D:\HargicStudio\Stm32f103c8_demo\f103c8_freeRTOS\Projects\STM32F103RB-Nucleo\Applications\FoodStuff
#        @Sec
#        Board\FreeRTOS_ThreadCreation\EWARM\STM32F103RB_Nucleo\Obj\system_stm32f1xx.o"
#        "D:\HargicStudio\Stm32f103c8_demo\f103c8_freeRTOS\Projects\STM32F103RB-Nucleo\Applications\FoodStuff
#        @Sec
#        Board\FreeRTOS_ThreadCreation\EWARM\STM32F103RB_Nucleo\Obj\tasks.o"
#        "D:\HargicStudio\Stm32f103c8_demo\f103c8_freeRTOS\Projects\STM32F103RB-Nucleo\Applications\FoodStuff
#        @Sec
#        Board\FreeRTOS_ThreadCreation\EWARM\STM32F103RB_Nucleo\Obj\timers.o"
#        "D:\HargicStudio\Stm32f103c8_demo\f103c8_freeRTOS\Projects\STM32F103RB-Nucleo\Applications\FoodStuff
#        @Sec
#        Board\FreeRTOS_ThreadCreation\EWARM\STM32F103RB_Nucleo\Obj\tsc3200.o"
#        --redirect _Printf=_PrintfSmall --redirect _Scanf=_ScanfSmall -o
#        "D:\HargicStudio\Stm32f103c8_demo\f103c8_freeRTOS\Projects\STM32F103RB-Nucleo\Applications\FoodStuff
#        @Sec
#        Board\FreeRTOS_ThreadCreation\EWARM\STM32F103RB_Nucleo\Exe\Project.out"
#        --map
#        "D:\HargicStudio\Stm32f103c8_demo\f103c8_freeRTOS\Projects\STM32F103RB-Nucleo\Applications\FoodStuff
#        @Sec
#        Board\FreeRTOS_ThreadCreation\EWARM\STM32F103RB_Nucleo\List\Project.map"
#        --config
#        "D:\HargicStudio\Stm32f103c8_demo\f103c8_freeRTOS\Projects\STM32F103RB-Nucleo\Applications\FoodStuff
#        @Sec Board\FreeRTOS_ThreadCreation\EWARM\stm32f103xe_flash.icf"
#        --semihosting --entry __iar_program_start --vfe
#
###############################################################################

*******************************************************************************
*** RUNTIME MODEL ATTRIBUTES
***

CppFlavor                     = *
__Heap_Handler                = Basic
__SystemLibrary               = DLib
__dlib_dynamic_initialization = normal


*******************************************************************************
*** PLACEMENT SUMMARY
***

"A1":  place at 0x08000000 { ro section .intvec };
"P1":  place in [from 0x08000000 to 0x0807ffff] { ro };
"P2":  place in [from 0x20000000 to 0x2000ffff] { rw, block CSTACK, block HEAP };

  Section             Kind        Address    Size  Object
  -------             ----        -------    ----  ------
"A1":                                       0x130
  .intvec             ro code  0x08000000   0x130  startup_stm32f103xe.o [1]
                             - 0x08000130   0x130

"P1":                                      0x6fe4
  .text               ro code  0x08000130   0xd40  tasks.o [1]
  CODE                ro code  0x08000e70    0x94  portasm.o [1]
  .text               ro code  0x08000f04   0x1c8  port.o [1]
  .text               ro code  0x080010cc    0x9e  list.o [1]
  .text               ro code  0x0800116a    0x2e  copy_init3.o [4]
  .text               ro code  0x08001198   0x24c  heap_4.o [1]
  .text               ro code  0x080013e4    0x66  ABImemset.o [4]
  .text               ro code  0x0800144a    0x22  zero_init3.o [4]
  .text               ro code  0x0800146c   0xc74  stm32f1xx_hal_rcc.o [1]
  .text               ro code  0x080020e0    0x7c  stm32f1xx_hal.o [1]
  .text               ro code  0x0800215c    0x76  ABImemcpy_unaligned.o [4]
  .text               ro code  0x080021d2     0xa  xsprout.o [3]
  .text               ro code  0x080021dc   0x13c  stm32f1xx_hal_cortex.o [1]
  .text               ro code  0x08002318   0xa2a  stm32f1xx_hal_dma.o [1]
  .rodata             const    0x08002d42     0x2  stm32f1xx_hal_rcc.o [1]
  .text               ro code  0x08002d44   0x7f0  queue.o [1]
  .text               ro code  0x08003534   0x7a4  xprintfsmall.o [3]
  .text               ro code  0x08003cd8    0x20  xmbtowc.o [3]
  .text               ro code  0x08003cf8    0x16  strchr.o [4]
  .text               ro code  0x08003d10    0x36  strlen.o [4]
  .text               ro code  0x08003d48    0x58  memchr.o [4]
  .text               ro code  0x08003da0     0xa  xmbcurmax.o [3]
  .text               ro code  0x08003dac    0xb0  xxmemxmalloc.o [3]
  .text               ro code  0x08003e5c    0x1a  xwctomb.o [3]
  .text               ro code  0x08003e78    0x80  xxmemxfree.o [3]
  .text               ro code  0x08003ef8    0x14  setlocale.o [3]
  .text               ro code  0x08003f0c    0x60  xencoding_sb.o [3]
  .text               ro code  0x08003f6c    0x2c  xgetmemchunk.o [3]
  .text               ro code  0x08003f98     0x2  xtls.o [3]
  .text               ro code  0x08003f9c   0x6fc  stm32f1xx_hal_uart.o [1]
  .text               ro code  0x08004698    0x98  stm32f1xx_hal_msp.o [1]
  .text               ro code  0x08004730   0x1f8  print_com.o [1]
  .text               ro code  0x08004928    0xaa  fastcheck.o [1]
  .text               ro code  0x080049d4   0x360  stm32f1xx_hal_gpio.o [1]
  .text               ro code  0x08004d34   0x658  AaSysLog.o [1]
  .text               ro code  0x0800538c    0x18  tsc3200.o [1]
  .text               ro code  0x080053a4   0x47c  cmsis_os.o [1]
  .text               ro code  0x08005820   0x182  BipBuffer.o [1]
  .text               ro code  0x080059a4   0x480  AaMem.o [1]
  .text               ro code  0x08005e24   0x156  AaThread.o [1]
  .text               ro code  0x08005f7c    0x24  printf.o [3]
  .text               ro code  0x08005fa0    0x18  vprintf.o [3]
  .text               ro code  0x08005fb8    0x34  sprintf.o [3]
  .text               ro code  0x08005fec    0x2c  vsprintf.o [3]
  .text               ro code  0x08006018    0x44  strcpy_unaligned.o [4]
  .text               ro code  0x0800605c   0x2f8  AaTag.o [1]
  .text               ro code  0x08006354    0x42  strcmp_unaligned.o [4]
  .text               ro code  0x08006398   0x13c  CCSDeamon.o [1]
  .text               ro code  0x080064d4    0xf8  led.o [1]
  .text               ro code  0x080065cc     0x6  ABImemclr4.o [4]
  .text               ro code  0x080065d4    0x32  ABImemset48.o [4]
  .text               ro code  0x08006606    0x82  main.o [1]
  .text               ro code  0x08006688    0x68  system_stm32f1xx.o [1]
  .text               ro code  0x080066f0    0x4c  stm32f1xx_it.o [1]
  .rodata             const    0x0800673c    0x3c  AaMem.o [1]
  .rodata             const    0x08006778    0x30  AaSysLog.o [1]
  .rodata             const    0x080067a8    0x2c  AaMem.o [1]
  .rodata             const    0x080067d4    0x2c  AaSysLog.o [1]
  .rodata             const    0x08006800    0x28  AaSysLog.o [1]
  .rodata             const    0x08006828    0x28  AaSysLog.o [1]
  .rodata             const    0x08006850    0x28  AaSysLog.o [1]
  .rodata             const    0x08006878    0x28  AaSysLog.o [1]
  .rodata             const    0x080068a0    0x28  AaTag.o [1]
  .rodata             const    0x080068c8    0x28  AaTag.o [1]
  .rodata             const    0x080068f0    0x28  AaTag.o [1]
  .rodata             const    0x08006918    0x28  AaThread.o [1]
  .text               ro code  0x08006940    0x28  data_init.o [4]
  .rodata             const    0x08006968    0x24  AaMem.o [1]
  .rodata             const    0x0800698c    0x24  AaSysLog.o [1]
  .rodata             const    0x080069b0    0x24  CCSDeamon.o [1]
  .iar.init_table     const    0x080069d4    0x24  - Linker created -
  .rodata             const    0x080069f8    0x20  AaMem.o [1]
  .rodata             const    0x08006a18    0x20  AaMem.o [1]
  .rodata             const    0x08006a38    0x20  AaMem.o [1]
  .rodata             const    0x08006a58    0x20  AaSysLog.o [1]
  .rodata             const    0x08006a78    0x20  AaSysLog.o [1]
  .rodata             const    0x08006a98    0x20  AaSysLog.o [1]
  .rodata             const    0x08006ab8    0x20  AaSysLog.o [1]
  .rodata             const    0x08006ad8    0x20  AaSysLog.o [1]
  .rodata             const    0x08006af8    0x20  AaThread.o [1]
  .rodata             const    0x08006b18    0x20  led.o [1]
  .rodata             const    0x08006b38    0x1c  AaSysLog.o [1]
  .rodata             const    0x08006b54    0x1c  AaTag.o [1]
  .rodata             const    0x08006b70    0x1c  AaTag.o [1]
  .rodata             const    0x08006b8c    0x1c  AaTag.o [1]
  .rodata             const    0x08006ba8    0x1c  AaTag.o [1]
  .rodata             const    0x08006bc4    0x1c  AaTag.o [1]
  .rodata             const    0x08006be0    0x1c  CCSDeamon.o [1]
  .rodata             const    0x08006bfc    0x1c  CCSDeamon.o [1]
  .text               ro code  0x08006c18    0x1a  cmain.o [4]
  .text               ro code  0x08006c32     0x4  low_level_init.o [3]
  .text               ro code  0x08006c36     0x4  exit.o [3]
  .text               ro code  0x08006c3c     0xa  cexit.o [4]
  .text               ro code  0x08006c48    0x14  exit.o [5]
  .rodata             const    0x08006c5c    0x18  AaSysLog.o [1]
  .rodata             const    0x08006c74    0x18  AaSysLog.o [1]
  .rodata             const    0x08006c8c    0x18  AaSysLog.o [1]
  .rodata             const    0x08006ca4    0x18  AaTag.o [1]
  .rodata             const    0x08006cbc    0x18  CCSDeamon.o [1]
  .rodata             const    0x08006cd4    0x18  CCSDeamon.o [1]
  .rodata             const    0x08006cec    0x18  led.o [1]
  .text               ro code  0x08006d04    0x16  xprout.o [3]
  .text               ro code  0x08006d1c     0xc  putchar.o [3]
  .rodata             const    0x08006d28    0x14  AaMem.o [1]
  .rodata             const    0x08006d3c    0x14  AaMem.o [1]
  .rodata             const    0x08006d50    0x14  AaSysLog.o [1]
  .rodata             const    0x08006d64    0x14  AaSysLog.o [1]
  .rodata             const    0x08006d78    0x14  AaTag.o [1]
  .rodata             const    0x08006d8c    0x14  AaTag.o [1]
  .rodata             const    0x08006da0    0x14  AaTag.o [1]
  .rodata             const    0x08006db4    0x14  AaTag.o [1]
  .rodata             const    0x08006dc8    0x14  CCSDeamon.o [1]
  .rodata             const    0x08006ddc    0x14  led.o [1]
  .rodata             const    0x08006df0    0x10  AaMem.o [1]
  .rodata             const    0x08006e00    0x10  AaSysLog.o [1]
  .rodata             const    0x08006e10    0x10  AaSysLog.o [1]
  .rodata             const    0x08006e20    0x10  AaThread.o [1]
  .rodata             const    0x08006e30    0x10  CCSDeamon.o [1]
  .rodata             const    0x08006e40    0x10  CCSDeamon.o [1]
  .rodata             const    0x08006e50    0x10  led.o [1]
  .rodata             const    0x08006e60    0x10  stm32f1xx_hal_rcc.o [1]
  .rodata             const    0x08006e70    0x10  stm32f1xx_hal_rcc.o [1]
  .text               ro code  0x08006e80    0x10  startup_stm32f103xe.o [1]
  .rodata             const    0x08006e90     0xc  AaMem.o [1]
  .rodata             const    0x08006e9c     0xc  AaTag.o [1]
  .rodata             const    0x08006ea8     0xc  AaTag.o [1]
  .rodata             const    0x08006eb4     0xc  CCSDeamon.o [1]
  .rodata             const    0x08006ec0     0xc  CCSDeamon.o [1]
  .text               ro code  0x08006ecc     0xc  cstartup_M.o [4]
  .rodata             const    0x08006ed8     0x8  AaMem.o [1]
  .rodata             const    0x08006ee0     0x8  AaSysLog.o [1]
  .rodata             const    0x08006ee8     0x8  AaSysLog.o [1]
  .rodata             const    0x08006ef0     0x8  AaSysLog.o [1]
  .rodata             const    0x08006ef8     0x8  AaSysLog.o [1]
  .rodata             const    0x08006f00     0x8  AaSysLog.o [1]
  .rodata             const    0x08006f08     0x8  AaSysLog.o [1]
  .rodata             const    0x08006f10     0x8  AaSysLog.o [1]
  .rodata             const    0x08006f18     0x8  AaTag.o [1]
  .rodata             const    0x08006f20     0x8  AaTag.o [1]
  .rodata             const    0x08006f28     0x8  AaThread.o [1]
  .rodata             const    0x08006f30     0x8  CCSDeamon.o [1]
  .rodata             const    0x08006f38     0x8  CCSDeamon.o [1]
  .rodata             const    0x08006f40     0x8  led.o [1]
  .rodata             const    0x08006f48     0x8  led.o [1]
  .rodata             const    0x08006f50     0x8  tasks.o [1]
  .rodata             const    0x08006f58     0x4  AaMem.o [1]
  .rodata             const    0x08006f5c     0x4  AaSysLog.o [1]
  .rodata             const    0x08006f60     0x4  AaSysLog.o [1]
  .rodata             const    0x08006f64     0x4  AaTag.o [1]
  .rodata             const    0x08006f68     0x4  AaThread.o [1]
  .rodata             const    0x08006f6c     0x4  heap_4.o [1]
  .rodata             const    0x08006f70     0x4  port.o [1]
  .text               ro code  0x08006f74     0x4  startup_stm32f103xe.o [1]
  .text               ro code  0x08006f78     0x4  startup_stm32f103xe.o [1]
  .text               ro code  0x08006f7c     0x4  startup_stm32f103xe.o [1]
  .text               ro code  0x08006f80     0x4  startup_stm32f103xe.o [1]
  .text               ro code  0x08006f84     0x4  startup_stm32f103xe.o [1]
  .text               ro code  0x08006f88     0x4  startup_stm32f103xe.o [1]
  .text               ro code  0x08006f8c     0x4  startup_stm32f103xe.o [1]
  .text               ro code  0x08006f90     0x4  startup_stm32f103xe.o [1]
  .text               ro code  0x08006f94     0x4  startup_stm32f103xe.o [1]
  .text               ro code  0x08006f98     0x4  startup_stm32f103xe.o [1]
  .text               ro code  0x08006f9c     0x4  startup_stm32f103xe.o [1]
  .text               ro code  0x08006fa0     0x4  startup_stm32f103xe.o [1]
  .text               ro code  0x08006fa4     0x4  startup_stm32f103xe.o [1]
  .text               ro code  0x08006fa8     0x4  startup_stm32f103xe.o [1]
  .text               ro code  0x08006fac     0x4  startup_stm32f103xe.o [1]
  .text               ro code  0x08006fb0     0x4  startup_stm32f103xe.o [1]
  .text               ro code  0x08006fb4     0x4  startup_stm32f103xe.o [1]
  .text               ro code  0x08006fb8     0x4  startup_stm32f103xe.o [1]
  .text               ro code  0x08006fbc     0x4  startup_stm32f103xe.o [1]
  .text               ro code  0x08006fc0     0x4  startup_stm32f103xe.o [1]
  .text               ro code  0x08006fc4     0x4  startup_stm32f103xe.o [1]
  .text               ro code  0x08006fc8     0x4  startup_stm32f103xe.o [1]
  .text               ro code  0x08006fcc     0x4  startup_stm32f103xe.o [1]
  .text               ro code  0x08006fd0     0x4  startup_stm32f103xe.o [1]
  .text               ro code  0x08006fd4     0x4  startup_stm32f103xe.o [1]
  .text               ro code  0x08006fd8     0x4  startup_stm32f103xe.o [1]
  .text               ro code  0x08006fdc     0x4  startup_stm32f103xe.o [1]
  .text               ro code  0x08006fe0     0x4  startup_stm32f103xe.o [1]
  .text               ro code  0x08006fe4     0x4  startup_stm32f103xe.o [1]
  .text               ro code  0x08006fe8     0x4  startup_stm32f103xe.o [1]
  .text               ro code  0x08006fec     0x4  startup_stm32f103xe.o [1]
  .text               ro code  0x08006ff0     0x4  startup_stm32f103xe.o [1]
  .text               ro code  0x08006ff4     0x4  startup_stm32f103xe.o [1]
  .text               ro code  0x08006ff8     0x4  startup_stm32f103xe.o [1]
  .text               ro code  0x08006ffc     0x4  startup_stm32f103xe.o [1]
  .text               ro code  0x08007000     0x4  startup_stm32f103xe.o [1]
  .text               ro code  0x08007004     0x4  startup_stm32f103xe.o [1]
  .text               ro code  0x08007008     0x4  startup_stm32f103xe.o [1]
  .text               ro code  0x0800700c     0x4  startup_stm32f103xe.o [1]
  .text               ro code  0x08007010     0x4  startup_stm32f103xe.o [1]
  .text               ro code  0x08007014     0x4  startup_stm32f103xe.o [1]
  .text               ro code  0x08007018     0x4  startup_stm32f103xe.o [1]
  .text               ro code  0x0800701c     0x4  startup_stm32f103xe.o [1]
  .text               ro code  0x08007020     0x4  startup_stm32f103xe.o [1]
  .text               ro code  0x08007024     0x4  startup_stm32f103xe.o [1]
  .text               ro code  0x08007028     0x4  startup_stm32f103xe.o [1]
  .text               ro code  0x0800702c     0x4  startup_stm32f103xe.o [1]
  .text               ro code  0x08007030     0x4  startup_stm32f103xe.o [1]
  .text               ro code  0x08007034     0x4  startup_stm32f103xe.o [1]
  .text               ro code  0x08007038     0x4  startup_stm32f103xe.o [1]
  .text               ro code  0x0800703c     0x4  startup_stm32f103xe.o [1]
  .text               ro code  0x08007040     0x4  startup_stm32f103xe.o [1]
  .text               ro code  0x08007044     0x4  startup_stm32f103xe.o [1]
  .text               ro code  0x08007048     0x4  startup_stm32f103xe.o [1]
  .text               ro code  0x0800704c     0x4  startup_stm32f103xe.o [1]
  .text               ro code  0x08007050     0x4  startup_stm32f103xe.o [1]
  .rodata             const    0x08007054     0x0  zero_init3.o [4]
  .rodata             const    0x08007054     0x0  copy_init3.o [4]
  Initializer bytes   ro data  0x08007054    0xc0  <for P2 s0>
                             - 0x08007114  0x6fe4

"P2":                                      0x3970
  P2 s0                        0x20000000    0xc0  <Init block>
    __DLIB_PERTHREAD  inited   0x20000000    0x74  setlocale.o [3]
    .data             inited   0x20000074    0x40  xfiles.o [3]
    .data             inited   0x200000b4     0x4  port.o [1]
    .data             inited   0x200000b8     0x4  system_stm32f1xx.o [1]
    .data             inited   0x200000bc     0x4  tasks.o [1]
  .bss                zero     0x200000c0  0x2000  heap_4.o [1]
  .bss                zero     0x200020c0  0x1000  CCSDeamon.o [1]
  .bss                zero     0x200030c0    0x8c  tasks.o [1]
  .bss                zero     0x2000314c    0x50  xfiles.o [3]
  .bss                zero     0x2000319c    0x40  print_com.o [1]
  .bss                zero     0x200031dc    0x38  print_com.o [1]
  .bss                zero     0x20003214    0x38  print_com.o [1]
  .bss                zero     0x2000324c    0x14  tasks.o [1]
  .bss                zero     0x20003260    0x14  tasks.o [1]
  .bss                zero     0x20003274    0x14  tasks.o [1]
  .bss                zero     0x20003288    0x14  tasks.o [1]
  .bss                zero     0x2000329c    0x14  tasks.o [1]
  .bss                zero     0x200032b0     0x8  AaSysLog.o [1]
  .bss                zero     0x200032b8     0x8  heap_4.o [1]
  .bss                zero     0x200032c0     0x8  xxmemxmalloc.o [3]
  .bss                zero     0x200032c8     0x4  AaMem.o [1]
  .bss                zero     0x200032cc     0x4  AaMem.o [1]
  .bss                zero     0x200032d0     0x4  AaMem.o [1]
  .bss                zero     0x200032d4     0x4  AaMem.o [1]
  .bss                zero     0x200032d8     0x4  AaMem.o [1]
  .bss                zero     0x200032dc     0x4  AaMem.o [1]
  .bss                zero     0x200032e0     0x4  AaMem.o [1]
  .bss                zero     0x200032e4     0x4  AaSysLog.o [1]
  .bss                zero     0x200032e8     0x4  AaSysLog.o [1]
  .bss                zero     0x200032ec     0x4  AaSysLog.o [1]
  .bss                zero     0x200032f0     0x4  AaSysLog.o [1]
  .bss                zero     0x200032f4     0x4  AaTag.o [1]
  .bss                zero     0x200032f8     0x4  AaTag.o [1]
  .bss                zero     0x200032fc     0x4  AaTag.o [1]
  .bss                zero     0x20003300     0x4  AaTag.o [1]
  .bss                zero     0x20003304     0x4  AaThread.o [1]
  .bss                zero     0x20003308     0x4  AaThread.o [1]
  .bss                zero     0x2000330c     0x4  CCSDeamon.o [1]
  .bss                zero     0x20003310     0x4  heap_4.o [1]
  .bss                zero     0x20003314     0x4  heap_4.o [1]
  .bss                zero     0x20003318     0x4  heap_4.o [1]
  .bss                zero     0x2000331c     0x4  heap_4.o [1]
  .bss                zero     0x20003320     0x4  led.o [1]
  .bss                zero     0x20003324     0x4  port.o [1]
  .bss                zero     0x20003328     0x4  stm32f1xx_hal.o [1]
  .bss                zero     0x2000332c     0x4  tasks.o [1]
  .bss                zero     0x20003330     0x4  tasks.o [1]
  .bss                zero     0x20003334     0x4  tasks.o [1]
  .bss                zero     0x20003338     0x4  tasks.o [1]
  .bss                zero     0x2000333c     0x4  tasks.o [1]
  .bss                zero     0x20003340     0x4  tasks.o [1]
  .bss                zero     0x20003344     0x4  tasks.o [1]
  .bss                zero     0x20003348     0x4  tasks.o [1]
  .bss                zero     0x2000334c     0x4  tasks.o [1]
  .bss                zero     0x20003350     0x4  tasks.o [1]
  .bss                zero     0x20003354     0x4  tasks.o [1]
  .bss                zero     0x20003358     0x4  tasks.o [1]
  .bss                zero     0x2000335c     0x4  tasks.o [1]
  .bss                zero     0x20003360     0x4  tsc3200.o [1]
  .bss                zero     0x20003364     0x4  xgetmemchunk.o [3]
  .bss                zero     0x20003368     0x1  AaSysLog.o [1]
  .bss                zero     0x20003369     0x1  AaSysLog.o [1]
  .bss                zero     0x2000336a     0x1  port.o [1]
  CSTACK                       0x20003370   0x400  <Block>
    CSTACK            uninit   0x20003370   0x400  <Block tail>
  HEAP                         0x20003770   0x200  <Block>
    HEAP              uninit   0x20003770   0x200  <Block tail>
                             - 0x20003970  0x3970


*******************************************************************************
*** INIT TABLE
***

          Address     Size
          -------     ----
Zero (__iar_zero_init3)
    1 destination range, total size 0x32ab:
          0x200000c0  0x32ab

Copy (__iar_copy_init3)
    1 source range, total size 0xc0:
          0x08007054    0xc0
    1 destination range, total size 0xc0:
          0x20000000    0xc0



*******************************************************************************
*** MODULE SUMMARY
***

    Module                  ro code  ro data  rw data
    ------                  -------  -------  -------
D:\HargicStudio\Stm32f103c8_demo\f103c8_freeRTOS\Projects\STM32F103RB-Nucleo\Applications\FoodStuff @Sec Board\FreeRTOS_ThreadCreation\EWARM\STM32F103RB_Nucleo\Obj: [1]
    AaMem.o                   1 152      316       28
    AaSysLog.o                1 624      684       26
    AaTag.o                     760      408       16
    AaThread.o                  342      100        8
    BipBuffer.o                 386
    CCSDeamon.o                 316      232    4 100
    cmsis_os.o                1 148
    fastcheck.o                 170
    heap_4.o                    588        4    8 216
    led.o                       248      108        4
    list.o                      158
    main.o                      130
    port.o                      456        8        9
    portasm.o                   148
    print_com.o                 504               176
    queue.o                   2 032
    startup_stm32f103xe.o       544
    stm32f1xx_hal.o             124                 4
    stm32f1xx_hal_cortex.o      316
    stm32f1xx_hal_dma.o       2 602
    stm32f1xx_hal_gpio.o        864
    stm32f1xx_hal_msp.o         152
    stm32f1xx_hal_rcc.o       3 188       34
    stm32f1xx_hal_uart.o      1 788
    stm32f1xx_it.o               76
    system_stm32f1xx.o          104        4        4
    tasks.o                   3 392       12      296
    tsc3200.o                    24                 4
    -------------------------------------------------
    Total:                   23 336    1 910   12 891

command line: [2]
    -------------------------------------------------
    Total:

dl7M_tlf.a: [3]
    exit.o                        4
    low_level_init.o              4
    printf.o                     36
    putchar.o                    12
    setlocale.o                  20      116      116
    sprintf.o                    52
    vprintf.o                    24
    vsprintf.o                   44
    xencoding_sb.o               96
    xfiles.o                              64      144
    xgetmemchunk.o               44                 4
    xmbcurmax.o                  10
    xmbtowc.o                    32
    xprintfsmall.o            1 956
    xprout.o                     22
    xsprout.o                    10
    xtls.o                        2
    xwctomb.o                    26
    xxmemxfree.o                128
    xxmemxmalloc.o              176                 8
    -------------------------------------------------
    Total:                    2 698      180      272

rt7M_tl.a: [4]
    ABImemclr4.o                  6
    ABImemcpy_unaligned.o       118
    ABImemset.o                 102
    ABImemset48.o                50
    cexit.o                      10
    cmain.o                      26
    copy_init3.o                 46
    cstartup_M.o                 12
    data_init.o                  40
    memchr.o                     88
    strchr.o                     22
    strcmp_unaligned.o           66
    strcpy_unaligned.o           68
    strlen.o                     54
    zero_init3.o                 34
    -------------------------------------------------
    Total:                      742

shb_l.a: [5]
    exit.o                       20
    -------------------------------------------------
    Total:                       20

    Gaps                         26
    Linker created                        36    1 536
-----------------------------------------------------
    Grand Total:             26 822    2 126   14 699


*******************************************************************************
*** ENTRY LIST
***

Entry                      Address    Size  Type      Object
-----                      -------    ----  ----      ------
?main                   0x08006c19          Code  Gb  cmain.o [4]
AaMemHeapCEInit         0x080059a5   0x112  Code  Gb  AaMem.o [1]
AaMemList               0x08005d5f    0x74  Code  Gb  AaMem.o [1]
AaMemMalloc             0x08005ab7   0x2a8  Code  Gb  AaMem.o [1]
AaSysLogCEInit          0x08004dd7   0x172  Code  Gb  AaSysLog.o [1]
AaSysLogCreateDeamon    0x08004f49    0x72  Code  Gb  AaSysLog.o [1]
AaSysLogDeamonThread    0x08004d35    0x86  Code  Lc  AaSysLog.o [1]
AaSysLogGetBipRegister  0x08004dbb     0xc  Code  Gb  AaSysLog.o [1]
AaSysLogPrintByDefault  0x08004ff1    0x70  Code  Lc  AaSysLog.o [1]
AaSysLogPrintByRunning  0x080051b1   0x14c  Code  Lc  AaSysLog.o [1]
AaSysLogPrintByStartup  0x08005061   0x150  Code  Lc  AaSysLog.o [1]
AaSysLogProcessPrintDefault
                        0x08004fbb     0xe  Code  Gb  AaSysLog.o [1]
AaSysLogProcessPrintRegister
                        0x08004fe5     0xa  Code  Lc  AaSysLog.o [1]
AaSysLogProcessPrintRunning
                        0x08004fd7     0xe  Code  Gb  AaSysLog.o [1]
AaSysLogProcessPrintStartup
                        0x08004fc9     0xe  Code  Gb  AaSysLog.o [1]
AaSysLogSendCplt        0x08004dc7    0x10  Code  Gb  AaSysLog.o [1]
AaTagCEInit             0x080060bf    0xb2  Code  Gb  AaTag.o [1]
AaTagCreate             0x080061cd    0xa4  Code  Gb  AaTag.o [1]
AaTagCreateDeamon       0x08006171    0x5c  Code  Gb  AaTag.o [1]
AaTagDeamonThread       0x0800605d    0x62  Code  Lc  AaTag.o [1]
AaTagFindMngPtr         0x080062cb    0x30  Code  Lc  AaTag.o [1]
AaTagSetValue           0x08006271    0x5a  Code  Gb  AaTag.o [1]
AaThreadCEInit          0x08005e25    0x4c  Code  Gb  AaThread.o [1]
AaThreadCreateStartup   0x08005e71    0xa8  Code  Gb  AaThread.o [1]
AaThreadFindMngPtr      0x08005f19    0x26  Code  Lc  AaThread.o [1]
AaThreadGetName         0x08005f61    0x1a  Code  Gb  AaThread.o [1]
BusFault_Handler        0x080066f7     0x2  Code  Gb  stm32f1xx_it.o [1]
CBipBuffer_Commit       0x080058ff    0x5c  Code  Gb  BipBuffer.o [1]
CBipBuffer_Construct    0x08005821    0x38  Code  Gb  BipBuffer.o [1]
CBipBuffer_Decommit     0x08005977    0x2c  Code  Gb  BipBuffer.o [1]
CBipBuffer_Get          0x0800595b    0x1c  Code  Gb  BipBuffer.o [1]
CBipBuffer_Reserve      0x08005859    0xa6  Code  Gb  BipBuffer.o [1]
CCSDeamonCEInit         0x08006399    0x6a  Code  Gb  CCSDeamon.o [1]
CCSDeamonCreateThread   0x08006403    0x5a  Code  Lc  CCSDeamon.o [1]
CCSDeamonThread         0x0800645d    0x38  Code  Lc  CCSDeamon.o [1]
CSTACK$$Base            0x20003370           --   Gb  - Linker created -
CSTACK$$Limit           0x20003770           --   Gb  - Linker created -
DMA1_Channel4_IRQHandler
                        0x08006715     0xc  Code  Gb  stm32f1xx_it.o [1]
DMA1_Channel5_IRQHandler
                        0x08006709     0xc  Code  Gb  stm32f1xx_it.o [1]
DMA_SetConfig           0x08002d21    0x22  Code  Lc  stm32f1xx_hal_dma.o [1]
DebugMon_Handler        0x080066fb     0x2  Code  Gb  stm32f1xx_it.o [1]
EXTI9_5_IRQHandler      0x08006731     0xc  Code  Gb  stm32f1xx_it.o [1]
GetBipAndSendByDMA      0x0800476b    0x14  Code  Gb  print_com.o [1]
GetBipAndSendByPolling  0x0800477f    0x18  Code  Gb  print_com.o [1]
HAL_DMA_IRQHandler      0x080023df   0x900  Code  Gb  stm32f1xx_hal_dma.o [1]
HAL_DMA_Init            0x08002319    0x58  Code  Gb  stm32f1xx_hal_dma.o [1]
HAL_DMA_Start_IT        0x08002371    0x6e  Code  Gb  stm32f1xx_hal_dma.o [1]
HAL_Delay               0x0800213b    0x1a  Code  Wk  stm32f1xx_hal.o [1]
HAL_GPIO_EXTI_Callback  0x0800538d    0x14  Code  Gb  tsc3200.o [1]
HAL_GPIO_EXTI_IRQHandler
                        0x08004cc9    0x1e  Code  Gb  stm32f1xx_hal_gpio.o [1]
HAL_GPIO_Init           0x080049d5   0x2d6  Code  Gb  stm32f1xx_hal_gpio.o [1]
HAL_GPIO_TogglePin      0x08004cbf     0xa  Code  Gb  stm32f1xx_hal_gpio.o [1]
HAL_GPIO_WritePin       0x08004cab    0x14  Code  Gb  stm32f1xx_hal_gpio.o [1]
HAL_GetTick             0x08002135     0x6  Code  Wk  stm32f1xx_hal.o [1]
HAL_IncTick             0x08002129     0xc  Code  Wk  stm32f1xx_hal.o [1]
HAL_Init                0x080020e1    0x22  Code  Gb  stm32f1xx_hal.o [1]
HAL_InitTick            0x08002105    0x24  Code  Wk  stm32f1xx_hal.o [1]
HAL_MspInit             0x08002103     0x2  Code  Wk  stm32f1xx_hal.o [1]
HAL_NVIC_EnableIRQ      0x080022df     0xe  Code  Gb  stm32f1xx_hal_cortex.o [1]
HAL_NVIC_SetPriority    0x080022b9    0x26  Code  Gb  stm32f1xx_hal_cortex.o [1]
HAL_NVIC_SetPriorityGrouping
                        0x080022ad     0xc  Code  Gb  stm32f1xx_hal_cortex.o [1]
HAL_RCC_ClockConfig     0x08001c3d   0x372  Code  Gb  stm32f1xx_hal_rcc.o [1]
HAL_RCC_GetHCLKFreq     0x08002039    0x28  Code  Gb  stm32f1xx_hal_rcc.o [1]
HAL_RCC_GetPCLK1Freq    0x08002061    0x20  Code  Gb  stm32f1xx_hal_rcc.o [1]
HAL_RCC_GetPCLK2Freq    0x08002085    0x20  Code  Gb  stm32f1xx_hal_rcc.o [1]
HAL_RCC_GetSysClockFreq
                        0x08001faf    0x8a  Code  Gb  stm32f1xx_hal_rcc.o [1]
HAL_RCC_OscConfig       0x0800146d   0x7d0  Code  Gb  stm32f1xx_hal_rcc.o [1]
HAL_SYSTICK_Config      0x080022ed     0xc  Code  Gb  stm32f1xx_hal_cortex.o [1]
HAL_UART_DBG_ErrorCallback
                        0x080048e7     0x2  Code  Gb  print_com.o [1]
HAL_UART_DBG_MspInit    0x08004797   0x144  Code  Gb  print_com.o [1]
HAL_UART_DBG_RxCpltCallback
                        0x080048e5     0x2  Code  Gb  print_com.o [1]
HAL_UART_DBG_TxCpltCallback
                        0x080048db     0xa  Code  Gb  print_com.o [1]
HAL_UART_ErrorCallback  0x08004705    0x24  Code  Gb  stm32f1xx_hal_msp.o [1]
HAL_UART_IRQHandler     0x080041b1   0x11a  Code  Gb  stm32f1xx_hal_uart.o [1]
HAL_UART_Init           0x08003f9d    0x70  Code  Gb  stm32f1xx_hal_uart.o [1]
HAL_UART_MspInit        0x08004699    0x24  Code  Gb  stm32f1xx_hal_msp.o [1]
HAL_UART_RxCpltCallback
                        0x080046e1    0x24  Code  Gb  stm32f1xx_hal_msp.o [1]
HAL_UART_Transmit       0x0800400d    0xfc  Code  Gb  stm32f1xx_hal_uart.o [1]
HAL_UART_Transmit_DMA   0x08004109    0xa8  Code  Gb  stm32f1xx_hal_uart.o [1]
HAL_UART_TxCpltCallback
                        0x080046bd    0x24  Code  Gb  stm32f1xx_hal_msp.o [1]
HAL_UART_TxHalfCpltCallback
                        0x080042cb     0x2  Code  Wk  stm32f1xx_hal_uart.o [1]
HAL_UART_USB_ErrorCallback
                        0x080049d1     0x2  Code  Gb  fastcheck.o [1]
HAL_UART_USB_MspInit    0x08004929    0x8c  Code  Gb  fastcheck.o [1]
HAL_UART_USB_RxCpltCallback
                        0x080049cf     0x2  Code  Gb  fastcheck.o [1]
HAL_UART_USB_TxCpltCallback
                        0x080049c5     0xa  Code  Gb  fastcheck.o [1]
HEAP$$Base              0x20003770           --   Gb  - Linker created -
HEAP$$Limit             0x20003970           --   Gb  - Linker created -
HardFault_Handler       0x080066f3     0x2  Code  Gb  stm32f1xx_it.o [1]
LedDeviceInit           0x08006531    0x5a  Code  Lc  led.o [1]
LedOff                  0x0800658b    0x10  Code  Lc  led.o [1]
LedToggle               0x0800659b     0xe  Code  Lc  led.o [1]
LoadInt                 0x08003953    0x4c  Code  Lc  xprintfsmall.o [3]
MemManage_Handler       0x080066f5     0x2  Code  Gb  stm32f1xx_it.o [1]
NMI_Handler             0x080066f1     0x2  Code  Gb  stm32f1xx_it.o [1]
NVIC_EnableIRQ          0x08002205    0x14  Code  Lc  stm32f1xx_hal_cortex.o [1]
NVIC_EncodePriority     0x0800223f    0x3e  Code  Lc  stm32f1xx_hal_cortex.o [1]
NVIC_GetPriorityGrouping
                        0x080021fb     0xa  Code  Lc  stm32f1xx_hal_cortex.o [1]
NVIC_SetPriority        0x08002219    0x26  Code  Lc  stm32f1xx_hal_cortex.o [1]
NVIC_SetPriorityGrouping
                        0x080021dd    0x1e  Code  Lc  stm32f1xx_hal_cortex.o [1]
PendSV_Handler          0x08000e71          Code  Gb  portasm.o [1]
Region$$Table$$Base     0x080069d4           --   Gb  - Linker created -
Region$$Table$$Limit    0x080069f8           --   Gb  - Linker created -
RunLedThread            0x080064d5    0x3a  Code  Lc  led.o [1]
SVC_Handler             0x08000ec3          Code  Gb  portasm.o [1]
StartRunLedTask         0x0800650f    0x22  Code  Gb  led.o [1]
StdUsartInit            0x08004731    0x3a  Code  Gb  print_com.o [1]
SysTick_Config          0x0800227d    0x30  Code  Lc  stm32f1xx_hal_cortex.o [1]
SysTick_Handler         0x080066fd     0xc  Code  Gb  stm32f1xx_it.o [1]
SystemClock_Config      0x0800661b    0x6e  Code  Gb  main.o [1]
SystemCoreClock         0x200000b8     0x4  Data  Gb  system_stm32f1xx.o [1]
SystemInit              0x08006689    0x4e  Code  Gb  system_stm32f1xx.o [1]
UART_DMAError           0x08004311    0x24  Code  Lc  stm32f1xx_hal_uart.o [1]
UART_DMATransmitCplt    0x080042cd    0x34  Code  Lc  stm32f1xx_hal_uart.o [1]
UART_DMATxHalfCplt      0x08004301     0xe  Code  Lc  stm32f1xx_hal_uart.o [1]
UART_EndTransmit_IT     0x08004491    0x30  Code  Lc  stm32f1xx_hal_uart.o [1]
UART_Receive_IT         0x080044c1    0xc4  Code  Lc  stm32f1xx_hal_uart.o [1]
UART_SetConfig          0x08004585   0x10c  Code  Lc  stm32f1xx_hal_uart.o [1]
UART_Transmit_IT        0x08004417    0x7a  Code  Lc  stm32f1xx_hal_uart.o [1]
UART_WaitOnFlagUntilTimeout
                        0x08004335    0xe2  Code  Lc  stm32f1xx_hal_uart.o [1]
USART1_IRQHandler       0x08006721     0xa  Code  Gb  stm32f1xx_it.o [1]
UartHandle_dbg          0x2000319c    0x40  Data  Gb  print_com.o [1]
UsageFault_Handler      0x080066f9     0x2  Code  Gb  stm32f1xx_it.o [1]
_EncodingSb_Mbtowc      0x08003f27    0x30  Code  Gb  xencoding_sb.o [3]
_EncodingSb_Wctomb      0x08003f0d    0x1a  Code  Gb  xencoding_sb.o [3]
_IsdstStr               0x20000004     0x4  Data  Gb  setlocale.o [3]
_LitobSmall             0x08003bc5    0xce  Code  Lc  xprintfsmall.o [3]
_LocaleEncoding         0x08003ef9     0xe  Code  Gb  setlocale.o [3]
_LocaleReturnString     0x20000024    0x50  Data  Lc  setlocale.o [3]
_Locale_Profile         0x20000008    0x1c  Data  Gb  setlocale.o [3]
_Mbtowc                 0x08003cd9    0x20  Code  Gb  xmbtowc.o [3]
_PrintfSmall            0x08003535   0x414  Code  Gb  xprintfsmall.o [3]
_Prout                  0x08006d05    0x16  Code  Gb  xprout.o [3]
_PutcharsSmall          0x08003c93    0x2e  Code  Lc  xprintfsmall.o [3]
_PutstrSmall            0x0800399f   0x226  Code  Lc  xprintfsmall.o [3]
_SProut                 0x080021d3     0xa  Code  Gb  xsprout.o [3]
_TzoneStr               0x20000000     0x4  Data  Gb  setlocale.o [3]
_Wctomb                 0x08003e5d    0x1a  Code  Gb  xwctomb.o [3]
__aeabi_memclr4         0x080065cd          Code  Gb  ABImemclr4.o [4]
__aeabi_memset          0x080013e5          Code  Gb  ABImemset.o [4]
__cmain                 0x08006c19          Code  Gb  cmain.o [4]
__data_Aldata           0x200032c0     0x8  Data  Gb  xxmemxmalloc.o [3]
__data_GetMemChunk      0x08003f6d    0x2c  Code  Gb  xgetmemchunk.o [3]
__exit                  0x08006c49    0x14  Code  Gb  exit.o [5]
__iar_Mbcurmax          0x08003da1     0xa  Code  Gb  xmbcurmax.o [3]
__iar_Memchr            0x08003d49          Code  Gb  memchr.o [4]
__iar_Memset            0x080013e5          Code  Gb  ABImemset.o [4]
__iar_Memset4_word      0x080065d5          Code  Gb  ABImemset48.o [4]
__iar_Memset8_word      0x080065d5          Code  Gb  ABImemset48.o [4]
__iar_Memset_word       0x080013ed          Code  Gb  ABImemset.o [4]
__iar_Stdout            0x20000074    0x40  Data  Gb  xfiles.o [3]
__iar_Strchr            0x08003cf9          Code  Gb  strchr.o [4]
__iar_copy_init3        0x0800116b    0x2e  Code  Gb  copy_init3.o [4]
__iar_data_init3        0x08006941    0x28  Code  Gb  data_init.o [4]
__iar_dlib_perthread_access
                        0x08003f99     0x2  Code  Gb  xtls.o [3]
__iar_program_start     0x08006ecd          Code  Gb  cstartup_M.o [4]
__iar_strcmp            0x08006355          Code  Gb  strcmp_unaligned.o [4]
__iar_unaligned___aeabi_memcpy
                        0x0800215d          Code  Gb  ABImemcpy_unaligned.o [4]
__iar_unaligned___aeabi_memcpy4
                        0x0800217d          Code  Gb  ABImemcpy_unaligned.o [4]
__iar_unaligned___aeabi_memcpy8
                        0x0800217d          Code  Gb  ABImemcpy_unaligned.o [4]
__iar_unaligned_strcmp  0x08006355          Code  Gb  strcmp_unaligned.o [4]
__iar_unaligned_strcpy  0x08006019          Code  Gb  strcpy_unaligned.o [4]
__iar_zero_init3        0x0800144b    0x22  Code  Gb  zero_init3.o [4]
__low_level_init        0x08006c33     0x4  Code  Gb  low_level_init.o [3]
__vector_table          0x08000000          Data  Gb  startup_stm32f103xe.o [1]
_aasyslog_index         0x20003368     0x1  Data  Lc  AaSysLog.o [1]
_aasyslog_mng           0x200032b0     0x8  Data  Gb  AaSysLog.o [1]
_aasyslog_mutex_id      0x200032e8     0x4  Data  Gb  AaSysLog.o [1]
_aasyslog_sendcplt_sem_id
                        0x200032ec     0x4  Data  Gb  AaSysLog.o [1]
_aasyslogdeamon_id      0x200032f0     0x4  Data  Gb  AaSysLog.o [1]
_aatag_mng              0x200032f4     0x4  Data  Gb  AaTag.o [1]
_aatag_msgbox_id        0x200032fc     0x4  Data  Gb  AaTag.o [1]
_aatag_mutex_id         0x200032f8     0x4  Data  Gb  AaTag.o [1]
_aatagdeamon_id         0x20003300     0x4  Data  Gb  AaTag.o [1]
_aathread_mng_head_ptr  0x20003304     0x4  Data  Gb  AaThread.o [1]
_aathread_mutex_id      0x20003308     0x4  Data  Gb  AaThread.o [1]
_call_main              0x08006c25          Code  Gb  cmain.o [4]
_ccsdeamon_id           0x2000330c     0x4  Data  Gb  CCSDeamon.o [1]
_exit                   0x08006c3d          Code  Gb  cexit.o [4]
_heap_sem_id            0x200032d4     0x4  Data  Lc  AaMem.o [1]
_main                   0x08006c2f          Code  Gb  cmain.o [4]
_mem_heap_buf           0x200020c0  0x1000  Data  Gb  CCSDeamon.o [1]
_p_bip_buffer           0x200032e4     0x4  Data  Lc  AaSysLog.o [1]
_print_level            0x20003369     0x1  Data  Lc  AaSysLog.o [1]
_runled_id              0x20003320     0x4  Data  Gb  led.o [1]
aAPBAHBPrescTable       0x08006e60    0x10  Data  Gb  stm32f1xx_hal_rcc.o [1]
amount                  0x20003360     0x4  Data  Gb  tsc3200.o [1]
exit                    0x08006c37     0x4  Code  Gb  exit.o [3]
fputc                   0x080048e9    0x18  Code  Gb  print_com.o [1]
free                    0x08003e79    0x7a  Code  Gb  xxmemxfree.o [3]
heap_end                0x200032cc     0x4  Data  Lc  AaMem.o [1]
heap_ptr                0x200032c8     0x4  Data  Lc  AaMem.o [1]
inHandlerMode           0x080053b7    0x12  Code  Lc  cmsis_os.o [1]
lfree                   0x200032d0     0x4  Data  Lc  AaMem.o [1]
main                    0x08006607    0x14  Code  Gb  main.o [1]
makeFreeRtosPriority    0x080053a5    0x12  Code  Lc  cmsis_os.o [1]
malloc                  0x08003dad    0xac  Code  Gb  xxmemxmalloc.o [3]
max_mem                 0x200032e0     0x4  Data  Lc  AaMem.o [1]
mem_size_aligned        0x200032d8     0x4  Data  Lc  AaMem.o [1]
memchr                  0x08003d49          Code  Gb  memchr.o [4]
obuf                    0x2000314c    0x50  Data  Lc  xfiles.o [3]
osDelay                 0x0800542b    0x1c  Code  Gb  cmsis_os.o [1]
osKernelStart           0x080053c9     0xa  Code  Gb  cmsis_os.o [1]
osKernelSysTick         0x080053d3    0x16  Code  Gb  cmsis_os.o [1]
osMessageCreate         0x080056e9    0x12  Code  Gb  cmsis_os.o [1]
osMessageGet            0x0800575b    0xb0  Code  Gb  cmsis_os.o [1]
osMessagePut            0x080056fb    0x60  Code  Gb  cmsis_os.o [1]
osMutexCreate           0x08005515     0xc  Code  Gb  cmsis_os.o [1]
osMutexRelease          0x0800559f    0x4c  Code  Gb  cmsis_os.o [1]
osMutexWait             0x08005521    0x7e  Code  Gb  cmsis_os.o [1]
osSemaphoreCreate       0x080055eb    0x34  Code  Gb  cmsis_os.o [1]
osSemaphoreRelease      0x0800569d    0x4c  Code  Gb  cmsis_os.o [1]
osSemaphoreWait         0x0800561f    0x7e  Code  Gb  cmsis_os.o [1]
osSignalSet             0x08005447    0x50  Code  Gb  cmsis_os.o [1]
osSignalWait            0x08005497    0x7e  Code  Gb  cmsis_os.o [1]
osSystickHandler        0x0800580b    0x10  Code  Gb  cmsis_os.o [1]
osThreadCreate          0x080053e9    0x3a  Code  Gb  cmsis_os.o [1]
osThreadGetId           0x08005423     0x8  Code  Gb  cmsis_os.o [1]
os_messageQ_def_aatag_msgbox
                        0x08006f20     0x8  Data  Lc  AaTag.o [1]
os_mutex_def_aasyslog_mutex
                        0x08006f5c     0x4  Data  Lc  AaSysLog.o [1]
os_mutex_def_aatag_mutex
                        0x08006f64     0x4  Data  Lc  AaTag.o [1]
os_mutex_def_aathread_mutex
                        0x08006f68     0x4  Data  Lc  AaThread.o [1]
os_semaphore_def_aasyslog_sendcplt_sem
                        0x08006f60     0x4  Data  Lc  AaSysLog.o [1]
os_semaphore_def_heap_sem
                        0x08006f58     0x4  Data  Lc  AaMem.o [1]
pcInterruptPriorityRegisters
                        0x08006f70     0x4  Data  Lc  port.o [1]
printf                  0x08005f7d    0x24  Code  Gb  printf.o [3]
prvAddCurrentTaskToDelayedList
                        0x080008e5    0x4e  Code  Lc  tasks.o [1]
prvAllocateTCBAndStack  0x08000933    0x5a  Code  Lc  tasks.o [1]
prvCheckTasksWaitingTermination
                        0x08000875    0x66  Code  Lc  tasks.o [1]
prvCopyDataFromQueue    0x08003459    0x30  Code  Lc  queue.o [1]
prvCopyDataToQueue      0x080033c1    0x98  Code  Lc  queue.o [1]
prvDeleteTCB            0x0800098d    0x12  Code  Lc  tasks.o [1]
prvHeapInit             0x080012f7    0x6e  Code  Lc  heap_4.o [1]
prvIdleTask             0x0800078d    0x18  Code  Lc  tasks.o [1]
prvInitialiseTCBVariables
                        0x080007a9    0x6c  Code  Lc  tasks.o [1]
prvInitialiseTaskLists  0x08000815    0x56  Code  Lc  tasks.o [1]
prvInsertBlockIntoFreeList
                        0x08001365    0x62  Code  Lc  heap_4.o [1]
prvIsQueueEmpty         0x080034f3    0x20  Code  Lc  queue.o [1]
prvIsQueueFull          0x08003513    0x22  Code  Lc  queue.o [1]
prvResetNextTaskUnblockTime
                        0x0800099f    0x2e  Code  Lc  tasks.o [1]
prvTaskExitError        0x08000f21    0x18  Code  Lc  port.o [1]
prvUnlockQueue          0x08003489    0x6a  Code  Lc  queue.o [1]
putchar                 0x08006d1d     0xc  Code  Gb  putchar.o [3]
pvPortMalloc            0x08001199    0xfa  Code  Gb  heap_4.o [1]
pvTaskIncrementMutexHeldCount
                        0x08000b4f    0x1e  Code  Gb  tasks.o [1]
pxCurrentTCB            0x2000332c     0x4  Data  Gb  tasks.o [1]
pxDelayedTaskList       0x20003330     0x4  Data  Lc  tasks.o [1]
pxEnd                   0x20003310     0x4  Data  Lc  heap_4.o [1]
pxOverflowDelayedTaskList
                        0x20003334     0x4  Data  Lc  tasks.o [1]
pxPortInitialiseStack   0x08000f05    0x1c  Code  Gb  port.o [1]
pxReadyTasksLists       0x200030c0    0x8c  Data  Lc  tasks.o [1]
sprintf                 0x08005fb9    0x34  Code  Gb  sprintf.o [3]
strchr                  0x08003cf9          Code  Gb  strchr.o [4]
strlen                  0x08003d11          Code  Gb  strlen.o [4]
ucHeap                  0x200000c0  0x2000  Data  Lc  heap_4.o [1]
ucMaxSysCallPriority    0x2000336a     0x1  Data  Lc  port.o [1]
ulMaxPRIGROUPValue      0x20003324     0x4  Data  Lc  port.o [1]
ulPortSetInterruptMask  0x08000eaf          Code  Gb  portasm.o [1]
used_mem                0x200032dc     0x4  Data  Lc  AaMem.o [1]
uwTick                  0x20003328     0x4  Data  Lc  stm32f1xx_hal.o [1]
uxCriticalNesting       0x200000b4     0x4  Data  Lc  port.o [1]
uxCurrentNumberOfTasks  0x2000333c     0x4  Data  Lc  tasks.o [1]
uxListRemove            0x08001143    0x28  Code  Gb  list.o [1]
uxPendedTicks           0x2000334c     0x4  Data  Lc  tasks.o [1]
uxSchedulerSuspended    0x2000335c     0x4  Data  Lc  tasks.o [1]
uxTaskNumber            0x20003358     0x4  Data  Lc  tasks.o [1]
uxTasksDeleted          0x20003338     0x4  Data  Lc  tasks.o [1]
uxTopReadyPriority      0x20003344     0x4  Data  Lc  tasks.o [1]
vListInitialise         0x080010cd    0x1e  Code  Gb  list.o [1]
vListInitialiseItem     0x080010eb     0x6  Code  Gb  list.o [1]
vListInsert             0x08001109    0x3a  Code  Gb  list.o [1]
vListInsertEnd          0x080010f1    0x18  Code  Gb  list.o [1]
vPortClearInterruptMask
                        0x08000ebd          Code  Gb  portasm.o [1]
vPortEnterCritical      0x08000fd3    0x30  Code  Gb  port.o [1]
vPortExitCritical       0x08001003    0x2a  Code  Gb  port.o [1]
vPortFree               0x08001293    0x64  Code  Gb  heap_4.o [1]
vPortSetupTimerInterrupt
                        0x0800104b    0x1a  Code  Wk  port.o [1]
vPortStartFirstTask     0x08000ee3          Code  Gb  portasm.o [1]
vPortValidateInterruptPriority
                        0x08001065    0x3c  Code  Gb  port.o [1]
vPortYield              0x08000fc1    0x12  Code  Gb  port.o [1]
vTaskDelay              0x08000287    0x6c  Code  Gb  tasks.o [1]
vTaskMissedYield        0x08000781     0xa  Code  Gb  tasks.o [1]
vTaskPlaceOnEventList   0x080005eb    0x6c  Code  Gb  tasks.o [1]
vTaskPriorityInherit    0x080009fd    0xac  Code  Gb  tasks.o [1]
vTaskSetTimeOutState    0x080006ed    0x20  Code  Gb  tasks.o [1]
vTaskStartScheduler     0x080002f3    0x4e  Code  Gb  tasks.o [1]
vTaskSuspendAll         0x08000341    0x10  Code  Gb  tasks.o [1]
vTaskSwitchContext      0x08000581    0x6a  Code  Gb  tasks.o [1]
vprintf                 0x08005fa1    0x18  Code  Gb  vprintf.o [3]
vsprintf                0x08005fed    0x2c  Code  Gb  vsprintf.o [3]
xBlockAllocatedBit      0x2000331c     0x4  Data  Lc  heap_4.o [1]
xDelayedTaskList1       0x2000324c    0x14  Data  Lc  tasks.o [1]
xDelayedTaskList2       0x20003260    0x14  Data  Lc  tasks.o [1]
xFreeBytesRemaining     0x20003314     0x4  Data  Lc  heap_4.o [1]
xHeapStructSize         0x08006f6c     0x4  Data  Lc  heap_4.o [1]
xMinimumEverFreeBytesRemaining
                        0x20003318     0x4  Data  Lc  heap_4.o [1]
xNextTaskUnblockTime    0x200000bc     0x4  Data  Lc  tasks.o [1]
xNumOfOverflows         0x20003354     0x4  Data  Lc  tasks.o [1]
xPendingReadyList       0x20003274    0x14  Data  Lc  tasks.o [1]
xPortStartScheduler     0x08000f39    0x88  Code  Gb  port.o [1]
xPortSysTickHandler     0x0800102d    0x1e  Code  Gb  port.o [1]
xQueueCreateCountingSemaphore
                        0x08002e91    0x3a  Code  Gb  queue.o [1]
xQueueCreateMutex       0x08002e2b    0x66  Code  Gb  queue.o [1]
xQueueGenericCreate     0x08002dbd    0x6e  Code  Gb  queue.o [1]
xQueueGenericReceive    0x0800319b   0x184  Code  Gb  queue.o [1]
xQueueGenericReset      0x08002d45    0x78  Code  Gb  queue.o [1]
xQueueGenericSend       0x08002ecb   0x160  Code  Gb  queue.o [1]
xQueueGenericSendFromISR
                        0x0800302b    0xc2  Code  Gb  queue.o [1]
xQueueGiveFromISR       0x080030ed    0xae  Code  Gb  queue.o [1]
xQueueReceiveFromISR    0x0800331f    0xa2  Code  Gb  queue.o [1]
xSchedulerRunning       0x20003348     0x4  Data  Lc  tasks.o [1]
xStart                  0x200032b8     0x8  Data  Lc  heap_4.o [1]
xSuspendedTaskList      0x2000329c    0x14  Data  Lc  tasks.o [1]
xTaskCheckForTimeOut    0x0800070d    0x74  Code  Gb  tasks.o [1]
xTaskGenericCreate      0x08000131   0x156  Code  Gb  tasks.o [1]
xTaskGenericNotify      0x08000c4b    0xe0  Code  Gb  tasks.o [1]
xTaskGetCurrentTaskHandle
                        0x080009cd     0xa  Code  Gb  tasks.o [1]
xTaskGetSchedulerState  0x080009d7    0x26  Code  Gb  tasks.o [1]
xTaskGetTickCount       0x08000439     0xa  Code  Gb  tasks.o [1]
xTaskGetTickCountFromISR
                        0x08000443    0x16  Code  Gb  tasks.o [1]
xTaskIncrementTick      0x08000459   0x128  Code  Gb  tasks.o [1]
xTaskNotifyFromISR      0x08000d35    0xf6  Code  Gb  tasks.o [1]
xTaskNotifyWait         0x08000b7d    0xce  Code  Gb  tasks.o [1]
xTaskPriorityDisinherit
                        0x08000aa9    0xa6  Code  Gb  tasks.o [1]
xTaskRemoveFromEventList
                        0x0800065d    0x7a  Code  Gb  tasks.o [1]
xTaskResumeAll          0x08000351    0xe8  Code  Gb  tasks.o [1]
xTasksWaitingTermination
                        0x20003288    0x14  Data  Lc  tasks.o [1]
xTickCount              0x20003340     0x4  Data  Lc  tasks.o [1]
xYieldPending           0x20003350     0x4  Data  Lc  tasks.o [1]


[1] = D:\HargicStudio\Stm32f103c8_demo\f103c8_freeRTOS\Projects\STM32F103RB-Nucleo\Applications\FoodStuff @Sec Board\FreeRTOS_ThreadCreation\EWARM\STM32F103RB_Nucleo\Obj
[2] = command line
[3] = dl7M_tlf.a
[4] = rt7M_tl.a
[5] = shb_l.a

  26 822 bytes of readonly  code memory
   2 126 bytes of readonly  data memory
  14 699 bytes of readwrite data memory

Errors: none
Warnings: none
