###############################################################################
#
# IAR ELF Linker V7.30.1.7746/W32 for ARM                 29/May/2016  23:39:45
# Copyright 2007-2014 IAR Systems AB.
#
#    Output file  =  
#        D:\HargicStudio\Stm32f103c8_demo\f103c8_freeRTOS\Projects\STM32F103RB-Nucleo\Applications\FoodStuff\FreeRTOS_ThreadCreation\EWARM\STM32F103RB_Nucleo\Exe\Project.out
#    Map file     =  
#        D:\HargicStudio\Stm32f103c8_demo\f103c8_freeRTOS\Projects\STM32F103RB-Nucleo\Applications\FoodStuff\FreeRTOS_ThreadCreation\EWARM\STM32F103RB_Nucleo\List\Project.map
#    Command line =  
#        D:\HargicStudio\Stm32f103c8_demo\f103c8_freeRTOS\Projects\STM32F103RB-Nucleo\Applications\FoodStuff\FreeRTOS_ThreadCreation\EWARM\STM32F103RB_Nucleo\Obj\AaMem.o
#        D:\HargicStudio\Stm32f103c8_demo\f103c8_freeRTOS\Projects\STM32F103RB-Nucleo\Applications\FoodStuff\FreeRTOS_ThreadCreation\EWARM\STM32F103RB_Nucleo\Obj\AaSysLog.o
#        D:\HargicStudio\Stm32f103c8_demo\f103c8_freeRTOS\Projects\STM32F103RB-Nucleo\Applications\FoodStuff\FreeRTOS_ThreadCreation\EWARM\STM32F103RB_Nucleo\Obj\AaTag.o
#        D:\HargicStudio\Stm32f103c8_demo\f103c8_freeRTOS\Projects\STM32F103RB-Nucleo\Applications\FoodStuff\FreeRTOS_ThreadCreation\EWARM\STM32F103RB_Nucleo\Obj\AaThread.o
#        D:\HargicStudio\Stm32f103c8_demo\f103c8_freeRTOS\Projects\STM32F103RB-Nucleo\Applications\FoodStuff\FreeRTOS_ThreadCreation\EWARM\STM32F103RB_Nucleo\Obj\BipBuffer.o
#        D:\HargicStudio\Stm32f103c8_demo\f103c8_freeRTOS\Projects\STM32F103RB-Nucleo\Applications\FoodStuff\FreeRTOS_ThreadCreation\EWARM\STM32F103RB_Nucleo\Obj\CCSDeamon.o
#        D:\HargicStudio\Stm32f103c8_demo\f103c8_freeRTOS\Projects\STM32F103RB-Nucleo\Applications\FoodStuff\FreeRTOS_ThreadCreation\EWARM\STM32F103RB_Nucleo\Obj\cmsis_os.o
#        D:\HargicStudio\Stm32f103c8_demo\f103c8_freeRTOS\Projects\STM32F103RB-Nucleo\Applications\FoodStuff\FreeRTOS_ThreadCreation\EWARM\STM32F103RB_Nucleo\Obj\heap_4.o
#        D:\HargicStudio\Stm32f103c8_demo\f103c8_freeRTOS\Projects\STM32F103RB-Nucleo\Applications\FoodStuff\FreeRTOS_ThreadCreation\EWARM\STM32F103RB_Nucleo\Obj\led.o
#        D:\HargicStudio\Stm32f103c8_demo\f103c8_freeRTOS\Projects\STM32F103RB-Nucleo\Applications\FoodStuff\FreeRTOS_ThreadCreation\EWARM\STM32F103RB_Nucleo\Obj\list.o
#        D:\HargicStudio\Stm32f103c8_demo\f103c8_freeRTOS\Projects\STM32F103RB-Nucleo\Applications\FoodStuff\FreeRTOS_ThreadCreation\EWARM\STM32F103RB_Nucleo\Obj\main.o
#        D:\HargicStudio\Stm32f103c8_demo\f103c8_freeRTOS\Projects\STM32F103RB-Nucleo\Applications\FoodStuff\FreeRTOS_ThreadCreation\EWARM\STM32F103RB_Nucleo\Obj\port.o
#        D:\HargicStudio\Stm32f103c8_demo\f103c8_freeRTOS\Projects\STM32F103RB-Nucleo\Applications\FoodStuff\FreeRTOS_ThreadCreation\EWARM\STM32F103RB_Nucleo\Obj\portasm.o
#        D:\HargicStudio\Stm32f103c8_demo\f103c8_freeRTOS\Projects\STM32F103RB-Nucleo\Applications\FoodStuff\FreeRTOS_ThreadCreation\EWARM\STM32F103RB_Nucleo\Obj\print_com.o
#        D:\HargicStudio\Stm32f103c8_demo\f103c8_freeRTOS\Projects\STM32F103RB-Nucleo\Applications\FoodStuff\FreeRTOS_ThreadCreation\EWARM\STM32F103RB_Nucleo\Obj\queue.o
#        D:\HargicStudio\Stm32f103c8_demo\f103c8_freeRTOS\Projects\STM32F103RB-Nucleo\Applications\FoodStuff\FreeRTOS_ThreadCreation\EWARM\STM32F103RB_Nucleo\Obj\sense.o
#        D:\HargicStudio\Stm32f103c8_demo\f103c8_freeRTOS\Projects\STM32F103RB-Nucleo\Applications\FoodStuff\FreeRTOS_ThreadCreation\EWARM\STM32F103RB_Nucleo\Obj\startup_stm32f103xb.o
#        D:\HargicStudio\Stm32f103c8_demo\f103c8_freeRTOS\Projects\STM32F103RB-Nucleo\Applications\FoodStuff\FreeRTOS_ThreadCreation\EWARM\STM32F103RB_Nucleo\Obj\stm32f1xx_hal.o
#        D:\HargicStudio\Stm32f103c8_demo\f103c8_freeRTOS\Projects\STM32F103RB-Nucleo\Applications\FoodStuff\FreeRTOS_ThreadCreation\EWARM\STM32F103RB_Nucleo\Obj\stm32f1xx_hal_adc.o
#        D:\HargicStudio\Stm32f103c8_demo\f103c8_freeRTOS\Projects\STM32F103RB-Nucleo\Applications\FoodStuff\FreeRTOS_ThreadCreation\EWARM\STM32F103RB_Nucleo\Obj\stm32f1xx_hal_adc_ex.o
#        D:\HargicStudio\Stm32f103c8_demo\f103c8_freeRTOS\Projects\STM32F103RB-Nucleo\Applications\FoodStuff\FreeRTOS_ThreadCreation\EWARM\STM32F103RB_Nucleo\Obj\stm32f1xx_hal_cortex.o
#        D:\HargicStudio\Stm32f103c8_demo\f103c8_freeRTOS\Projects\STM32F103RB-Nucleo\Applications\FoodStuff\FreeRTOS_ThreadCreation\EWARM\STM32F103RB_Nucleo\Obj\stm32f1xx_hal_dma.o
#        D:\HargicStudio\Stm32f103c8_demo\f103c8_freeRTOS\Projects\STM32F103RB-Nucleo\Applications\FoodStuff\FreeRTOS_ThreadCreation\EWARM\STM32F103RB_Nucleo\Obj\stm32f1xx_hal_gpio.o
#        D:\HargicStudio\Stm32f103c8_demo\f103c8_freeRTOS\Projects\STM32F103RB-Nucleo\Applications\FoodStuff\FreeRTOS_ThreadCreation\EWARM\STM32F103RB_Nucleo\Obj\stm32f1xx_hal_rcc.o
#        D:\HargicStudio\Stm32f103c8_demo\f103c8_freeRTOS\Projects\STM32F103RB-Nucleo\Applications\FoodStuff\FreeRTOS_ThreadCreation\EWARM\STM32F103RB_Nucleo\Obj\stm32f1xx_hal_rcc_ex.o
#        D:\HargicStudio\Stm32f103c8_demo\f103c8_freeRTOS\Projects\STM32F103RB-Nucleo\Applications\FoodStuff\FreeRTOS_ThreadCreation\EWARM\STM32F103RB_Nucleo\Obj\stm32f1xx_hal_uart.o
#        D:\HargicStudio\Stm32f103c8_demo\f103c8_freeRTOS\Projects\STM32F103RB-Nucleo\Applications\FoodStuff\FreeRTOS_ThreadCreation\EWARM\STM32F103RB_Nucleo\Obj\stm32f1xx_it.o
#        D:\HargicStudio\Stm32f103c8_demo\f103c8_freeRTOS\Projects\STM32F103RB-Nucleo\Applications\FoodStuff\FreeRTOS_ThreadCreation\EWARM\STM32F103RB_Nucleo\Obj\stm32f1xx_nucleo.o
#        D:\HargicStudio\Stm32f103c8_demo\f103c8_freeRTOS\Projects\STM32F103RB-Nucleo\Applications\FoodStuff\FreeRTOS_ThreadCreation\EWARM\STM32F103RB_Nucleo\Obj\system_stm32f1xx.o
#        D:\HargicStudio\Stm32f103c8_demo\f103c8_freeRTOS\Projects\STM32F103RB-Nucleo\Applications\FoodStuff\FreeRTOS_ThreadCreation\EWARM\STM32F103RB_Nucleo\Obj\tasks.o
#        D:\HargicStudio\Stm32f103c8_demo\f103c8_freeRTOS\Projects\STM32F103RB-Nucleo\Applications\FoodStuff\FreeRTOS_ThreadCreation\EWARM\STM32F103RB_Nucleo\Obj\timers.o
#        --redirect _Printf=_PrintfFull --redirect _Scanf=_ScanfFull -o
#        D:\HargicStudio\Stm32f103c8_demo\f103c8_freeRTOS\Projects\STM32F103RB-Nucleo\Applications\FoodStuff\FreeRTOS_ThreadCreation\EWARM\STM32F103RB_Nucleo\Exe\Project.out
#        --map
#        D:\HargicStudio\Stm32f103c8_demo\f103c8_freeRTOS\Projects\STM32F103RB-Nucleo\Applications\FoodStuff\FreeRTOS_ThreadCreation\EWARM\STM32F103RB_Nucleo\List\Project.map
#        --config
#        D:\HargicStudio\Stm32f103c8_demo\f103c8_freeRTOS\Projects\STM32F103RB-Nucleo\Applications\FoodStuff\FreeRTOS_ThreadCreation\EWARM\stm32f103xb_flash.icf
#        --semihosting --entry __iar_program_start --vfe
#
###############################################################################

*******************************************************************************
*** RUNTIME MODEL ATTRIBUTES
***

CppFlavor                     = *
__Heap_Handler                = Basic
__SystemLibrary               = DLib
__dlib_dynamic_initialization = normal


*******************************************************************************
*** PLACEMENT SUMMARY
***

"A1":  place at 0x08000000 { ro section .intvec };
"P1":  place in [from 0x08000000 to 0x0801ffff] { ro };
"P2":  place in [from 0x20000000 to 0x20004fff] { rw, block CSTACK, block HEAP };

  Section             Kind        Address    Size  Object
  -------             ----        -------    ----  ------
"A1":                                        0xec
  .intvec             ro code  0x08000000    0xec  startup_stm32f103xb.o [1]
                             - 0x080000ec    0xec

"P1":                                      0x8a10
  .text               ro code  0x080000ec  0x1150  xprintffull.o [3]
  .text               ro code  0x0800123c    0x20  xmbtowc.o [3]
  .text               ro code  0x0800125c    0x16  strchr.o [5]
  .text               ro code  0x08001272    0x22  zero_init3.o [5]
  .text               ro code  0x08001294    0x36  strlen.o [5]
  .text               ro code  0x080012ca     0xa  xsprout.o [3]
  .text               ro code  0x080012d4    0x58  memchr.o [5]
  .text               ro code  0x0800132c     0xa  xmbcurmax.o [3]
  .rodata             const    0x08001336     0x2  stm32f1xx_hal_rcc.o [1]
  .text               ro code  0x08001338    0xb0  xxmemxmalloc.o [3]
  .text               ro code  0x080013e8    0x1a  xwctomb.o [3]
  .rodata             const    0x08001402     0x2  stm32f1xx_hal_rcc_ex.o [1]
  .text               ro code  0x08001404    0x76  ABImemcpy_unaligned.o [5]
  .text               ro code  0x0800147c    0x80  xxmemxfree.o [3]
  .text               ro code  0x080014fc    0xee  I64DivMod.o [5]
  .text               ro code  0x080015ea    0x42  xdnorm.o [4]
  .text               ro code  0x0800162c    0x2e  DblCmpLe.o [4]
  .text               ro code  0x0800165c    0x2e  DblCmpGe.o [4]
  .text               ro code  0x0800168c   0x10c  xdscale.o [4]
  .text               ro code  0x08001798    0x58  DblToI32.o [4]
  .text               ro code  0x080017f0    0x30  I32ToDbl.o [4]
  .text               ro code  0x08001820   0x180  DblSub.o [4]
  .text               ro code  0x080019a0   0x1a2  DblMul.o [4]
  .text               ro code  0x08001b44   0x246  DblDiv.o [4]
  .text               ro code  0x08001d8c    0x6c  localeconv.o [3]
  .text               ro code  0x08001df8     0xe  div.o [3]
  .text               ro code  0x08001e08    0x14  setlocale.o [3]
  .text               ro code  0x08001e1c    0x60  xencoding_sb.o [3]
  .text               ro code  0x08001e7c    0x2c  xgetmemchunk.o [3]
  .text               ro code  0x08001ea8     0x2  I64DivZer.o [5]
  .text               ro code  0x08001eac    0xd4  DblAdd.o [4]
  .text               ro code  0x08001f80     0x2  xtls.o [3]
  .text               ro code  0x08001f84   0xc64  stm32f1xx_hal_rcc.o [1]
  .text               ro code  0x08002be8    0x7c  stm32f1xx_hal.o [1]
  .text               ro code  0x08002c64   0x124  stm32f1xx_hal_cortex.o [1]
  .text               ro code  0x08002d88   0xc64  tasks.o [1]
  CODE                ro code  0x080039ec    0x94  portasm.o [1]
  .text               ro code  0x08003a80   0x1c4  port.o [1]
  .text               ro code  0x08003c44    0x98  list.o [1]
  .text               ro code  0x08003cdc   0x228  heap_4.o [1]
  .text               ro code  0x08003f04    0x66  ABImemset.o [5]
  .text               ro code  0x08003f6c   0x736  stm32f1xx_hal_adc.o [1]
  .text               ro code  0x080046a4   0x40a  sense.o [1]
  .text               ro code  0x08004ab0   0x532  stm32f1xx_hal_dma.o [1]
  .text               ro code  0x08004fe4    0xf4  stm32f1xx_hal_adc_ex.o [1]
  .text               ro code  0x080050d8   0x430  cmsis_os.o [1]
  .text               ro code  0x08005508    0x90  DblToFlt.o [4]
  .text               ro code  0x08005598    0x4e  FltToDbl.o [4]
  .text               ro code  0x080055e8   0x13a  AaThread.o [1]
  .text               ro code  0x08005724   0x250  stm32f1xx_hal_rcc_ex.o [1]
  .text               ro code  0x08005974   0x214  stm32f1xx_hal_gpio.o [1]
  .text               ro code  0x08005b88   0x702  queue.o [1]
  .text               ro code  0x0800628c   0x438  AaMem.o [1]
  .text               ro code  0x080066c4    0x44  strcpy_unaligned.o [5]
  .text               ro code  0x08006708   0x6ac  stm32f1xx_hal_uart.o [1]
  .text               ro code  0x08006db4   0x1e8  print_com.o [1]
  .text               ro code  0x08006f9c   0x5b8  AaSysLog.o [1]
  .text               ro code  0x08007554   0x15e  BipBuffer.o [1]
  .text               ro code  0x080076b4    0x24  printf.o [3]
  .text               ro code  0x080076d8    0x18  vprintf.o [3]
  .text               ro code  0x080076f0    0x34  sprintf.o [3]
  .text               ro code  0x08007724    0x2c  vsprintf.o [3]
  .text               ro code  0x08007750   0x36c  AaTag.o [1]
  .text               ro code  0x08007abc    0x42  strcmp_unaligned.o [5]
  .text               ro code  0x08007b00   0x140  CCSDeamon.o [1]
  .text               ro code  0x08007c40   0x128  led.o [1]
  .text               ro code  0x08007d68     0x6  ABImemclr4.o [5]
  .text               ro code  0x08007d70    0x32  ABImemset48.o [5]
  .text               ro code  0x08007da2    0xd2  packbits_init.o [5]
  .text               ro code  0x08007e74     0x6  abort.o [3]
  .text               ro code  0x08007e7c    0x14  exit.o [6]
  .text               ro code  0x08007e90    0x82  main.o [1]
  .text               ro code  0x08007f14    0x68  system_stm32f1xx.o [1]
  .text               ro code  0x08007f7c    0x58  stm32f1xx_it.o [1]
  .rodata             const    0x08007fd4    0x3c  AaMem.o [1]
  .rodata             const    0x08008010    0x30  AaSysLog.o [1]
  .rodata             const    0x08008040    0x30  sense.o [1]
  .rodata             const    0x08008070    0x2c  AaMem.o [1]
  .rodata             const    0x0800809c    0x2c  AaSysLog.o [1]
  .rodata             const    0x080080c8    0x2c  led.o [1]
  .rodata             const    0x080080f4    0x2c  sense.o [1]
  .rodata             const    0x08008120    0x28  AaSysLog.o [1]
  .rodata             const    0x08008148    0x28  AaSysLog.o [1]
  .rodata             const    0x08008170    0x28  AaSysLog.o [1]
  .rodata             const    0x08008198    0x28  AaTag.o [1]
  .rodata             const    0x080081c0    0x28  AaTag.o [1]
  .rodata             const    0x080081e8    0x28  AaTag.o [1]
  .rodata             const    0x08008210    0x28  AaThread.o [1]
  .rodata             const    0x08008238    0x28  sense.o [1]
  .rodata             const    0x08008260    0x28  sense.o [1]
  .text               ro code  0x08008288    0x28  data_init.o [5]
  .rodata             const    0x080082b0    0x24  AaMem.o [1]
  .rodata             const    0x080082d4    0x24  AaSysLog.o [1]
  .rodata             const    0x080082f8    0x24  AaTag.o [1]
  .rodata             const    0x0800831c    0x24  CCSDeamon.o [1]
  .iar.init_table     const    0x08008340    0x2c  - Linker created -
  .rodata             const    0x0800836c    0x20  AaMem.o [1]
  .rodata             const    0x0800838c    0x20  AaMem.o [1]
  .rodata             const    0x080083ac    0x20  AaMem.o [1]
  .rodata             const    0x080083cc    0x20  AaSysLog.o [1]
  .rodata             const    0x080083ec    0x20  AaSysLog.o [1]
  .rodata             const    0x0800840c    0x20  AaSysLog.o [1]
  .rodata             const    0x0800842c    0x20  AaSysLog.o [1]
  .rodata             const    0x0800844c    0x20  AaTag.o [1]
  .rodata             const    0x0800846c    0x20  AaThread.o [1]
  .rodata             const    0x0800848c    0x20  led.o [1]
  .rodata             const    0x080084ac    0x20  sense.o [1]
  .rodata             const    0x080084cc    0x20  sense.o [1]
  .rodata             const    0x080084ec    0x20  sense.o [1]
  .rodata             const    0x0800850c    0x1c  AaSysLog.o [1]
  .rodata             const    0x08008528    0x1c  AaTag.o [1]
  .rodata             const    0x08008544    0x1c  AaTag.o [1]
  .rodata             const    0x08008560    0x1c  AaTag.o [1]
  .rodata             const    0x0800857c    0x1c  AaTag.o [1]
  .rodata             const    0x08008598    0x1c  AaTag.o [1]
  .rodata             const    0x080085b4    0x1c  CCSDeamon.o [1]
  .rodata             const    0x080085d0    0x1c  CCSDeamon.o [1]
  .rodata             const    0x080085ec    0x1c  led.o [1]
  .rodata             const    0x08008608    0x1c  sense.o [1]
  .rodata             const    0x08008624    0x1c  sense.o [1]
  .text               ro code  0x08008640    0x1a  cmain.o [5]
  .text               ro code  0x0800865a     0x4  low_level_init.o [3]
  .text               ro code  0x0800865e     0x4  exit.o [3]
  .text               ro code  0x08008664     0xa  cexit.o [5]
  .rodata             const    0x08008670    0x18  AaSysLog.o [1]
  .rodata             const    0x08008688    0x18  AaSysLog.o [1]
  .rodata             const    0x080086a0    0x18  AaSysLog.o [1]
  .rodata             const    0x080086b8    0x18  AaTag.o [1]
  .rodata             const    0x080086d0    0x18  AaTag.o [1]
  .rodata             const    0x080086e8    0x18  CCSDeamon.o [1]
  .rodata             const    0x08008700    0x18  CCSDeamon.o [1]
  .rodata             const    0x08008718    0x18  led.o [1]
  .rodata             const    0x08008730    0x18  sense.o [1]
  .text               ro code  0x08008748    0x16  xprout.o [3]
  .text               ro code  0x08008760     0xc  putchar.o [3]
  .rodata             const    0x0800876c    0x14  AaMem.o [1]
  .rodata             const    0x08008780    0x14  AaMem.o [1]
  .rodata             const    0x08008794    0x14  AaSysLog.o [1]
  .rodata             const    0x080087a8    0x14  AaSysLog.o [1]
  .rodata             const    0x080087bc    0x14  AaTag.o [1]
  .rodata             const    0x080087d0    0x14  AaTag.o [1]
  .rodata             const    0x080087e4    0x14  AaTag.o [1]
  .rodata             const    0x080087f8    0x14  AaTag.o [1]
  .rodata             const    0x0800880c    0x14  CCSDeamon.o [1]
  .rodata             const    0x08008820    0x14  led.o [1]
  .rodata             const    0x08008834    0x14  sense.o [1]
  .rodata             const    0x08008848    0x14  sense.o [1]
  .rodata             const    0x0800885c    0x10  AaMem.o [1]
  .rodata             const    0x0800886c    0x10  AaSysLog.o [1]
  .rodata             const    0x0800887c    0x10  AaSysLog.o [1]
  .rodata             const    0x0800888c    0x10  AaThread.o [1]
  .rodata             const    0x0800889c    0x10  CCSDeamon.o [1]
  .rodata             const    0x080088ac    0x10  led.o [1]
  .rodata             const    0x080088bc    0x10  sense.o [1]
  .rodata             const    0x080088cc    0x10  sense.o [1]
  .rodata             const    0x080088dc    0x10  stm32f1xx_hal_rcc.o [1]
  .rodata             const    0x080088ec    0x10  stm32f1xx_hal_rcc.o [1]
  .rodata             const    0x080088fc    0x10  stm32f1xx_hal_rcc_ex.o [1]
  .text               ro code  0x0800890c    0x10  startup_stm32f103xb.o [1]
  .rodata             const    0x0800891c     0xc  AaMem.o [1]
  .rodata             const    0x08008928     0xc  AaTag.o [1]
  .rodata             const    0x08008934     0xc  AaTag.o [1]
  .rodata             const    0x08008940     0xc  CCSDeamon.o [1]
  .rodata             const    0x0800894c     0xc  CCSDeamon.o [1]
  .rodata             const    0x08008958     0xc  sense.o [1]
  .rodata             const    0x08008964     0xc  sense.o [1]
  .text               ro code  0x08008970     0xc  cstartup_M.o [5]
  .rodata             const    0x0800897c     0x8  AaMem.o [1]
  .rodata             const    0x08008984     0x8  AaSysLog.o [1]
  .rodata             const    0x0800898c     0x8  AaSysLog.o [1]
  .rodata             const    0x08008994     0x8  AaSysLog.o [1]
  .rodata             const    0x0800899c     0x8  AaSysLog.o [1]
  .rodata             const    0x080089a4     0x8  AaSysLog.o [1]
  .rodata             const    0x080089ac     0x8  AaSysLog.o [1]
  .rodata             const    0x080089b4     0x8  AaSysLog.o [1]
  .rodata             const    0x080089bc     0x8  AaTag.o [1]
  .rodata             const    0x080089c4     0x8  AaTag.o [1]
  .rodata             const    0x080089cc     0x8  AaThread.o [1]
  .rodata             const    0x080089d4     0x8  CCSDeamon.o [1]
  .rodata             const    0x080089dc     0x8  CCSDeamon.o [1]
  .rodata             const    0x080089e4     0x8  led.o [1]
  .rodata             const    0x080089ec     0x8  led.o [1]
  .rodata             const    0x080089f4     0x8  sense.o [1]
  .rodata             const    0x080089fc     0x8  sense.o [1]
  .rodata             const    0x08008a04     0x8  tasks.o [1]
  .rodata             const    0x08008a0c     0x4  AaMem.o [1]
  .rodata             const    0x08008a10     0x4  AaSysLog.o [1]
  .rodata             const    0x08008a14     0x4  AaSysLog.o [1]
  .rodata             const    0x08008a18     0x4  AaTag.o [1]
  .rodata             const    0x08008a1c     0x4  AaThread.o [1]
  .rodata             const    0x08008a20     0x4  heap_4.o [1]
  .rodata             const    0x08008a24     0x4  port.o [1]
  .rodata             const    0x08008a28     0x4  sense.o [1]
  .text               ro code  0x08008a2c     0x4  startup_stm32f103xb.o [1]
  .text               ro code  0x08008a30     0x4  startup_stm32f103xb.o [1]
  .text               ro code  0x08008a34     0x4  startup_stm32f103xb.o [1]
  .text               ro code  0x08008a38     0x4  startup_stm32f103xb.o [1]
  .text               ro code  0x08008a3c     0x4  startup_stm32f103xb.o [1]
  .text               ro code  0x08008a40     0x4  startup_stm32f103xb.o [1]
  .text               ro code  0x08008a44     0x4  startup_stm32f103xb.o [1]
  .text               ro code  0x08008a48     0x4  startup_stm32f103xb.o [1]
  .text               ro code  0x08008a4c     0x4  startup_stm32f103xb.o [1]
  .text               ro code  0x08008a50     0x4  startup_stm32f103xb.o [1]
  .text               ro code  0x08008a54     0x4  startup_stm32f103xb.o [1]
  .text               ro code  0x08008a58     0x4  startup_stm32f103xb.o [1]
  .text               ro code  0x08008a5c     0x4  startup_stm32f103xb.o [1]
  .text               ro code  0x08008a60     0x4  startup_stm32f103xb.o [1]
  .text               ro code  0x08008a64     0x4  startup_stm32f103xb.o [1]
  .text               ro code  0x08008a68     0x4  startup_stm32f103xb.o [1]
  .text               ro code  0x08008a6c     0x4  startup_stm32f103xb.o [1]
  .text               ro code  0x08008a70     0x4  startup_stm32f103xb.o [1]
  .text               ro code  0x08008a74     0x4  startup_stm32f103xb.o [1]
  .text               ro code  0x08008a78     0x4  startup_stm32f103xb.o [1]
  .text               ro code  0x08008a7c     0x4  startup_stm32f103xb.o [1]
  .text               ro code  0x08008a80     0x4  startup_stm32f103xb.o [1]
  .text               ro code  0x08008a84     0x4  startup_stm32f103xb.o [1]
  .text               ro code  0x08008a88     0x4  startup_stm32f103xb.o [1]
  .text               ro code  0x08008a8c     0x4  startup_stm32f103xb.o [1]
  .text               ro code  0x08008a90     0x4  startup_stm32f103xb.o [1]
  .text               ro code  0x08008a94     0x4  startup_stm32f103xb.o [1]
  .text               ro code  0x08008a98     0x4  startup_stm32f103xb.o [1]
  .text               ro code  0x08008a9c     0x4  startup_stm32f103xb.o [1]
  .text               ro code  0x08008aa0     0x4  startup_stm32f103xb.o [1]
  .text               ro code  0x08008aa4     0x4  startup_stm32f103xb.o [1]
  .text               ro code  0x08008aa8     0x4  startup_stm32f103xb.o [1]
  .text               ro code  0x08008aac     0x4  startup_stm32f103xb.o [1]
  .text               ro code  0x08008ab0     0x4  startup_stm32f103xb.o [1]
  .text               ro code  0x08008ab4     0x4  startup_stm32f103xb.o [1]
  .text               ro code  0x08008ab8     0x4  startup_stm32f103xb.o [1]
  .text               ro code  0x08008abc     0x4  startup_stm32f103xb.o [1]
  .text               ro code  0x08008ac0     0x4  startup_stm32f103xb.o [1]
  .rodata             const    0x08008ac4     0x0  zero_init3.o [5]
  .rodata             const    0x08008ac4     0x0  packbits_init.o [5]
  Initializer bytes   ro data  0x08008ac4    0x38  <for P2 s0>
                             - 0x08008afc  0x8a10

"P2":                                      0x3c80
  P2 s0                        0x20000000   0x148  <Init block>
    __DLIB_PERTHREAD  inited   0x20000000    0x88  localeconv.o [3]
    __DLIB_PERTHREAD  inited   0x20000088    0x74  setlocale.o [3]
    .data             inited   0x200000fc    0x40  xfiles.o [3]
    .data             inited   0x2000013c     0x4  port.o [1]
    .data             inited   0x20000140     0x4  system_stm32f1xx.o [1]
    .data             inited   0x20000144     0x4  tasks.o [1]
  .bss                zero     0x20000148  0x2000  heap_4.o [1]
  .bss                zero     0x20002148  0x1000  CCSDeamon.o [1]
  .bss                zero     0x20003148    0x8c  tasks.o [1]
  .bss                zero     0x200031d4    0x50  xfiles.o [3]
  .bss                zero     0x20003224    0x40  print_com.o [1]
  .bss                zero     0x20003264    0x38  print_com.o [1]
  .bss                zero     0x2000329c    0x38  print_com.o [1]
  .bss                zero     0x200032d4    0x38  sense.o [1]
  .bss                zero     0x2000330c    0x30  sense.o [1]
  .bss                zero     0x2000333c    0x20  sense.o [1]
  .bss                zero     0x2000335c    0x14  tasks.o [1]
  .bss                zero     0x20003370    0x14  tasks.o [1]
  .bss                zero     0x20003384    0x14  tasks.o [1]
  .bss                zero     0x20003398    0x14  tasks.o [1]
  .bss                zero     0x200033ac    0x14  tasks.o [1]
  .bss                zero     0x200033c0     0x8  AaSysLog.o [1]
  .bss                zero     0x200033c8     0x8  heap_4.o [1]
  .bss                zero     0x200033d0     0x8  xxmemxmalloc.o [3]
  .bss                zero     0x200033d8     0x4  AaMem.o [1]
  .bss                zero     0x200033dc     0x4  AaMem.o [1]
  .bss                zero     0x200033e0     0x4  AaMem.o [1]
  .bss                zero     0x200033e4     0x4  AaMem.o [1]
  .bss                zero     0x200033e8     0x4  AaMem.o [1]
  .bss                zero     0x200033ec     0x4  AaMem.o [1]
  .bss                zero     0x200033f0     0x4  AaMem.o [1]
  .bss                zero     0x200033f4     0x4  AaSysLog.o [1]
  .bss                zero     0x200033f8     0x4  AaSysLog.o [1]
  .bss                zero     0x200033fc     0x4  AaSysLog.o [1]
  .bss                zero     0x20003400     0x4  AaSysLog.o [1]
  .bss                zero     0x20003404     0x4  AaTag.o [1]
  .bss                zero     0x20003408     0x4  AaTag.o [1]
  .bss                zero     0x2000340c     0x4  AaTag.o [1]
  .bss                zero     0x20003410     0x4  AaTag.o [1]
  .bss                zero     0x20003414     0x4  AaThread.o [1]
  .bss                zero     0x20003418     0x4  AaThread.o [1]
  .bss                zero     0x2000341c     0x4  CCSDeamon.o [1]
  .bss                zero     0x20003420     0x4  heap_4.o [1]
  .bss                zero     0x20003424     0x4  heap_4.o [1]
  .bss                zero     0x20003428     0x4  heap_4.o [1]
  .bss                zero     0x2000342c     0x4  heap_4.o [1]
  .bss                zero     0x20003430     0x4  led.o [1]
  .bss                zero     0x20003434     0x4  port.o [1]
  .bss                zero     0x20003438     0x4  sense.o [1]
  .bss                zero     0x2000343c     0x4  sense.o [1]
  .bss                zero     0x20003440     0x4  stm32f1xx_hal.o [1]
  .bss                zero     0x20003444     0x4  tasks.o [1]
  .bss                zero     0x20003448     0x4  tasks.o [1]
  .bss                zero     0x2000344c     0x4  tasks.o [1]
  .bss                zero     0x20003450     0x4  tasks.o [1]
  .bss                zero     0x20003454     0x4  tasks.o [1]
  .bss                zero     0x20003458     0x4  tasks.o [1]
  .bss                zero     0x2000345c     0x4  tasks.o [1]
  .bss                zero     0x20003460     0x4  tasks.o [1]
  .bss                zero     0x20003464     0x4  tasks.o [1]
  .bss                zero     0x20003468     0x4  tasks.o [1]
  .bss                zero     0x2000346c     0x4  tasks.o [1]
  .bss                zero     0x20003470     0x4  tasks.o [1]
  .bss                zero     0x20003474     0x4  tasks.o [1]
  .bss                zero     0x20003478     0x4  xgetmemchunk.o [3]
  .bss                zero     0x2000347c     0x1  AaSysLog.o [1]
  .bss                zero     0x2000347d     0x1  AaSysLog.o [1]
  .bss                zero     0x2000347e     0x1  port.o [1]
  CSTACK                       0x20003480   0x400  <Block>
    CSTACK            uninit   0x20003480   0x400  <Block tail>
  HEAP                         0x20003880   0x400  <Block>
    HEAP              uninit   0x20003880   0x400  <Block tail>
                             - 0x20003c80  0x3c80


*******************************************************************************
*** INIT TABLE
***

          Address     Size
          -------     ----
Zero (__iar_zero_init3)
    1 destination range, total size 0x3337:
          0x20000148  0x3337

Copy/packbits (__iar_packbits_init3)
    1 source range, total size 0x38 (17% of destination):
          0x08008ac4    0x38
    1 destination range, total size 0x148:
          0x20000000   0x148



*******************************************************************************
*** MODULE SUMMARY
***

    Module                  ro code  ro data  rw data
    ------                  -------  -------  -------
D:\HargicStudio\Stm32f103c8_demo\f103c8_freeRTOS\Projects\STM32F103RB-Nucleo\Applications\FoodStuff\FreeRTOS_ThreadCreation\EWARM\STM32F103RB_Nucleo\Obj: [1]
    AaMem.o                   1 080      316       28
    AaSysLog.o                1 464      612       26
    AaTag.o                     876      500       16
    AaThread.o                  314      100        8
    BipBuffer.o                 350
    CCSDeamon.o                 320      216    4 100
    cmsis_os.o                1 072
    heap_4.o                    552        4    8 216
    led.o                       296      180        4
    list.o                      152
    main.o                      130
    port.o                      452        5        9
    portasm.o                   148
    print_com.o                 488               176
    queue.o                   1 794
    sense.o                   1 034      464      144
    startup_stm32f103xb.o       404
    stm32f1xx_hal.o             124                 4
    stm32f1xx_hal_adc.o       1 846
    stm32f1xx_hal_adc_ex.o      244
    stm32f1xx_hal_cortex.o      292
    stm32f1xx_hal_dma.o       1 330
    stm32f1xx_hal_gpio.o        532
    stm32f1xx_hal_rcc.o       3 172       34
    stm32f1xx_hal_rcc_ex.o      592       18
    stm32f1xx_hal_uart.o      1 708
    stm32f1xx_it.o               88
    system_stm32f1xx.o          104        1        4
    tasks.o                   3 172        9      296
    -------------------------------------------------
    Total:                   24 130    2 459   13 031

command line: [2]
    -------------------------------------------------
    Total:

dl7M_tlf.a: [3]
    abort.o                       6
    div.o                        14
    exit.o                        4
    localeconv.o                108       23      136
    low_level_init.o              4
    printf.o                     36
    putchar.o                    12
    setlocale.o                  20       20      116
    sprintf.o                    52
    vprintf.o                    24
    vsprintf.o                   44
    xencoding_sb.o               96
    xfiles.o                              10      144
    xgetmemchunk.o               44                 4
    xmbcurmax.o                  10
    xmbtowc.o                    32
    xprintffull.o             4 432
    xprout.o                     22
    xsprout.o                    10
    xtls.o                        2
    xwctomb.o                    26
    xxmemxfree.o                128
    xxmemxmalloc.o              176                 8
    -------------------------------------------------
    Total:                    5 302       53      408

m7M_tl.a: [4]
    DblAdd.o                    212
    DblCmpGe.o                   46
    DblCmpLe.o                   46
    DblDiv.o                    582
    DblMul.o                    418
    DblSub.o                    384
    DblToFlt.o                  144
    DblToI32.o                   88
    FltToDbl.o                   78
    I32ToDbl.o                   48
    xdnorm.o                     66
    xdscale.o                   268
    -------------------------------------------------
    Total:                    2 380

rt7M_tl.a: [5]
    ABImemclr4.o                  6
    ABImemcpy_unaligned.o       118
    ABImemset.o                 102
    ABImemset48.o                50
    I64DivMod.o                 238
    I64DivZer.o                   2
    cexit.o                      10
    cmain.o                      26
    cstartup_M.o                 12
    data_init.o                  40
    memchr.o                     88
    packbits_init.o             210
    strchr.o                     22
    strcmp_unaligned.o           66
    strcpy_unaligned.o           68
    strlen.o                     54
    zero_init3.o                 34
    -------------------------------------------------
    Total:                    1 146

shb_l.a: [6]
    exit.o                       20
    -------------------------------------------------
    Total:                       20

    Gaps                         44        2
    Linker created                        44    2 048
-----------------------------------------------------
    Grand Total:             33 022    2 558   15 487


*******************************************************************************
*** ENTRY LIST
***

Entry                      Address    Size  Type      Object
-----                      -------    ----  ----      ------
?main                   0x08008641          Code  Gb  cmain.o [5]
ADC1_2_IRQHandler       0x08007fb7     0xa  Code  Gb  stm32f1xx_it.o [1]
ADC_Config              0x0800486d    0xd0  Code  Lc  sense.o [1]
ADC_ConversionStop_Disable
                        0x080045e1    0x4a  Code  Gb  stm32f1xx_hal_adc.o [1]
ADC_DMAConvCplt         0x0800462d    0x4e  Code  Gb  stm32f1xx_hal_adc.o [1]
ADC_DMAError            0x08004689    0x1a  Code  Gb  stm32f1xx_hal_adc.o [1]
ADC_DMAHalfConvCplt     0x0800467d     0xa  Code  Gb  stm32f1xx_hal_adc.o [1]
ADC_Enable              0x08004543    0x6e  Code  Gb  stm32f1xx_hal_adc.o [1]
AaMemHeapCEInit         0x0800628d    0xfa  Code  Gb  AaMem.o [1]
AaMemList               0x080065fd    0x74  Code  Gb  AaMem.o [1]
AaMemMalloc             0x08006387   0x276  Code  Gb  AaMem.o [1]
AaSysLogCEInit          0x08007031   0x156  Code  Gb  AaSysLog.o [1]
AaSysLogCreateDeamon    0x08007187    0x6a  Code  Gb  AaSysLog.o [1]
AaSysLogDeamonThread    0x08006f9d    0x7a  Code  Lc  AaSysLog.o [1]
AaSysLogGetBipRegister  0x08007017     0xa  Code  Gb  AaSysLog.o [1]
AaSysLogPrintByDefault  0x08007225    0x50  Code  Lc  AaSysLog.o [1]
AaSysLogPrintByRunning  0x0800739d   0x130  Code  Lc  AaSysLog.o [1]
AaSysLogPrintByStartup  0x08007275   0x128  Code  Lc  AaSysLog.o [1]
AaSysLogProcessPrintDefault
                        0x080071f1     0xe  Code  Gb  AaSysLog.o [1]
AaSysLogProcessPrintRegister
                        0x0800721b     0x8  Code  Lc  AaSysLog.o [1]
AaSysLogProcessPrintRunning
                        0x0800720d     0xe  Code  Gb  AaSysLog.o [1]
AaSysLogProcessPrintStartup
                        0x080071ff     0xe  Code  Gb  AaSysLog.o [1]
AaSysLogSendCplt        0x08007021    0x10  Code  Gb  AaSysLog.o [1]
AaTagCEInit             0x080077ad    0xb2  Code  Gb  AaTag.o [1]
AaTagCreate             0x080078bb    0x9e  Code  Gb  AaTag.o [1]
AaTagCreateDeamon       0x0800785f    0x5c  Code  Gb  AaTag.o [1]
AaTagDeamonThread       0x08007751    0x5c  Code  Lc  AaTag.o [1]
AaTagFindMngPtr         0x08007a27    0x30  Code  Lc  AaTag.o [1]
AaTagRegister           0x08007959    0x74  Code  Gb  AaTag.o [1]
AaTagSetValue           0x080079cd    0x5a  Code  Gb  AaTag.o [1]
AaThreadCEInit          0x080055e9    0x4c  Code  Gb  AaThread.o [1]
AaThreadCreateStartup   0x08005635    0x96  Code  Gb  AaThread.o [1]
AaThreadFindMngPtr      0x080056cb    0x24  Code  Lc  AaThread.o [1]
AaThreadGetName         0x08005711    0x12  Code  Gb  AaThread.o [1]
AdcHandle               0x2000330c    0x30  Data  Gb  sense.o [1]
BusFault_Handler        0x08007f83     0x2  Code  Gb  stm32f1xx_it.o [1]
CBipBuffer_Commit       0x08007613    0x5a  Code  Gb  BipBuffer.o [1]
CBipBuffer_Construct    0x08007555    0x26  Code  Gb  BipBuffer.o [1]
CBipBuffer_Decommit     0x08007687    0x2c  Code  Gb  BipBuffer.o [1]
CBipBuffer_Get          0x0800766d    0x1a  Code  Gb  BipBuffer.o [1]
CBipBuffer_Reserve      0x0800757b    0x98  Code  Gb  BipBuffer.o [1]
CCSDeamonCEInit         0x08007b01    0x68  Code  Gb  CCSDeamon.o [1]
CCSDeamonCreateThread   0x08007b69    0x5a  Code  Lc  CCSDeamon.o [1]
CCSDeamonThread         0x08007bc3    0x42  Code  Lc  CCSDeamon.o [1]
CSTACK$$Base            0x20003480           --   Gb  - Linker created -
CSTACK$$Limit           0x20003880           --   Gb  - Linker created -
DMA1_Channel1_IRQHandler
                        0x08007fc1     0xc  Code  Gb  stm32f1xx_it.o [1]
DMA1_Channel4_IRQHandler
                        0x08007fa1     0xc  Code  Gb  stm32f1xx_it.o [1]
DMA1_Channel5_IRQHandler
                        0x08007f95     0xc  Code  Gb  stm32f1xx_it.o [1]
DMA_SetConfig           0x08004fc1    0x22  Code  Lc  stm32f1xx_hal_dma.o [1]
DebugMon_Handler        0x08007f87     0x2  Code  Gb  stm32f1xx_it.o [1]
GetBipAndSendByDMA      0x08006def    0x10  Code  Gb  print_com.o [1]
GetBipAndSendByPolling  0x08006dff    0x14  Code  Gb  print_com.o [1]
GetCCSOnlineTag         0x08007d21    0x1a  Code  Lc  led.o [1]
HAL_ADCEx_Calibration_Start
                        0x08004fe5    0xec  Code  Gb  stm32f1xx_hal_adc_ex.o [1]
HAL_ADCEx_InjectedConvCpltCallback
                        0x080050d1     0x2  Code  Wk  stm32f1xx_hal_adc_ex.o [1]
HAL_ADC_AnalogWDGConfig
                        0x080044cf    0x74  Code  Gb  stm32f1xx_hal_adc.o [1]
HAL_ADC_ConfigChannel   0x08004339   0x196  Code  Gb  stm32f1xx_hal_adc.o [1]
HAL_ADC_ConvCpltCallback
                        0x08004a1d     0xc  Code  Gb  sense.o [1]
HAL_ADC_ConvHalfCpltCallback
                        0x08004aa9     0x2  Code  Gb  sense.o [1]
HAL_ADC_ErrorCallback   0x08004aad     0x2  Code  Gb  sense.o [1]
HAL_ADC_IRQHandler      0x08004233   0x106  Code  Gb  stm32f1xx_hal_adc.o [1]
HAL_ADC_Init            0x08003f6d   0x158  Code  Gb  stm32f1xx_hal_adc.o [1]
HAL_ADC_LevelOutOfWindowCallback
                        0x08004aab     0x2  Code  Gb  sense.o [1]
HAL_ADC_MspInit         0x0800493d    0xe0  Code  Gb  sense.o [1]
HAL_ADC_Start_DMA       0x080040c5   0x16e  Code  Gb  stm32f1xx_hal_adc.o [1]
HAL_DMA_DeInit          0x08004b05   0x17e  Code  Gb  stm32f1xx_hal_dma.o [1]
HAL_DMA_IRQHandler      0x08004ce5   0x2bc  Code  Gb  stm32f1xx_hal_dma.o [1]
HAL_DMA_Init            0x08004ab1    0x54  Code  Gb  stm32f1xx_hal_dma.o [1]
HAL_DMA_Start_IT        0x08004c83    0x62  Code  Gb  stm32f1xx_hal_dma.o [1]
HAL_Delay               0x08002c43    0x1a  Code  Wk  stm32f1xx_hal.o [1]
HAL_GPIO_Init           0x08005975   0x1b6  Code  Gb  stm32f1xx_hal_gpio.o [1]
HAL_GPIO_TogglePin      0x08005b3f     0xa  Code  Gb  stm32f1xx_hal_gpio.o [1]
HAL_GPIO_WritePin       0x08005b2b    0x14  Code  Gb  stm32f1xx_hal_gpio.o [1]
HAL_GetTick             0x08002c3d     0x6  Code  Wk  stm32f1xx_hal.o [1]
HAL_IncTick             0x08002c31     0xc  Code  Wk  stm32f1xx_hal.o [1]
HAL_Init                0x08002be9    0x22  Code  Gb  stm32f1xx_hal.o [1]
HAL_InitTick            0x08002c0d    0x24  Code  Wk  stm32f1xx_hal.o [1]
HAL_MspInit             0x08002c0b     0x2  Code  Wk  stm32f1xx_hal.o [1]
HAL_NVIC_EnableIRQ      0x08002d57     0xa  Code  Gb  stm32f1xx_hal_cortex.o [1]
HAL_NVIC_SetPriority    0x08002d35    0x22  Code  Gb  stm32f1xx_hal_cortex.o [1]
HAL_NVIC_SetPriorityGrouping
                        0x08002d2d     0x8  Code  Gb  stm32f1xx_hal_cortex.o [1]
HAL_RCCEx_GetPeriphCLKFreq
                        0x08005847   0x100  Code  Gb  stm32f1xx_hal_rcc_ex.o [1]
HAL_RCCEx_PeriphCLKConfig
                        0x08005725   0x122  Code  Gb  stm32f1xx_hal_rcc_ex.o [1]
HAL_RCC_ClockConfig     0x08002757   0x370  Code  Gb  stm32f1xx_hal_rcc.o [1]
HAL_RCC_GetHCLKFreq     0x08002b41    0x28  Code  Gb  stm32f1xx_hal_rcc.o [1]
HAL_RCC_GetPCLK1Freq    0x08002b69    0x20  Code  Gb  stm32f1xx_hal_rcc.o [1]
HAL_RCC_GetPCLK2Freq    0x08002b89    0x20  Code  Gb  stm32f1xx_hal_rcc.o [1]
HAL_RCC_GetSysClockFreq
                        0x08002ac7    0x7a  Code  Gb  stm32f1xx_hal_rcc.o [1]
HAL_RCC_OscConfig       0x08001f85   0x7d2  Code  Gb  stm32f1xx_hal_rcc.o [1]
HAL_SYSTICK_Config      0x08002d61     0x8  Code  Gb  stm32f1xx_hal_cortex.o [1]
HAL_UART_ErrorCallback  0x08006f61     0x2  Code  Gb  print_com.o [1]
HAL_UART_IRQHandler     0x08006905   0x102  Code  Gb  stm32f1xx_hal_uart.o [1]
HAL_UART_Init           0x08006709    0x70  Code  Gb  stm32f1xx_hal_uart.o [1]
HAL_UART_MspInit        0x08006e13   0x144  Code  Gb  print_com.o [1]
HAL_UART_RxCpltCallback
                        0x08006f5f     0x2  Code  Gb  print_com.o [1]
HAL_UART_Transmit       0x08006779    0xea  Code  Gb  stm32f1xx_hal_uart.o [1]
HAL_UART_Transmit_DMA   0x08006863    0xa2  Code  Gb  stm32f1xx_hal_uart.o [1]
HAL_UART_TxCpltCallback
                        0x08006f57     0x8  Code  Gb  print_com.o [1]
HAL_UART_TxHalfCpltCallback
                        0x08006a07     0x2  Code  Wk  stm32f1xx_hal_uart.o [1]
HEAP$$Base              0x20003880           --   Gb  - Linker created -
HEAP$$Limit             0x20003c80           --   Gb  - Linker created -
HardFault_Handler       0x08007f7f     0x2  Code  Gb  stm32f1xx_it.o [1]
InStream_Read           0x08007da3    0x22  Code  Lc  packbits_init.o [5]
LedDeviceInit           0x08007ca7    0x5a  Code  Lc  led.o [1]
LedOff                  0x08007d01    0x10  Code  Lc  led.o [1]
LedToggle               0x08007d11     0xe  Code  Lc  led.o [1]
LoadInt                 0x0800071d    0x6e  Code  Lc  xprintffull.o [3]
MemManage_Handler       0x08007f81     0x2  Code  Gb  stm32f1xx_it.o [1]
NMI_Handler             0x08007f7d     0x2  Code  Gb  stm32f1xx_it.o [1]
NVIC_EnableIRQ          0x08002c8b    0x14  Code  Lc  stm32f1xx_hal_cortex.o [1]
NVIC_EncodePriority     0x08002cc1    0x3e  Code  Lc  stm32f1xx_hal_cortex.o [1]
NVIC_GetPriorityGrouping
                        0x08002c81     0xa  Code  Lc  stm32f1xx_hal_cortex.o [1]
NVIC_SetPriority        0x08002c9f    0x22  Code  Lc  stm32f1xx_hal_cortex.o [1]
NVIC_SetPriorityGrouping
                        0x08002c65    0x1c  Code  Lc  stm32f1xx_hal_cortex.o [1]
PendSV_Handler          0x080039ed          Code  Gb  portasm.o [1]
Region$$Table$$Base     0x08008340           --   Gb  - Linker created -
Region$$Table$$Limit    0x0800836c           --   Gb  - Linker created -
RunLedThread            0x08007c41    0x44  Code  Lc  led.o [1]
SVC_Handler             0x08003a3f          Code  Gb  portasm.o [1]
SenseDeviceInit         0x0800482d    0x40  Code  Lc  sense.o [1]
SenseThread             0x080046a5    0xe4  Code  Lc  sense.o [1]
StartRunLedTask         0x08007c85    0x22  Code  Gb  led.o [1]
StartSenseTask          0x08004789    0xa4  Code  Gb  sense.o [1]
StdUsartInit            0x08006db5    0x3a  Code  Gb  print_com.o [1]
SysTick_Config          0x08002cff    0x2e  Code  Lc  stm32f1xx_hal_cortex.o [1]
SysTick_Handler         0x08007f89     0xc  Code  Gb  stm32f1xx_it.o [1]
SystemClock_Config      0x08007ea5    0x6e  Code  Gb  main.o [1]
SystemCoreClock         0x20000140     0x4  Data  Gb  system_stm32f1xx.o [1]
SystemInit              0x08007f15    0x4e  Code  Gb  system_stm32f1xx.o [1]
UART_DMAError           0x08006a49    0x20  Code  Lc  stm32f1xx_hal_uart.o [1]
UART_DMATransmitCplt    0x08006a09    0x32  Code  Lc  stm32f1xx_hal_uart.o [1]
UART_DMATxHalfCplt      0x08006a3d     0xa  Code  Lc  stm32f1xx_hal_uart.o [1]
UART_EndTransmit_IT     0x08006bb9    0x2c  Code  Lc  stm32f1xx_hal_uart.o [1]
UART_Receive_IT         0x08006be5    0xbc  Code  Lc  stm32f1xx_hal_uart.o [1]
UART_SetConfig          0x08006ca1   0x10a  Code  Lc  stm32f1xx_hal_uart.o [1]
UART_Transmit_IT        0x08006b49    0x70  Code  Lc  stm32f1xx_hal_uart.o [1]
UART_WaitOnFlagUntilTimeout
                        0x08006a69    0xe0  Code  Lc  stm32f1xx_hal_uart.o [1]
USART1_IRQHandler       0x08007fad     0xa  Code  Gb  stm32f1xx_it.o [1]
UartHandle              0x20003224    0x40  Data  Gb  print_com.o [1]
UsageFault_Handler      0x08007f85     0x2  Code  Gb  stm32f1xx_it.o [1]
_EncodingSb_Mbtowc      0x08001e37    0x30  Code  Gb  xencoding_sb.o [3]
_EncodingSb_Wctomb      0x08001e1d    0x1a  Code  Gb  xencoding_sb.o [3]
_GenldFull              0x08000fa7   0x24c  Code  Lc  xprintffull.o [3]
_IsdstStr               0x2000008c     0x4  Data  Gb  setlocale.o [3]
_LdtobFull              0x08000ba5   0x3fc  Code  Lc  xprintffull.o [3]
_LitobFull              0x08000a9d   0x106  Code  Lc  xprintffull.o [3]
_LocaleEncoding         0x08001e09     0xe  Code  Gb  setlocale.o [3]
_LocaleReturnString     0x200000ac    0x50  Data  Lc  setlocale.o [3]
_Locale_Profile         0x20000090    0x1c  Data  Gb  setlocale.o [3]
_Locale_aeabi_lconv     0x20000050    0x38  Data  Gb  localeconv.o [3]
_Locale_lconv           0x20000000    0x50  Data  Gb  localeconv.o [3]
_Mbtowc                 0x0800123d    0x20  Code  Gb  xmbtowc.o [3]
_PrintfFull             0x080000ed   0x618  Code  Gb  xprintffull.o [3]
_Prout                  0x08008749    0x16  Code  Gb  xprout.o [3]
_PutcharsFull           0x080011f3    0x2e  Code  Lc  xprintffull.o [3]
_PutstrFull             0x0800078b   0x30c  Code  Lc  xprintffull.o [3]
_SProut                 0x080012cb     0xa  Code  Gb  xsprout.o [3]
_TzoneStr               0x20000088     0x4  Data  Gb  setlocale.o [3]
_Wctomb                 0x080013e9    0x1a  Code  Gb  xwctomb.o [3]
__aeabi_cdcmple         0x0800162d          Code  Gb  DblCmpLe.o [4]
__aeabi_cdrcmple        0x0800165d          Code  Gb  DblCmpGe.o [4]
__aeabi_d2f             0x08005509          Code  Gb  DblToFlt.o [4]
__aeabi_d2iz            0x08001799          Code  Gb  DblToI32.o [4]
__aeabi_d2uiz           0x080017c5          Code  Gb  DblToI32.o [4]
__aeabi_ddiv            0x08001b45          Code  Gb  DblDiv.o [4]
__aeabi_dmul            0x080019a1          Code  Gb  DblMul.o [4]
__aeabi_dsub            0x08001821          Code  Gb  DblSub.o [4]
__aeabi_f2d             0x08005599          Code  Gb  FltToDbl.o [4]
__aeabi_i2d             0x080017f1          Code  Gb  I32ToDbl.o [4]
__aeabi_ldiv0           0x08001ea9          Code  Gb  I64DivZer.o [5]
__aeabi_memclr4         0x08007d69          Code  Gb  ABImemclr4.o [5]
__aeabi_memset          0x08003f05          Code  Gb  ABImemset.o [5]
__aeabi_ui2d            0x08001805          Code  Gb  I32ToDbl.o [4]
__aeabi_uldivmod        0x080014fd          Code  Gb  I64DivMod.o [5]
__cmain                 0x08008641          Code  Gb  cmain.o [5]
__data_Aldata           0x200033d0     0x8  Data  Gb  xxmemxmalloc.o [3]
__data_GetMemChunk      0x08001e7d    0x2c  Code  Gb  xgetmemchunk.o [3]
__exit                  0x08007e7d    0x14  Code  Gb  exit.o [6]
__iar_Dnorm             0x080015eb    0x42  Code  Gb  xdnorm.o [4]
__iar_Dscale            0x0800168d   0x10c  Code  Gb  xdscale.o [4]
__iar_Locale_lconv_init
                        0x08001d8d    0x3a  Code  Gb  localeconv.o [3]
__iar_Mbcurmax          0x0800132d     0xa  Code  Gb  xmbcurmax.o [3]
__iar_Memchr            0x080012d5          Code  Gb  memchr.o [5]
__iar_Memset            0x08003f05          Code  Gb  ABImemset.o [5]
__iar_Memset4_word      0x08007d71          Code  Gb  ABImemset48.o [5]
__iar_Memset8_word      0x08007d71          Code  Gb  ABImemset48.o [5]
__iar_Memset_word       0x08003f0d          Code  Gb  ABImemset.o [5]
__iar_Stdout            0x200000fc    0x40  Data  Gb  xfiles.o [3]
__iar_Strchr            0x0800125d          Code  Gb  strchr.o [5]
__iar_d2uiz             0x080017d1          Code  Gb  DblToI32.o [4]
__iar_dadd              0x08001ead          Code  Gb  DblAdd.o [4]
__iar_data_init3        0x08008289    0x28  Code  Gb  data_init.o [5]
__iar_dlib_perthread_access
                        0x08001f81     0x2  Code  Gb  xtls.o [3]
__iar_dsub              0x08001835          Code  Gb  DblSub.o [4]
__iar_dsubStart         0x08001847          Code  Gb  DblSub.o [4]
__iar_packbits_init3    0x08007dc5    0xb0  Code  Gb  packbits_init.o [5]
__iar_program_start     0x08008971          Code  Gb  cstartup_M.o [5]
__iar_strcmp            0x08007abd          Code  Gb  strcmp_unaligned.o [5]
__iar_ui2d              0x08001809          Code  Gb  I32ToDbl.o [4]
__iar_unaligned___aeabi_memcpy
                        0x08001405          Code  Gb  ABImemcpy_unaligned.o [5]
__iar_unaligned___aeabi_memcpy4
                        0x08001425          Code  Gb  ABImemcpy_unaligned.o [5]
__iar_unaligned___aeabi_memcpy8
                        0x08001425          Code  Gb  ABImemcpy_unaligned.o [5]
__iar_unaligned_strcmp  0x08007abd          Code  Gb  strcmp_unaligned.o [5]
__iar_unaligned_strcpy  0x080066c5          Code  Gb  strcpy_unaligned.o [5]
__iar_zero_init3        0x08001273    0x22  Code  Gb  zero_init3.o [5]
__low_level_init        0x0800865b     0x4  Code  Gb  low_level_init.o [3]
__vector_table          0x08000000          Data  Gb  startup_stm32f103xb.o [1]
_aasyslog_index         0x2000347c     0x1  Data  Lc  AaSysLog.o [1]
_aasyslog_mng           0x200033c0     0x8  Data  Gb  AaSysLog.o [1]
_aasyslog_mutex_id      0x200033f8     0x4  Data  Gb  AaSysLog.o [1]
_aasyslog_sendcplt_sem_id
                        0x200033fc     0x4  Data  Gb  AaSysLog.o [1]
_aasyslogdeamon_id      0x20003400     0x4  Data  Gb  AaSysLog.o [1]
_aatag_mng              0x20003404     0x4  Data  Gb  AaTag.o [1]
_aatag_msgbox_id        0x2000340c     0x4  Data  Gb  AaTag.o [1]
_aatag_mutex_id         0x20003408     0x4  Data  Gb  AaTag.o [1]
_aatagdeamon_id         0x20003410     0x4  Data  Gb  AaTag.o [1]
_aathread_mng_head_ptr  0x20003414     0x4  Data  Gb  AaThread.o [1]
_aathread_mutex_id      0x20003418     0x4  Data  Gb  AaThread.o [1]
_adc_cplt_sem_id        0x2000343c     0x4  Data  Gb  sense.o [1]
_call_main              0x0800864d          Code  Gb  cmain.o [5]
_ccsdeamon_id           0x2000341c     0x4  Data  Gb  CCSDeamon.o [1]
_exit                   0x08008665          Code  Gb  cexit.o [5]
_heap_sem_id            0x200033e4     0x4  Data  Lc  AaMem.o [1]
_main                   0x08008657          Code  Gb  cmain.o [5]
_mem_heap_buf           0x20002148  0x1000  Data  Gb  CCSDeamon.o [1]
_p_bip_buffer           0x200033f4     0x4  Data  Lc  AaSysLog.o [1]
_print_level            0x2000347d     0x1  Data  Lc  AaSysLog.o [1]
_runled_id              0x20003430     0x4  Data  Gb  led.o [1]
_sense_id               0x20003438     0x4  Data  Gb  sense.o [1]
aADCxConvertedValues    0x2000333c    0x20  Data  Gb  sense.o [1]
aAPBAHBPrescTable       0x080088dc    0x10  Data  Gb  stm32f1xx_hal_rcc.o [1]
abort                   0x08007e75     0x6  Code  Gb  abort.o [3]
div                     0x08001df9     0xe  Code  Gb  div.o [3]
exit                    0x0800865f     0x4  Code  Gb  exit.o [3]
fputc                   0x08006f63    0x14  Code  Gb  print_com.o [1]
free                    0x0800147d    0x7a  Code  Gb  xxmemxfree.o [3]
heap_end                0x200033dc     0x4  Data  Lc  AaMem.o [1]
heap_ptr                0x200033d8     0x4  Data  Lc  AaMem.o [1]
inHandlerMode           0x080050eb    0x12  Code  Lc  cmsis_os.o [1]
lfree                   0x200033e0     0x4  Data  Lc  AaMem.o [1]
localeconv              0x08001dc7    0x16  Code  Gb  localeconv.o [3]
main                    0x08007e91    0x14  Code  Gb  main.o [1]
makeFreeRtosPriority    0x080050d9    0x12  Code  Lc  cmsis_os.o [1]
malloc                  0x08001339    0xac  Code  Gb  xxmemxmalloc.o [3]
max_mem                 0x200033f0     0x4  Data  Lc  AaMem.o [1]
mem_size_aligned        0x200033e8     0x4  Data  Lc  AaMem.o [1]
memchr                  0x080012d5          Code  Gb  memchr.o [5]
obuf                    0x200031d4    0x50  Data  Lc  xfiles.o [3]
osDelay                 0x0800515f    0x16  Code  Gb  cmsis_os.o [1]
osKernelStart           0x080050fd     0xa  Code  Gb  cmsis_os.o [1]
osKernelSysTick         0x08005107    0x16  Code  Gb  cmsis_os.o [1]
osMessageCreate         0x080053e9     0xe  Code  Gb  cmsis_os.o [1]
osMessageGet            0x0800544f    0xa4  Code  Gb  cmsis_os.o [1]
osMessagePut            0x080053f7    0x58  Code  Gb  cmsis_os.o [1]
osMutexCreate           0x0800523b     0xa  Code  Gb  cmsis_os.o [1]
osMutexRelease          0x080052b5    0x4a  Code  Gb  cmsis_os.o [1]
osMutexWait             0x08005245    0x70  Code  Gb  cmsis_os.o [1]
osSemaphoreCreate       0x080052ff    0x30  Code  Gb  cmsis_os.o [1]
osSemaphoreRelease      0x0800539f    0x4a  Code  Gb  cmsis_os.o [1]
osSemaphoreWait         0x0800532f    0x70  Code  Gb  cmsis_os.o [1]
osSignalSet             0x08005175    0x4e  Code  Gb  cmsis_os.o [1]
osSignalWait            0x080051c3    0x78  Code  Gb  cmsis_os.o [1]
osSystickHandler        0x080054f3    0x10  Code  Gb  cmsis_os.o [1]
osThreadCreate          0x0800511d    0x3a  Code  Gb  cmsis_os.o [1]
osThreadGetId           0x08005157     0x8  Code  Gb  cmsis_os.o [1]
os_messageQ_def_aatag_msgbox
                        0x080089c4     0x8  Data  Lc  AaTag.o [1]
os_mutex_def_aasyslog_mutex
                        0x08008a10     0x4  Data  Lc  AaSysLog.o [1]
os_mutex_def_aatag_mutex
                        0x08008a18     0x4  Data  Lc  AaTag.o [1]
os_mutex_def_aathread_mutex
                        0x08008a1c     0x4  Data  Lc  AaThread.o [1]
os_semaphore_def_aasyslog_sendcplt_sem
                        0x08008a14     0x4  Data  Lc  AaSysLog.o [1]
os_semaphore_def_adc_cplt_sem
                        0x08008a28     0x4  Data  Lc  sense.o [1]
os_semaphore_def_heap_sem
                        0x08008a0c     0x4  Data  Lc  AaMem.o [1]
pcInterruptPriorityRegisters
                        0x08008a24     0x4  Data  Lc  port.o [1]
printf                  0x080076b5    0x24  Code  Gb  printf.o [3]
prvAddCurrentTaskToDelayedList
                        0x080034bd    0x4a  Code  Lc  tasks.o [1]
prvAllocateTCBAndStack  0x08003519    0x4a  Code  Lc  tasks.o [1]
prvCheckTasksWaitingTermination
                        0x08003459    0x64  Code  Lc  tasks.o [1]
prvCopyDataFromQueue    0x080061bd    0x2a  Code  Lc  queue.o [1]
prvCopyDataToQueue      0x0800613b    0x82  Code  Lc  queue.o [1]
prvDeleteTCB            0x08003563    0x12  Code  Lc  tasks.o [1]
prvHeapInit             0x08003e27    0x64  Code  Lc  heap_4.o [1]
prvIdleTask             0x08003395    0x16  Code  Lc  tasks.o [1]
prvInitialiseTCBVariables
                        0x080033ad    0x56  Code  Lc  tasks.o [1]
prvInitialiseTaskLists  0x08003403    0x52  Code  Lc  tasks.o [1]
prvInsertBlockIntoFreeList
                        0x08003e8b    0x5c  Code  Lc  heap_4.o [1]
prvIsQueueEmpty         0x08006251    0x1c  Code  Lc  queue.o [1]
prvIsQueueFull          0x0800626d    0x1e  Code  Lc  queue.o [1]
prvResetNextTaskUnblockTime
                        0x08003575    0x2c  Code  Lc  tasks.o [1]
prvTaskExitError        0x08003a9d    0x18  Code  Lc  port.o [1]
prvUnlockQueue          0x080061e7    0x6a  Code  Lc  queue.o [1]
putchar                 0x08008761     0xc  Code  Gb  putchar.o [3]
pvPortMalloc            0x08003cdd    0xea  Code  Gb  heap_4.o [1]
pvTaskIncrementMutexHeldCount
                        0x08003713    0x1e  Code  Gb  tasks.o [1]
pxCurrentTCB            0x20003444     0x4  Data  Gb  tasks.o [1]
pxDelayedTaskList       0x20003448     0x4  Data  Lc  tasks.o [1]
pxEnd                   0x20003420     0x4  Data  Lc  heap_4.o [1]
pxOverflowDelayedTaskList
                        0x2000344c     0x4  Data  Lc  tasks.o [1]
pxPortInitialiseStack   0x08003a81    0x1c  Code  Gb  port.o [1]
pxReadyTasksLists       0x20003148    0x8c  Data  Lc  tasks.o [1]
sprintf                 0x080076f1    0x34  Code  Gb  sprintf.o [3]
strchr                  0x0800125d          Code  Gb  strchr.o [5]
strlen                  0x08001295          Code  Gb  strlen.o [5]
ucHeap                  0x20000148  0x2000  Data  Lc  heap_4.o [1]
ucMaxSysCallPriority    0x2000347e     0x1  Data  Lc  port.o [1]
ulMaxPRIGROUPValue      0x20003434     0x4  Data  Lc  port.o [1]
ulPortSetInterruptMask  0x08003a2b          Code  Gb  portasm.o [1]
used_mem                0x200033ec     0x4  Data  Lc  AaMem.o [1]
uwTick                  0x20003440     0x4  Data  Lc  stm32f1xx_hal.o [1]
uxCriticalNesting       0x2000013c     0x4  Data  Lc  port.o [1]
uxCurrentNumberOfTasks  0x20003454     0x4  Data  Lc  tasks.o [1]
uxListRemove            0x08003cb7    0x26  Code  Gb  list.o [1]
uxPendedTicks           0x20003464     0x4  Data  Lc  tasks.o [1]
uxSchedulerSuspended    0x20003474     0x4  Data  Lc  tasks.o [1]
uxTaskNumber            0x20003470     0x4  Data  Lc  tasks.o [1]
uxTasksDeleted          0x20003450     0x4  Data  Lc  tasks.o [1]
uxTopReadyPriority      0x2000345c     0x4  Data  Lc  tasks.o [1]
vListInitialise         0x08003c45    0x1e  Code  Gb  list.o [1]
vListInitialiseItem     0x08003c63     0x6  Code  Gb  list.o [1]
vListInsert             0x08003c81    0x36  Code  Gb  list.o [1]
vListInsertEnd          0x08003c69    0x18  Code  Gb  list.o [1]
vPortClearInterruptMask
                        0x08003a39          Code  Gb  portasm.o [1]
vPortEnterCritical      0x08003b4f    0x30  Code  Gb  port.o [1]
vPortExitCritical       0x08003b7f    0x2a  Code  Gb  port.o [1]
vPortFree               0x08003dc7    0x60  Code  Gb  heap_4.o [1]
vPortSetupTimerInterrupt
                        0x08003bc7    0x1a  Code  Wk  port.o [1]
vPortStartFirstTask     0x08003a5f          Code  Gb  portasm.o [1]
vPortValidateInterruptPriority
                        0x08003be1    0x38  Code  Gb  port.o [1]
vPortYield              0x08003b3d    0x12  Code  Gb  port.o [1]
vTaskDelay              0x08002ed3    0x68  Code  Gb  tasks.o [1]
vTaskMissedYield        0x08003385     0xa  Code  Gb  tasks.o [1]
vTaskPlaceOnEventList   0x0800320f    0x62  Code  Gb  tasks.o [1]
vTaskPriorityInherit    0x080035c9    0xaa  Code  Gb  tasks.o [1]
vTaskSetTimeOutState    0x080032e9    0x1e  Code  Gb  tasks.o [1]
vTaskStartScheduler     0x08002f3b    0x4e  Code  Gb  tasks.o [1]
vTaskSuspendAll         0x08002f89    0x10  Code  Gb  tasks.o [1]
vTaskSwitchContext      0x080031a9    0x66  Code  Gb  tasks.o [1]
vprintf                 0x080076d9    0x18  Code  Gb  vprintf.o [3]
vsprintf                0x08007725    0x2c  Code  Gb  vsprintf.o [3]
xBlockAllocatedBit      0x2000342c     0x4  Data  Lc  heap_4.o [1]
xDelayedTaskList1       0x2000335c    0x14  Data  Lc  tasks.o [1]
xDelayedTaskList2       0x20003370    0x14  Data  Lc  tasks.o [1]
xFreeBytesRemaining     0x20003424     0x4  Data  Lc  heap_4.o [1]
xHeapStructSize         0x08008a20     0x4  Data  Lc  heap_4.o [1]
xMinimumEverFreeBytesRemaining
                        0x20003428     0x4  Data  Lc  heap_4.o [1]
xNextTaskUnblockTime    0x20000144     0x4  Data  Lc  tasks.o [1]
xNumOfOverflows         0x2000346c     0x4  Data  Lc  tasks.o [1]
xPendingReadyList       0x20003384    0x14  Data  Lc  tasks.o [1]
xPortStartScheduler     0x08003ab5    0x88  Code  Gb  port.o [1]
xPortSysTickHandler     0x08003ba9    0x1e  Code  Gb  port.o [1]
xQueueCreateCountingSemaphore
                        0x08005cbd    0x32  Code  Gb  queue.o [1]
xQueueCreateMutex       0x08005c57    0x66  Code  Gb  queue.o [1]
xQueueGenericCreate     0x08005bff    0x58  Code  Gb  queue.o [1]
xQueueGenericReceive    0x08005f61   0x154  Code  Gb  queue.o [1]
xQueueGenericReset      0x08005b89    0x76  Code  Gb  queue.o [1]
xQueueGenericSend       0x08005cef   0x13c  Code  Gb  queue.o [1]
xQueueGenericSendFromISR
                        0x08005e2b    0xaa  Code  Gb  queue.o [1]
xQueueGiveFromISR       0x08005ed5    0x8c  Code  Gb  queue.o [1]
xQueueReceiveFromISR    0x080060b5    0x86  Code  Gb  queue.o [1]
xSchedulerRunning       0x20003460     0x4  Data  Lc  tasks.o [1]
xStart                  0x200033c8     0x8  Data  Lc  heap_4.o [1]
xSuspendedTaskList      0x200033ac    0x14  Data  Lc  tasks.o [1]
xTaskCheckForTimeOut    0x08003319    0x6c  Code  Gb  tasks.o [1]
xTaskGenericCreate      0x08002d89   0x14a  Code  Gb  tasks.o [1]
xTaskGenericNotify      0x080037f9    0xba  Code  Gb  tasks.o [1]
xTaskGetCurrentTaskHandle
                        0x080035a1     0x8  Code  Gb  tasks.o [1]
xTaskGetSchedulerState  0x080035a9    0x20  Code  Gb  tasks.o [1]
xTaskGetTickCount       0x0800307d     0x8  Code  Gb  tasks.o [1]
xTaskGetTickCountFromISR
                        0x08003085    0x10  Code  Gb  tasks.o [1]
xTaskIncrementTick      0x08003095   0x114  Code  Gb  tasks.o [1]
xTaskNotifyFromISR      0x080038b9    0xf0  Code  Gb  tasks.o [1]
xTaskNotifyWait         0x08003739    0xbc  Code  Gb  tasks.o [1]
xTaskPriorityDisinherit
                        0x08003673    0xa0  Code  Gb  tasks.o [1]
xTaskRemoveFromEventList
                        0x08003271    0x70  Code  Gb  tasks.o [1]
xTaskResumeAll          0x08002f99    0xe4  Code  Gb  tasks.o [1]
xTasksWaitingTermination
                        0x20003398    0x14  Data  Lc  tasks.o [1]
xTickCount              0x20003458     0x4  Data  Lc  tasks.o [1]
xYieldPending           0x20003468     0x4  Data  Lc  tasks.o [1]


[1] = D:\HargicStudio\Stm32f103c8_demo\f103c8_freeRTOS\Projects\STM32F103RB-Nucleo\Applications\FoodStuff\FreeRTOS_ThreadCreation\EWARM\STM32F103RB_Nucleo\Obj
[2] = command line
[3] = dl7M_tlf.a
[4] = m7M_tl.a
[5] = rt7M_tl.a
[6] = shb_l.a

  33 022 bytes of readonly  code memory
   2 558 bytes of readonly  data memory
  15 487 bytes of readwrite data memory

Errors: none
Warnings: none
